/home/miller/CMSIS-Repo/STM32Cube_FW_F4_V1.27.0/Drivers/CMSIS/Core/Include/core_cm4.h:1688:22:__NVIC_EnableIRQ	16	static
/home/miller/CMSIS-Repo/STM32Cube_FW_F4_V1.27.0/Drivers/CMSIS/Core/Include/core_cm4.h:1816:22:__NVIC_SetPriority	16	static
../Src/AdcDriver.c:15:6:adc_ConfigMultichannel	32	static,ignoring_inline_asm
../Src/AdcDriver.c:148:6:adc_Config	24	static,ignoring_inline_asm
../Src/AdcDriver.c:255:6:startSingleADC	4	static
../Src/AdcDriver.c:274:6:startContinousADC	4	static
../Src/AdcDriver.c:289:10:getADC	4	static
../Src/AdcDriver.c:298:6:ADC_IRQHandler	8	static
../Src/AdcDriver.c:312:29:adcComplete_Callback	4	static,ignoring_inline_asm
../Src/AdcDriver.c:321:6:configAnalogPin	16	static
