/home/miller/CMSIS-Repo/STM32Cube_FW_F4_V1.27.0/Drivers/CMSIS/Core/Include/core_cm4.h:1688:22:__NVIC_EnableIRQ	16	static
../Src/BasicTimer.c:31:6:BasicTimer_Config	16	static,ignoring_inline_asm
../Src/BasicTimer.c:131:28:BasicTimer2_Callback	4	static,ignoring_inline_asm
../Src/BasicTimer.c:138:28:BasicTimer3_Callback	4	static,ignoring_inline_asm
../Src/BasicTimer.c:145:28:BasicTimer4_Callback	4	static,ignoring_inline_asm
../Src/BasicTimer.c:152:28:BasicTimer5_Callback	4	static,ignoring_inline_asm
../Src/BasicTimer.c:170:6:TIM2_IRQHandler	8	static
../Src/BasicTimer.c:179:6:TIM3_IRQHandler	8	static
../Src/BasicTimer.c:188:6:TIM4_IRQHandler	8	static
../Src/BasicTimer.c:197:6:TIM5_IRQHandler	8	static
