/home/miller/CMSIS-Repo/STM32Cube_FW_F4_V1.27.0/Drivers/CMSIS/Core/Include/core_cm4.h:1688:22:__NVIC_EnableIRQ	16	static
../Src/ExtiDriver.c:12:6:extInt_Config	16	static,ignoring_inline_asm
../Src/ExtiDriver.c:884:29:callback_extInt0	4	static,ignoring_inline_asm
../Src/ExtiDriver.c:887:29:callback_extInt1	4	static,ignoring_inline_asm
../Src/ExtiDriver.c:890:29:callback_extInt2	4	static,ignoring_inline_asm
../Src/ExtiDriver.c:893:29:callback_extInt3	4	static,ignoring_inline_asm
../Src/ExtiDriver.c:896:29:callback_extInt4	4	static,ignoring_inline_asm
../Src/ExtiDriver.c:899:29:callback_extInt5	4	static,ignoring_inline_asm
../Src/ExtiDriver.c:902:29:callback_extInt6	4	static,ignoring_inline_asm
../Src/ExtiDriver.c:905:29:callback_extInt7	4	static,ignoring_inline_asm
../Src/ExtiDriver.c:908:29:callback_extInt8	4	static,ignoring_inline_asm
../Src/ExtiDriver.c:911:29:callback_extInt9	4	static,ignoring_inline_asm
../Src/ExtiDriver.c:914:29:callback_extInt10	4	static,ignoring_inline_asm
../Src/ExtiDriver.c:917:29:callback_extInt11	4	static,ignoring_inline_asm
../Src/ExtiDriver.c:920:29:callback_extInt12	4	static,ignoring_inline_asm
../Src/ExtiDriver.c:923:29:callback_extInt13	4	static,ignoring_inline_asm
../Src/ExtiDriver.c:926:29:callback_extInt14	4	static,ignoring_inline_asm
../Src/ExtiDriver.c:929:29:callback_extInt15	4	static,ignoring_inline_asm
../Src/ExtiDriver.c:935:6:EXTI0_IRQHandler	8	static
../Src/ExtiDriver.c:943:6:EXTI1_IRQHandler	8	static
../Src/ExtiDriver.c:951:6:EXTI2_IRQHandler	8	static
../Src/ExtiDriver.c:959:6:EXTI3_IRQHandler	8	static
../Src/ExtiDriver.c:967:6:EXTI4_IRQHandler	8	static
../Src/ExtiDriver.c:979:6:EXTI9_5_IRQHandler	8	static
../Src/ExtiDriver.c:1006:6:EXTI15_10_IRQHandler	8	static
