/home/miller/CMSIS-Repo/STM32Cube_FW_F4_V1.27.0/Drivers/CMSIS/Core/Include/core_cm4.h:1688:22:__NVIC_EnableIRQ	16	static
../Src/USARTxDriver.c:32:6:USART_Config	16	static,ignoring_inline_asm
../Src/USARTxDriver.c:379:5:writeChar	16	static,ignoring_inline_asm
../Src/USARTxDriver.c:388:5:writeCharTXE	16	static
../Src/USARTxDriver.c:396:6:writeMsg	24	static
../Src/USARTxDriver.c:405:6:writeMsgTXE	16	static
../Src/USARTxDriver.c:412:6:usart1Tx_Char	4	static
../Src/USARTxDriver.c:418:6:usart2Tx_Char	4	static
../Src/USARTxDriver.c:424:6:usart6Tx_Char	4	static
../Src/USARTxDriver.c:430:6:usart1Tx_String	4	static
../Src/USARTxDriver.c:444:6:usart2Tx_String	4	static
../Src/USARTxDriver.c:457:6:usart6Tx_String	4	static
../Src/USARTxDriver.c:470:9:getRxData	4	static
../Src/USARTxDriver.c:477:6:USART1_IRQHandler	8	static,ignoring_inline_asm
../Src/USARTxDriver.c:498:6:USART2_IRQHandler	8	static,ignoring_inline_asm
../Src/USARTxDriver.c:519:6:USART6_IRQHandler	8	static,ignoring_inline_asm
../Src/USARTxDriver.c:541:28:usart1Rx_Callback	4	static,ignoring_inline_asm
../Src/USARTxDriver.c:547:28:usart2Rx_Callback	4	static,ignoring_inline_asm
../Src/USARTxDriver.c:553:28:usart6Rx_Callback	4	static,ignoring_inline_asm
