01:05:02 **** Incremental Build of configuration Debug for project Ejemplo LED ****
make -j8 all 
arm-none-eabi-gcc "../Src/main.c" -mcpu=cortex-m4 -std=gnu11 -g3 -DDEBUG -DNUCLEO_F411RE -DSTM32 -DSTM32F4 -DSTM32F411RETx -DSTM32F411xE=1 -c -I../Inc -I"/home/miller/Documentos/GitHub/TestRobotics/FreeRTOS_Workspace/Ejemplo LED/ThirdParty/FreeRTOS/include" -I"/home/miller/Documentos/GitHub/TestRobotics/FreeRTOS_Workspace/Ejemplo LED/ThirdParty/FreeRTOS/portable/GCC/ARM_CM4F" -I"/home/miller/Documentos/GitHub/TestRobotics/FreeRTOS_Workspace/Ejemplo LED/ThirdParty/SEGGER/Config" -I"/home/miller/Documentos/GitHub/TestRobotics/FreeRTOS_Workspace/Ejemplo LED/ThirdParty/SEGGER/OS" -I"/home/miller/Documentos/GitHub/TestRobotics/FreeRTOS_Workspace/Ejemplo LED/ThirdParty/SEGGER/SEGGER" -I"/home/miller/Documentos/GitHub/TestRobotics/FreeRTOS_Workspace/STM32Cube_FW_F4_V1.27.0/Drivers/CMSIS/Core/Include" -I"/home/miller/Documentos/GitHub/TestRobotics/FreeRTOS_Workspace/STM32Cube_FW_F4_V1.27.0/Drivers/CMSIS/Device/ST/STM32F4xx/Include" -I"/home/miller/Documentos/GitHub/TestRobotics/FreeRTOS_Workspace/PeripheralDrivers/Inc" -O0 -ffunction-sections -fdata-sections -Wall -fstack-usage -MMD -MP -MF"Src/main.d" -MT"Src/main.o" --specs=nano.specs -mfpu=fpv4-sp-d16 -mfloat-abi=hard -mthumb -o "Src/main.o"
arm-none-eabi-gcc -o "Ejemplo LED.elf" @"objects.list"  -lPeripheralDrivers -mcpu=cortex-m4 -T"/home/miller/Documentos/GitHub/TestRobotics/FreeRTOS_Workspace/Ejemplo LED/STM32F411RETX_FLASH.ld" --specs=nosys.specs -Wl,-Map="Ejemplo LED.map" -Wl,--gc-sections -static -L"/home/miller/Documentos/GitHub/TestRobotics/FreeRTOS_Workspace/PeripheralDrivers/Debug" --specs=nano.specs -mfpu=fpv4-sp-d16 -mfloat-abi=hard -mthumb -Wl,--start-group -lc -lm -Wl,--end-group
Finished building target: Ejemplo LED.elf
 
arm-none-eabi-size   Ejemplo\ LED.elf 
arm-none-eabi-objdump -h -S  Ejemplo\ LED.elf  > "Ejemplo LED.list"
   text	   data	    bss	    dec	    hex	filename
  19348	     20	  84572	 103940	  19604	Ejemplo LED.elf
Finished building: default.size.stdout
 
Finished building: Ejemplo LED.list
 

01:05:03 Build Finished. 0 errors, 0 warnings. (took 525ms)

