Archive member included to satisfy reference by file (symbol)

/home/miller/Documentos/GitHub/MillerQuintero_Tareas_Proyectos_Taller_5/PeripheralDrivers/Debug/libPeripheralDrivers.a(GPIOxDriver.o)
                              ./Src/main.o (GPIO_Config)
/opt/st/stm32cubeide_1.10.1/plugins/com.st.stm32cube.ide.mcu.externaltools.gnu-tools-for-stm32.10.3-2021.10.linux64_1.0.0.202111181127/tools/bin/../lib/gcc/arm-none-eabi/10.3.1/../../../../arm-none-eabi/lib/thumb/v7e-m+fp/hard/libc_nano.a(lib_a-errno.o)
                              ./Src/syscalls.o (__errno)
/opt/st/stm32cubeide_1.10.1/plugins/com.st.stm32cube.ide.mcu.externaltools.gnu-tools-for-stm32.10.3-2021.10.linux64_1.0.0.202111181127/tools/bin/../lib/gcc/arm-none-eabi/10.3.1/../../../../arm-none-eabi/lib/thumb/v7e-m+fp/hard/libc_nano.a(lib_a-exit.o)
                              /opt/st/stm32cubeide_1.10.1/plugins/com.st.stm32cube.ide.mcu.externaltools.gnu-tools-for-stm32.10.3-2021.10.linux64_1.0.0.202111181127/tools/bin/../lib/gcc/arm-none-eabi/10.3.1/../../../../arm-none-eabi/lib/thumb/v7e-m+fp/hard/crt0.o (exit)
/opt/st/stm32cubeide_1.10.1/plugins/com.st.stm32cube.ide.mcu.externaltools.gnu-tools-for-stm32.10.3-2021.10.linux64_1.0.0.202111181127/tools/bin/../lib/gcc/arm-none-eabi/10.3.1/../../../../arm-none-eabi/lib/thumb/v7e-m+fp/hard/libc_nano.a(lib_a-impure.o)
                              /opt/st/stm32cubeide_1.10.1/plugins/com.st.stm32cube.ide.mcu.externaltools.gnu-tools-for-stm32.10.3-2021.10.linux64_1.0.0.202111181127/tools/bin/../lib/gcc/arm-none-eabi/10.3.1/../../../../arm-none-eabi/lib/thumb/v7e-m+fp/hard/libc_nano.a(lib_a-exit.o) (_global_impure_ptr)
/opt/st/stm32cubeide_1.10.1/plugins/com.st.stm32cube.ide.mcu.externaltools.gnu-tools-for-stm32.10.3-2021.10.linux64_1.0.0.202111181127/tools/bin/../lib/gcc/arm-none-eabi/10.3.1/../../../../arm-none-eabi/lib/thumb/v7e-m+fp/hard/libc_nano.a(lib_a-init.o)
                              /opt/st/stm32cubeide_1.10.1/plugins/com.st.stm32cube.ide.mcu.externaltools.gnu-tools-for-stm32.10.3-2021.10.linux64_1.0.0.202111181127/tools/bin/../lib/gcc/arm-none-eabi/10.3.1/../../../../arm-none-eabi/lib/thumb/v7e-m+fp/hard/crt0.o (__libc_init_array)
/opt/st/stm32cubeide_1.10.1/plugins/com.st.stm32cube.ide.mcu.externaltools.gnu-tools-for-stm32.10.3-2021.10.linux64_1.0.0.202111181127/tools/bin/../lib/gcc/arm-none-eabi/10.3.1/../../../../arm-none-eabi/lib/thumb/v7e-m+fp/hard/libc_nano.a(lib_a-memcmp.o)
                              ./ThirdParty/SEGGER/OS/SEGGER_SYSVIEW_FreeRTOS.o (memcmp)
/opt/st/stm32cubeide_1.10.1/plugins/com.st.stm32cube.ide.mcu.externaltools.gnu-tools-for-stm32.10.3-2021.10.linux64_1.0.0.202111181127/tools/bin/../lib/gcc/arm-none-eabi/10.3.1/../../../../arm-none-eabi/lib/thumb/v7e-m+fp/hard/libc_nano.a(lib_a-memcpy-stub.o)
                              ./ThirdParty/FreeRTOS/queue.o (memcpy)
/opt/st/stm32cubeide_1.10.1/plugins/com.st.stm32cube.ide.mcu.externaltools.gnu-tools-for-stm32.10.3-2021.10.linux64_1.0.0.202111181127/tools/bin/../lib/gcc/arm-none-eabi/10.3.1/../../../../arm-none-eabi/lib/thumb/v7e-m+fp/hard/libc_nano.a(lib_a-memset.o)
                              /opt/st/stm32cubeide_1.10.1/plugins/com.st.stm32cube.ide.mcu.externaltools.gnu-tools-for-stm32.10.3-2021.10.linux64_1.0.0.202111181127/tools/bin/../lib/gcc/arm-none-eabi/10.3.1/../../../../arm-none-eabi/lib/thumb/v7e-m+fp/hard/crt0.o (memset)
/opt/st/stm32cubeide_1.10.1/plugins/com.st.stm32cube.ide.mcu.externaltools.gnu-tools-for-stm32.10.3-2021.10.linux64_1.0.0.202111181127/tools/bin/../lib/gcc/arm-none-eabi/10.3.1/../../../../arm-none-eabi/lib/thumb/v7e-m+fp/hard/libc_nano.a(lib_a-strlen.o)
                              ./ThirdParty/SEGGER/SEGGER/SEGGER_RTT.o (strlen)

Discarded input sections

 .text          0x0000000000000000        0x0 /opt/st/stm32cubeide_1.10.1/plugins/com.st.stm32cube.ide.mcu.externaltools.gnu-tools-for-stm32.10.3-2021.10.linux64_1.0.0.202111181127/tools/bin/../lib/gcc/arm-none-eabi/10.3.1/thumb/v7e-m+fp/hard/crti.o
 .data          0x0000000000000000        0x0 /opt/st/stm32cubeide_1.10.1/plugins/com.st.stm32cube.ide.mcu.externaltools.gnu-tools-for-stm32.10.3-2021.10.linux64_1.0.0.202111181127/tools/bin/../lib/gcc/arm-none-eabi/10.3.1/thumb/v7e-m+fp/hard/crti.o
 .bss           0x0000000000000000        0x0 /opt/st/stm32cubeide_1.10.1/plugins/com.st.stm32cube.ide.mcu.externaltools.gnu-tools-for-stm32.10.3-2021.10.linux64_1.0.0.202111181127/tools/bin/../lib/gcc/arm-none-eabi/10.3.1/thumb/v7e-m+fp/hard/crti.o
 .data          0x0000000000000000        0x4 /opt/st/stm32cubeide_1.10.1/plugins/com.st.stm32cube.ide.mcu.externaltools.gnu-tools-for-stm32.10.3-2021.10.linux64_1.0.0.202111181127/tools/bin/../lib/gcc/arm-none-eabi/10.3.1/thumb/v7e-m+fp/hard/crtbegin.o
[...]
Memory Configuration

Name             Origin             Length             Attributes
RAM              0x0000000020000000 0x0000000000020000 xrw
FLASH            0x0000000008000000 0x0000000000080000 xr
*default*        0x0000000000000000 0xffffffffffffffff

Linker script and memory map

LOAD /opt/st/stm32cubeide_1.10.1/plugins/com.st.stm32cube.ide.mcu.externaltools.gnu-tools-for-stm32.10.3-2021.10.linux64_1.0.0.202111181127/tools/bin/../lib/gcc/arm-none-eabi/10.3.1/thumb/v7e-m+fp/hard/crti.o
LOAD /opt/st/stm32cubeide_1.10.1/plugins/com.st.stm32cube.ide.mcu.externaltools.gnu-tools-for-stm32.10.3-2021.10.linux64_1.0.0.202111181127/tools/bin/../lib/gcc/arm-none-eabi/10.3.1/thumb/v7e-m+fp/hard/crtbegin.o
LOAD /opt/st/stm32cubeide_1.10.1/plugins/com.st.stm32cube.ide.mcu.externaltools.gnu-tools-for-stm32.10.3-2021.10.linux64_1.0.0.202111181127/tools/bin/../lib/gcc/arm-none-eabi/10.3.1/../../../../arm-none-eabi/lib/thumb/v7e-m+fp/hard/crt0.o
LOAD ./Src/main.o
LOAD ./Src/syscalls.o
LOAD ./Src/sysmem.o
LOAD ./Startup/startup_stm32f411retx.o
LOAD ./ThirdParty/FreeRTOS/croutine.o
LOAD ./ThirdParty/FreeRTOS/event_groups.o
LOAD ./ThirdParty/FreeRTOS/list.o
LOAD ./ThirdParty/FreeRTOS/queue.o
LOAD ./ThirdParty/FreeRTOS/stream_buffer.o
LOAD ./ThirdParty/FreeRTOS/tasks.o
LOAD ./ThirdParty/FreeRTOS/timers.o
LOAD ./ThirdParty/FreeRTOS/portable/GCC/ARM_CM4F/port.o
LOAD ./ThirdParty/FreeRTOS/portable/MemMang/heap_4.o
LOAD ./ThirdParty/SEGGER/Config/SEGGER_SYSVIEW_Config_FreeRTOS.o
LOAD ./ThirdParty/SEGGER/OS/SEGGER_SYSVIEW_FreeRTOS.o
LOAD ./ThirdParty/SEGGER/SEGGER/SEGGER_RTT.o
LOAD ./ThirdParty/SEGGER/SEGGER/SEGGER_RTT_ASM_ARMv7M.o
LOAD ./ThirdParty/SEGGER/SEGGER/SEGGER_RTT_printf.o
LOAD ./ThirdParty/SEGGER/SEGGER/SEGGER_SYSVIEW.o
LOAD ./ThirdParty/SEGGER/SEGGER/Syscalls/SEGGER_RTT_Syscalls_GCC.o
LOAD /home/miller/Documentos/GitHub/MillerQuintero_Tareas_Proyectos_Taller_5/PeripheralDrivers/Debug/libPeripheralDrivers.a
START GROUP
LOAD /opt/st/stm32cubeide_1.10.1/plugins/com.st.stm32cube.ide.mcu.externaltools.gnu-tools-for-stm32.10.3-2021.10.linux64_1.0.0.202111181127/tools/bin/../lib/gcc/arm-none-eabi/10.3.1/../../../../arm-none-eabi/lib/thumb/v7e-m+fp/hard/libc_nano.a
LOAD /opt/st/stm32cubeide_1.10.1/plugins/com.st.stm32cube.ide.mcu.externaltools.gnu-tools-for-stm32.10.3-2021.10.linux64_1.0.0.202111181127/tools/bin/../lib/gcc/arm-none-eabi/10.3.1/../../../../arm-none-eabi/lib/thumb/v7e-m+fp/hard/libm.a
END GROUP
START GROUP
LOAD /opt/st/stm32cubeide_1.10.1/plugins/com.st.stm32cube.ide.mcu.externaltools.gnu-tools-for-stm32.10.3-2021.10.linux64_1.0.0.202111181127/tools/bin/../lib/gcc/arm-none-eabi/10.3.1/thumb/v7e-m+fp/hard/libgcc.a
LOAD /opt/st/stm32cubeide_1.10.1/plugins/com.st.stm32cube.ide.mcu.externaltools.gnu-tools-for-stm32.10.3-2021.10.linux64_1.0.0.202111181127/tools/bin/../lib/gcc/arm-none-eabi/10.3.1/../../../../arm-none-eabi/lib/thumb/v7e-m+fp/hard/libc_nano.a
END GROUP
START GROUP
LOAD /opt/st/stm32cubeide_1.10.1/plugins/com.st.stm32cube.ide.mcu.externaltools.gnu-tools-for-stm32.10.3-2021.10.linux64_1.0.0.202111181127/tools/bin/../lib/gcc/arm-none-eabi/10.3.1/thumb/v7e-m+fp/hard/libgcc.a
LOAD /opt/st/stm32cubeide_1.10.1/plugins/com.st.stm32cube.ide.mcu.externaltools.gnu-tools-for-stm32.10.3-2021.10.linux64_1.0.0.202111181127/tools/bin/../lib/gcc/arm-none-eabi/10.3.1/../../../../arm-none-eabi/lib/thumb/v7e-m+fp/hard/libc_nano.a
LOAD /opt/st/stm32cubeide_1.10.1/plugins/com.st.stm32cube.ide.mcu.externaltools.gnu-tools-for-stm32.10.3-2021.10.linux64_1.0.0.202111181127/tools/bin/../lib/gcc/arm-none-eabi/10.3.1/../../../../arm-none-eabi/lib/thumb/v7e-m+fp/hard/libnosys.a
END GROUP
START GROUP
LOAD /opt/st/stm32cubeide_1.10.1/plugins/com.st.stm32cube.ide.mcu.externaltools.gnu-tools-for-stm32.10.3-2021.10.linux64_1.0.0.202111181127/tools/bin/../lib/gcc/arm-none-eabi/10.3.1/thumb/v7e-m+fp/hard/libgcc.a
LOAD /opt/st/stm32cubeide_1.10.1/plugins/com.st.stm32cube.ide.mcu.externaltools.gnu-tools-for-stm32.10.3-2021.10.linux64_1.0.0.202111181127/tools/bin/../lib/gcc/arm-none-eabi/10.3.1/../../../../arm-none-eabi/lib/thumb/v7e-m+fp/hard/libc_nano.a
LOAD /opt/st/stm32cubeide_1.10.1/plugins/com.st.stm32cube.ide.mcu.externaltools.gnu-tools-for-stm32.10.3-2021.10.linux64_1.0.0.202111181127/tools/bin/../lib/gcc/arm-none-eabi/10.3.1/../../../../arm-none-eabi/lib/thumb/v7e-m+fp/hard/libnosys.a
END GROUP
LOAD /opt/st/stm32cubeide_1.10.1/plugins/com.st.stm32cube.ide.mcu.externaltools.gnu-tools-for-stm32.10.3-2021.10.linux64_1.0.0.202111181127/tools/bin/../lib/gcc/arm-none-eabi/10.3.1/thumb/v7e-m+fp/hard/crtend.o
LOAD /opt/st/stm32cubeide_1.10.1/plugins/com.st.stm32cube.ide.mcu.externaltools.gnu-tools-for-stm32.10.3-2021.10.linux64_1.0.0.202111181127/tools/bin/../lib/gcc/arm-none-eabi/10.3.1/thumb/v7e-m+fp/hard/crtn.o
                0x0000000020020000                _estack = (ORIGIN (RAM) + LENGTH (RAM))
                0x0000000000000200                _Min_Heap_Size = 0x200
                0x0000000000000400                _Min_Stack_Size = 0x400

.isr_vector     0x0000000008000000      0x198
                0x0000000008000000                . = ALIGN (0x4)
 *(.isr_vector)
 .isr_vector    0x0000000008000000      0x198 ./Startup/startup_stm32f411retx.o
                0x0000000008000000                g_pfnVectors
                0x0000000008000198                . = ALIGN (0x4)

.text           0x00000000080001a0     0x4938
                0x00000000080001a0                . = ALIGN (0x4)
 *(.text)
 .text          0x00000000080001a0       0x40 /opt/st/stm32cubeide_1.10.1/plugins/com.st.stm32cube.ide.mcu.externaltools.gnu-tools-for-stm32.10.3-2021.10.linux64_1.0.0.202111181127/tools/bin/../lib/gcc/arm-none-eabi/10.3.1/thumb/v7e-m+fp/hard/crtbegin.o
 .text          0x00000000080001e0       0x94 ./ThirdParty/SEGGER/SEGGER/SEGGER_RTT_ASM_ARMv7M.o
                0x00000000080001e0                SEGGER_RTT_ASM_WriteSkipNoLock
 *(.text*)
 .text.main     0x0000000008000274       0xc4 ./Src/main.o
                0x0000000008000274                main
 .text.initSystem
                0x0000000008000338       0x5c ./Src/main.o
                0x0000000008000338                initSystem
 .text.vTask_Blink_Led
                0x0000000008000394       0x54 ./Src/main.o
                0x0000000008000394                vTask_Blink_Led
 .text.vTaskTwo
                0x00000000080003e8       0x4c ./Src/main.o
                0x00000000080003e8                vTaskTwo
 .text.Reset_Handler
                0x0000000008000434       0x50 ./Startup/startup_stm32f411retx.o
                0x0000000008000434                Reset_Handler
 .text.Default_Handler
                0x0000000008000484        0x2 ./Startup/startup_stm32f411retx.o
                0x0000000008000484                RTC_Alarm_IRQHandler
                0x0000000008000484                EXTI2_IRQHandler
                0x0000000008000484                DebugMon_Handler
                0x0000000008000484                SPI4_IRQHandler
                0x0000000008000484                TIM1_CC_IRQHandler
                0x0000000008000484                DMA2_Stream5_IRQHandler
                0x0000000008000484                HardFault_Handler
                0x0000000008000484                DMA1_Stream5_IRQHandler
                0x0000000008000484                PVD_IRQHandler
                0x0000000008000484                SDIO_IRQHandler
                0x0000000008000484                TAMP_STAMP_IRQHandler
                0x0000000008000484                NMI_Handler
                0x0000000008000484                EXTI3_IRQHandler
                0x0000000008000484                TIM1_UP_TIM10_IRQHandler
                0x0000000008000484                I2C3_ER_IRQHandler
                0x0000000008000484                EXTI0_IRQHandler
                0x0000000008000484                I2C2_EV_IRQHandler
                0x0000000008000484                DMA1_Stream2_IRQHandler
                0x0000000008000484                FPU_IRQHandler
                0x0000000008000484                UsageFault_Handler
                0x0000000008000484                DMA2_Stream2_IRQHandler
                0x0000000008000484                SPI1_IRQHandler
                0x0000000008000484                TIM1_BRK_TIM9_IRQHandler
                0x0000000008000484                DMA2_Stream3_IRQHandler
                0x0000000008000484                USART6_IRQHandler
                0x0000000008000484                DMA2_Stream0_IRQHandler
                0x0000000008000484                TIM4_IRQHandler
                0x0000000008000484                I2C1_EV_IRQHandler
                0x0000000008000484                DMA1_Stream6_IRQHandler
                0x0000000008000484                DMA1_Stream1_IRQHandler
                0x0000000008000484                TIM3_IRQHandler
                0x0000000008000484                RCC_IRQHandler
                0x0000000008000484                Default_Handler
                0x0000000008000484                EXTI15_10_IRQHandler
                0x0000000008000484                ADC_IRQHandler
                0x0000000008000484                DMA1_Stream7_IRQHandler
                0x0000000008000484                SPI5_IRQHandler
                0x0000000008000484                TIM5_IRQHandler
                0x0000000008000484                DMA2_Stream7_IRQHandler
                0x0000000008000484                I2C3_EV_IRQHandler
                0x0000000008000484                EXTI9_5_IRQHandler
                0x0000000008000484                RTC_WKUP_IRQHandler
                0x0000000008000484                SPI2_IRQHandler
                0x0000000008000484                MemManage_Handler
                0x0000000008000484                DMA1_Stream0_IRQHandler
                0x0000000008000484                EXTI4_IRQHandler
                0x0000000008000484                WWDG_IRQHandler
                0x0000000008000484                TIM2_IRQHandler
                0x0000000008000484                OTG_FS_WKUP_IRQHandler
                0x0000000008000484                TIM1_TRG_COM_TIM11_IRQHandler
                0x0000000008000484                EXTI1_IRQHandler
                0x0000000008000484                USART2_IRQHandler
                0x0000000008000484                I2C2_ER_IRQHandler
                0x0000000008000484                DMA2_Stream1_IRQHandler
                0x0000000008000484                FLASH_IRQHandler
                0x0000000008000484                DMA2_Stream4_IRQHandler
                0x0000000008000484                BusFault_Handler
                0x0000000008000484                USART1_IRQHandler
                0x0000000008000484                OTG_FS_IRQHandler
                0x0000000008000484                SPI3_IRQHandler
                0x0000000008000484                DMA1_Stream4_IRQHandler
                0x0000000008000484                I2C1_ER_IRQHandler
                0x0000000008000484                DMA2_Stream6_IRQHandler
                0x0000000008000484                DMA1_Stream3_IRQHandler
 .text.vListInitialise
                0x0000000008000486       0x40 ./ThirdParty/FreeRTOS/list.o
                0x0000000008000486                vListInitialise
 .text.vListInitialiseItem
                0x00000000080004c6       0x1a ./ThirdParty/FreeRTOS/list.o
                0x00000000080004c6                vListInitialiseItem
 .text.vListInsert
                0x00000000080004e0       0x72 ./ThirdParty/FreeRTOS/list.o
                0x00000000080004e0                vListInsert
 .text.uxListRemove
                0x0000000008000552       0x54 ./ThirdParty/FreeRTOS/list.o
                0x0000000008000552                uxListRemove
 *fill*         0x00000000080005a6        0x2 
 .text.xQueueGenericReset
                0x00000000080005a8      0x120 ./ThirdParty/FreeRTOS/queue.o
                0x00000000080005a8                xQueueGenericReset
 .text.xQueueGenericCreate
                0x00000000080006c8       0x9c ./ThirdParty/FreeRTOS/queue.o
                0x00000000080006c8                xQueueGenericCreate
 .text.prvInitialiseNewQueue
                0x0000000008000764       0x52 ./ThirdParty/FreeRTOS/queue.o
 *fill*         0x00000000080007b6        0x2 
 .text.xQueueReceive
                0x00000000080007b8      0x220 ./ThirdParty/FreeRTOS/queue.o
                0x00000000080007b8                xQueueReceive
 .text.prvCopyDataFromQueue
                0x00000000080009d8       0x4c ./ThirdParty/FreeRTOS/queue.o
 .text.prvUnlockQueue
                0x0000000008000a24       0xa4 ./ThirdParty/FreeRTOS/queue.o
 .text.prvIsQueueEmpty
                0x0000000008000ac8       0x2c ./ThirdParty/FreeRTOS/queue.o
 .text.vQueueAddToRegistry
                0x0000000008000af4       0xac ./ThirdParty/FreeRTOS/queue.o
                0x0000000008000af4                vQueueAddToRegistry
 .text.vQueueWaitForMessageRestricted
                0x0000000008000ba0       0x68 ./ThirdParty/FreeRTOS/queue.o
                0x0000000008000ba0                vQueueWaitForMessageRestricted
 .text.xTaskCreate
                0x0000000008000c08       0x8c ./ThirdParty/FreeRTOS/tasks.o
                0x0000000008000c08                xTaskCreate
 .text.prvInitialiseNewTask
                0x0000000008000c94      0x11c ./ThirdParty/FreeRTOS/tasks.o
 .text.prvAddNewTaskToReadyList
                0x0000000008000db0      0x168 ./ThirdParty/FreeRTOS/tasks.o
 .text.vTaskDelay
                0x0000000008000f18       0x70 ./ThirdParty/FreeRTOS/tasks.o
                0x0000000008000f18                vTaskDelay
 .text.vTaskStartScheduler
                0x0000000008000f88       0xc4 ./ThirdParty/FreeRTOS/tasks.o
                0x0000000008000f88                vTaskStartScheduler
 .text.vTaskSuspendAll
                0x000000000800104c       0x1c ./ThirdParty/FreeRTOS/tasks.o
                0x000000000800104c                vTaskSuspendAll
 .text.xTaskResumeAll
                0x0000000008001068      0x200 ./ThirdParty/FreeRTOS/tasks.o
                0x0000000008001068                xTaskResumeAll
 .text.xTaskGetTickCount
                0x0000000008001268       0x20 ./ThirdParty/FreeRTOS/tasks.o
                0x0000000008001268                xTaskGetTickCount
 .text.xTaskGetTickCountFromISR
                0x0000000008001288       0x24 ./ThirdParty/FreeRTOS/tasks.o
                0x0000000008001288                xTaskGetTickCountFromISR
 .text.xTaskIncrementTick
                0x00000000080012ac      0x234 ./ThirdParty/FreeRTOS/tasks.o
                0x00000000080012ac                xTaskIncrementTick
 .text.vTaskSwitchContext
                0x00000000080014e0       0xd4 ./ThirdParty/FreeRTOS/tasks.o
                0x00000000080014e0                vTaskSwitchContext
 .text.vTaskPlaceOnEventList
                0x00000000080015b4       0x48 ./ThirdParty/FreeRTOS/tasks.o
                0x00000000080015b4                vTaskPlaceOnEventList
 .text.vTaskPlaceOnEventListRestricted
                0x00000000080015fc       0x90 ./ThirdParty/FreeRTOS/tasks.o
                0x00000000080015fc                vTaskPlaceOnEventListRestricted
 .text.xTaskRemoveFromEventList
                0x000000000800168c      0x1b0 ./ThirdParty/FreeRTOS/tasks.o
                0x000000000800168c                xTaskRemoveFromEventList
 .text.vTaskInternalSetTimeOutState
                0x000000000800183c       0x2c ./ThirdParty/FreeRTOS/tasks.o
                0x000000000800183c                vTaskInternalSetTimeOutState
 .text.xTaskCheckForTimeOut
                0x0000000008001868       0xcc ./ThirdParty/FreeRTOS/tasks.o
                0x0000000008001868                xTaskCheckForTimeOut
 .text.vTaskMissedYield
                0x0000000008001934       0x18 ./ThirdParty/FreeRTOS/tasks.o
                0x0000000008001934                vTaskMissedYield
 .text.prvIdleTask
                0x000000000800194c       0x30 ./ThirdParty/FreeRTOS/tasks.o
 .text.prvInitialiseTaskLists
                0x000000000800197c       0x80 ./ThirdParty/FreeRTOS/tasks.o
 .text.prvCheckTasksWaitingTermination
                0x00000000080019fc       0x5c ./ThirdParty/FreeRTOS/tasks.o
 .text.prvDeleteTCB
                0x0000000008001a58       0x20 ./ThirdParty/FreeRTOS/tasks.o
 .text.prvResetNextTaskUnblockTime
                0x0000000008001a78       0x38 ./ThirdParty/FreeRTOS/tasks.o
 .text.xTaskGetSchedulerState
                0x0000000008001ab0       0x3c ./ThirdParty/FreeRTOS/tasks.o
                0x0000000008001ab0                xTaskGetSchedulerState
 .text.xTaskGenericNotifyWait
                0x0000000008001aec      0x110 ./ThirdParty/FreeRTOS/tasks.o
                0x0000000008001aec                xTaskGenericNotifyWait
 .text.xTaskGenericNotify
                0x0000000008001bfc      0x268 ./ThirdParty/FreeRTOS/tasks.o
                0x0000000008001bfc                xTaskGenericNotify
 .text.prvAddCurrentTaskToDelayedList
                0x0000000008001e64      0x100 ./ThirdParty/FreeRTOS/tasks.o
 .text.xTimerCreateTimerTask
                0x0000000008001f64       0x64 ./ThirdParty/FreeRTOS/timers.o
                0x0000000008001f64                xTimerCreateTimerTask
 .text.prvReloadTimer
                0x0000000008001fc8       0x42 ./ThirdParty/FreeRTOS/timers.o
 *fill*         0x000000000800200a        0x2 
 .text.prvProcessExpiredTimer
                0x000000000800200c       0x60 ./ThirdParty/FreeRTOS/timers.o
 .text.prvTimerTask
                0x000000000800206c       0x24 ./ThirdParty/FreeRTOS/timers.o
 .text.prvProcessTimerOrBlockTask
                0x0000000008002090       0x9c ./ThirdParty/FreeRTOS/timers.o
 .text.prvGetNextExpireTime
                0x000000000800212c       0x48 ./ThirdParty/FreeRTOS/timers.o
 .text.prvSampleTimeNow
                0x0000000008002174       0x40 ./ThirdParty/FreeRTOS/timers.o
 .text.prvInsertTimerInActiveList
                0x00000000080021b4       0x84 ./ThirdParty/FreeRTOS/timers.o
 .text.prvProcessReceivedCommands
                0x0000000008002238      0x17c ./ThirdParty/FreeRTOS/timers.o
 .text.prvSwitchTimerLists
                0x00000000080023b4       0x4c ./ThirdParty/FreeRTOS/timers.o
 .text.prvCheckForValidListAndQueue
                0x0000000008002400       0x6c ./ThirdParty/FreeRTOS/timers.o
 .text.pxPortInitialiseStack
                0x000000000800246c       0x68 ./ThirdParty/FreeRTOS/portable/GCC/ARM_CM4F/port.o
                0x000000000800246c                pxPortInitialiseStack
 .text.prvTaskExitError
                0x00000000080024d4       0x58 ./ThirdParty/FreeRTOS/portable/GCC/ARM_CM4F/port.o
 *fill*         0x000000000800252c        0x4 
 .text.SVC_Handler
                0x0000000008002530       0x28 ./ThirdParty/FreeRTOS/portable/GCC/ARM_CM4F/port.o
                0x0000000008002530                SVC_Handler
 .text.prvPortStartFirstTask
                0x0000000008002558       0x2c ./ThirdParty/FreeRTOS/portable/GCC/ARM_CM4F/port.o
 .text.xPortStartScheduler
                0x0000000008002584      0x144 ./ThirdParty/FreeRTOS/portable/GCC/ARM_CM4F/port.o
                0x0000000008002584                xPortStartScheduler
 .text.vInitPrioGroupValue
                0x00000000080026c8       0xfc ./ThirdParty/FreeRTOS/portable/GCC/ARM_CM4F/port.o
                0x00000000080026c8                vInitPrioGroupValue
 .text.vPortEnterCritical
                0x00000000080027c4       0x60 ./ThirdParty/FreeRTOS/portable/GCC/ARM_CM4F/port.o
                0x00000000080027c4                vPortEnterCritical
 .text.vPortExitCritical
                0x0000000008002824       0x54 ./ThirdParty/FreeRTOS/portable/GCC/ARM_CM4F/port.o
                0x0000000008002824                vPortExitCritical
 *fill*         0x0000000008002878        0x8 
 .text.PendSV_Handler
                0x0000000008002880       0x68 ./ThirdParty/FreeRTOS/portable/GCC/ARM_CM4F/port.o
                0x0000000008002880                PendSV_Handler
 .text.SysTick_Handler
                0x00000000080028e8       0x54 ./ThirdParty/FreeRTOS/portable/GCC/ARM_CM4F/port.o
                0x00000000080028e8                SysTick_Handler
 .text.vPortSetupTimerInterrupt
                0x000000000800293c       0x48 ./ThirdParty/FreeRTOS/portable/GCC/ARM_CM4F/port.o
                0x000000000800293c                vPortSetupTimerInterrupt
 .text.vPortEnableVFP
                0x0000000008002984       0x18 ./ThirdParty/FreeRTOS/portable/GCC/ARM_CM4F/port.o
 .text.vPortValidateInterruptPriority
                0x000000000800299c       0x80 ./ThirdParty/FreeRTOS/portable/GCC/ARM_CM4F/port.o
                0x000000000800299c                vPortValidateInterruptPriority
 .text.pvPortMalloc
                0x0000000008002a1c      0x174 ./ThirdParty/FreeRTOS/portable/MemMang/heap_4.o
                0x0000000008002a1c                pvPortMalloc
 .text.vPortFree
                0x0000000008002b90       0xb8 ./ThirdParty/FreeRTOS/portable/MemMang/heap_4.o
                0x0000000008002b90                vPortFree
 .text.prvHeapInit
                0x0000000008002c48       0xb8 ./ThirdParty/FreeRTOS/portable/MemMang/heap_4.o
 .text.prvInsertBlockIntoFreeList
                0x0000000008002d00       0xb4 ./ThirdParty/FreeRTOS/portable/MemMang/heap_4.o
 .text._cbSendSystemDesc
                0x0000000008002db4       0x1c ./ThirdParty/SEGGER/Config/SEGGER_SYSVIEW_Config_FreeRTOS.o
 .text.SEGGER_SYSVIEW_Conf
                0x0000000008002dd0       0x2c ./ThirdParty/SEGGER/Config/SEGGER_SYSVIEW_Config_FreeRTOS.o
                0x0000000008002dd0                SEGGER_SYSVIEW_Conf
 .text._cbSendTaskList
                0x0000000008002dfc       0x90 ./ThirdParty/SEGGER/OS/SEGGER_SYSVIEW_FreeRTOS.o
 .text._cbGetTime
                0x0000000008002e8c       0x86 ./ThirdParty/SEGGER/OS/SEGGER_SYSVIEW_FreeRTOS.o
 *fill*         0x0000000008002f12        0x2 
 .text.SYSVIEW_AddTask
                0x0000000008002f14       0xd0 ./ThirdParty/SEGGER/OS/SEGGER_SYSVIEW_FreeRTOS.o
                0x0000000008002f14                SYSVIEW_AddTask
 .text.SYSVIEW_SendTaskInfo
                0x0000000008002fe4       0x42 ./ThirdParty/SEGGER/OS/SEGGER_SYSVIEW_FreeRTOS.o
                0x0000000008002fe4                SYSVIEW_SendTaskInfo
 *fill*         0x0000000008003026        0x2 
 .text._DoInit  0x0000000008003028       0xb0 ./ThirdParty/SEGGER/SEGGER/SEGGER_RTT.o
 .text.SEGGER_RTT_ReadNoLock
                0x00000000080030d8      0x10c ./ThirdParty/SEGGER/SEGGER/SEGGER_RTT.o
                0x00000000080030d8                SEGGER_RTT_ReadNoLock
 .text.SEGGER_RTT_AllocUpBuffer
                0x00000000080031e4      0x108 ./ThirdParty/SEGGER/SEGGER/SEGGER_RTT.o
                0x00000000080031e4                SEGGER_RTT_AllocUpBuffer
 .text.SEGGER_RTT_ConfigDownBuffer
                0x00000000080032ec       0xe0 ./ThirdParty/SEGGER/SEGGER/SEGGER_RTT.o
                0x00000000080032ec                SEGGER_RTT_ConfigDownBuffer
 .text._EncodeStr
                0x00000000080033cc       0x9a ./ThirdParty/SEGGER/SEGGER/SEGGER_SYSVIEW.o
 .text._PreparePacket
                0x0000000008003466       0x18 ./ThirdParty/SEGGER/SEGGER/SEGGER_SYSVIEW.o
 *fill*         0x000000000800347e        0x2 
 .text._HandleIncomingPacket
                0x0000000008003480       0xe4 ./ThirdParty/SEGGER/SEGGER/SEGGER_SYSVIEW.o
 .text._TrySendOverflowPacket
                0x0000000008003564       0xe4 ./ThirdParty/SEGGER/SEGGER/SEGGER_SYSVIEW.o
 .text._SendPacket
                0x0000000008003648      0x1cc ./ThirdParty/SEGGER/SEGGER/SEGGER_SYSVIEW.o
 .text.SEGGER_SYSVIEW_Init
                0x0000000008003814       0x88 ./ThirdParty/SEGGER/SEGGER/SEGGER_SYSVIEW.o
                0x0000000008003814                SEGGER_SYSVIEW_Init
 .text.SEGGER_SYSVIEW_SetRAMBase
                0x000000000800389c       0x20 ./ThirdParty/SEGGER/SEGGER/SEGGER_SYSVIEW.o
                0x000000000800389c                SEGGER_SYSVIEW_SetRAMBase
 .text.SEGGER_SYSVIEW_RecordVoid
                0x00000000080038bc       0x3c ./ThirdParty/SEGGER/SEGGER/SEGGER_SYSVIEW.o
                0x00000000080038bc                SEGGER_SYSVIEW_RecordVoid
 .text.SEGGER_SYSVIEW_RecordU32
                0x00000000080038f8       0x78 ./ThirdParty/SEGGER/SEGGER/SEGGER_SYSVIEW.o
                0x00000000080038f8                SEGGER_SYSVIEW_RecordU32
 .text.SEGGER_SYSVIEW_RecordU32x2
                0x0000000008003970       0xb4 ./ThirdParty/SEGGER/SEGGER/SEGGER_SYSVIEW.o
                0x0000000008003970                SEGGER_SYSVIEW_RecordU32x2
 .text.SEGGER_SYSVIEW_RecordU32x3
                0x0000000008003a24       0xec ./ThirdParty/SEGGER/SEGGER/SEGGER_SYSVIEW.o
                0x0000000008003a24                SEGGER_SYSVIEW_RecordU32x3
 .text.SEGGER_SYSVIEW_RecordU32x4
                0x0000000008003b10      0x124 ./ThirdParty/SEGGER/SEGGER/SEGGER_SYSVIEW.o
                0x0000000008003b10                SEGGER_SYSVIEW_RecordU32x4
 .text.SEGGER_SYSVIEW_Start
                0x0000000008003c34      0x174 ./ThirdParty/SEGGER/SEGGER/SEGGER_SYSVIEW.o
                0x0000000008003c34                SEGGER_SYSVIEW_Start
 .text.SEGGER_SYSVIEW_Stop
                0x0000000008003da8       0x4c ./ThirdParty/SEGGER/SEGGER/SEGGER_SYSVIEW.o
                0x0000000008003da8                SEGGER_SYSVIEW_Stop
 .text.SEGGER_SYSVIEW_GetSysDesc
                0x0000000008003df4      0x134 ./ThirdParty/SEGGER/SEGGER/SEGGER_SYSVIEW.o
                0x0000000008003df4                SEGGER_SYSVIEW_GetSysDesc
 .text.SEGGER_SYSVIEW_SendTaskInfo
                0x0000000008003f28      0x1c8 ./ThirdParty/SEGGER/SEGGER/SEGGER_SYSVIEW.o
                0x0000000008003f28                SEGGER_SYSVIEW_SendTaskInfo
 .text.SEGGER_SYSVIEW_SendTaskList
                0x00000000080040f0       0x28 ./ThirdParty/SEGGER/SEGGER/SEGGER_SYSVIEW.o
                0x00000000080040f0                SEGGER_SYSVIEW_SendTaskList
 .text.SEGGER_SYSVIEW_SendSysDesc
                0x0000000008004118       0x48 ./ThirdParty/SEGGER/SEGGER/SEGGER_SYSVIEW.o
                0x0000000008004118                SEGGER_SYSVIEW_SendSysDesc
 .text.SEGGER_SYSVIEW_RecordSystime
                0x0000000008004160       0x64 ./ThirdParty/SEGGER/SEGGER/SEGGER_SYSVIEW.o
                0x0000000008004160                SEGGER_SYSVIEW_RecordSystime
 .text.SEGGER_SYSVIEW_RecordEnterISR
                0x00000000080041c4       0x84 ./ThirdParty/SEGGER/SEGGER/SEGGER_SYSVIEW.o
                0x00000000080041c4                SEGGER_SYSVIEW_RecordEnterISR
 .text.SEGGER_SYSVIEW_RecordExitISR
                0x0000000008004248       0x38 ./ThirdParty/SEGGER/SEGGER/SEGGER_SYSVIEW.o
                0x0000000008004248                SEGGER_SYSVIEW_RecordExitISR
 .text.SEGGER_SYSVIEW_RecordExitISRToScheduler
                0x0000000008004280       0x38 ./ThirdParty/SEGGER/SEGGER/SEGGER_SYSVIEW.o
                0x0000000008004280                SEGGER_SYSVIEW_RecordExitISRToScheduler
 .text.SEGGER_SYSVIEW_OnIdle
                0x00000000080042b8       0x38 ./ThirdParty/SEGGER/SEGGER/SEGGER_SYSVIEW.o
                0x00000000080042b8                SEGGER_SYSVIEW_OnIdle
 .text.SEGGER_SYSVIEW_OnTaskCreate
                0x00000000080042f0       0x84 ./ThirdParty/SEGGER/SEGGER/SEGGER_SYSVIEW.o
                0x00000000080042f0                SEGGER_SYSVIEW_OnTaskCreate
 .text.SEGGER_SYSVIEW_OnTaskStartExec
                0x0000000008004374       0x84 ./ThirdParty/SEGGER/SEGGER/SEGGER_SYSVIEW.o
                0x0000000008004374                SEGGER_SYSVIEW_OnTaskStartExec
 .text.SEGGER_SYSVIEW_OnTaskStartReady
                0x00000000080043f8       0x84 ./ThirdParty/SEGGER/SEGGER/SEGGER_SYSVIEW.o
                0x00000000080043f8                SEGGER_SYSVIEW_OnTaskStartReady
 .text.SEGGER_SYSVIEW_ShrinkId
                0x000000000800447c       0x20 ./ThirdParty/SEGGER/SEGGER/SEGGER_SYSVIEW.o
                0x000000000800447c                SEGGER_SYSVIEW_ShrinkId
 .text.SEGGER_SYSVIEW_SendModule
                0x000000000800449c      0x100 ./ThirdParty/SEGGER/SEGGER/SEGGER_SYSVIEW.o
                0x000000000800449c                SEGGER_SYSVIEW_SendModule
 .text.SEGGER_SYSVIEW_SendModuleDescription
                0x000000000800459c       0x3c ./ThirdParty/SEGGER/SEGGER/SEGGER_SYSVIEW.o
                0x000000000800459c                SEGGER_SYSVIEW_SendModuleDescription
 .text.SEGGER_SYSVIEW_SendNumModules
                0x00000000080045d8       0x7c ./ThirdParty/SEGGER/SEGGER/SEGGER_SYSVIEW.o
                0x00000000080045d8                SEGGER_SYSVIEW_SendNumModules
 .text.SEGGER_SYSVIEW_Warn
                0x0000000008004654       0xb8 ./ThirdParty/SEGGER/SEGGER/SEGGER_SYSVIEW.o
                0x0000000008004654                SEGGER_SYSVIEW_Warn
 .text.GPIO_Config
                0x000000000800470c      0x254 /home/miller/Documentos/GitHub/MillerQuintero_Tareas_Proyectos_Taller_5/PeripheralDrivers/Debug/libPeripheralDrivers.a(GPIOxDriver.o)
                0x000000000800470c                GPIO_Config
 .text.GPIO_WritePin
                0x0000000008004960       0x56 /home/miller/Documentos/GitHub/MillerQuintero_Tareas_Proyectos_Taller_5/PeripheralDrivers/Debug/libPeripheralDrivers.a(GPIOxDriver.o)
                0x0000000008004960                GPIO_WritePin
 .text.GPIO_ReadPin
                0x00000000080049b6       0x48 /home/miller/Documentos/GitHub/MillerQuintero_Tareas_Proyectos_Taller_5/PeripheralDrivers/Debug/libPeripheralDrivers.a(GPIOxDriver.o)
                0x00000000080049b6                GPIO_ReadPin
 .text.GPIOxTooglePin
                0x00000000080049fe       0x2e /home/miller/Documentos/GitHub/MillerQuintero_Tareas_Proyectos_Taller_5/PeripheralDrivers/Debug/libPeripheralDrivers.a(GPIOxDriver.o)
                0x00000000080049fe                GPIOxTooglePin
 .text.__libc_init_array
                0x0000000008004a2c       0x48 /opt/st/stm32cubeide_1.10.1/plugins/com.st.stm32cube.ide.mcu.externaltools.gnu-tools-for-stm32.10.3-2021.10.linux64_1.0.0.202111181127/tools/bin/../lib/gcc/arm-none-eabi/10.3.1/../../../../arm-none-eabi/lib/thumb/v7e-m+fp/hard/libc_nano.a(lib_a-init.o)
                0x0000000008004a2c                __libc_init_array
 .text.memcmp   0x0000000008004a74       0x20 /opt/st/stm32cubeide_1.10.1/plugins/com.st.stm32cube.ide.mcu.externaltools.gnu-tools-for-stm32.10.3-2021.10.linux64_1.0.0.202111181127/tools/bin/../lib/gcc/arm-none-eabi/10.3.1/../../../../arm-none-eabi/lib/thumb/v7e-m+fp/hard/libc_nano.a(lib_a-memcmp.o)
                0x0000000008004a74                memcmp
 .text.memcpy   0x0000000008004a94       0x1c /opt/st/stm32cubeide_1.10.1/plugins/com.st.stm32cube.ide.mcu.externaltools.gnu-tools-for-stm32.10.3-2021.10.linux64_1.0.0.202111181127/tools/bin/../lib/gcc/arm-none-eabi/10.3.1/../../../../arm-none-eabi/lib/thumb/v7e-m+fp/hard/libc_nano.a(lib_a-memcpy-stub.o)
                0x0000000008004a94                memcpy
 .text.memset   0x0000000008004ab0       0x10 /opt/st/stm32cubeide_1.10.1/plugins/com.st.stm32cube.ide.mcu.externaltools.gnu-tools-for-stm32.10.3-2021.10.linux64_1.0.0.202111181127/tools/bin/../lib/gcc/arm-none-eabi/10.3.1/../../../../arm-none-eabi/lib/thumb/v7e-m+fp/hard/libc_nano.a(lib_a-memset.o)
                0x0000000008004ab0                memset
 *(.glue_7)
 .glue_7        0x0000000008004ac0        0x0 linker stubs
 *(.glue_7t)
 .glue_7t       0x0000000008004ac0        0x0 linker stubs
 *(.eh_frame)
 .eh_frame      0x0000000008004ac0        0x0 /opt/st/stm32cubeide_1.10.1/plugins/com.st.stm32cube.ide.mcu.externaltools.gnu-tools-for-stm32.10.3-2021.10.linux64_1.0.0.202111181127/tools/bin/../lib/gcc/arm-none-eabi/10.3.1/thumb/v7e-m+fp/hard/crtbegin.o
 *(.init)
 .init          0x0000000008004ac0        0x4 /opt/st/stm32cubeide_1.10.1/plugins/com.st.stm32cube.ide.mcu.externaltools.gnu-tools-for-stm32.10.3-2021.10.linux64_1.0.0.202111181127/tools/bin/../lib/gcc/arm-none-eabi/10.3.1/thumb/v7e-m+fp/hard/crti.o
                0x0000000008004ac0                _init
 .init          0x0000000008004ac4        0x8 /opt/st/stm32cubeide_1.10.1/plugins/com.st.stm32cube.ide.mcu.externaltools.gnu-tools-for-stm32.10.3-2021.10.linux64_1.0.0.202111181127/tools/bin/../lib/gcc/arm-none-eabi/10.3.1/thumb/v7e-m+fp/hard/crtn.o
 *(.fini)
 .fini          0x0000000008004acc        0x4 /opt/st/stm32cubeide_1.10.1/plugins/com.st.stm32cube.ide.mcu.externaltools.gnu-tools-for-stm32.10.3-2021.10.linux64_1.0.0.202111181127/tools/bin/../lib/gcc/arm-none-eabi/10.3.1/thumb/v7e-m+fp/hard/crti.o
                0x0000000008004acc                _fini
 .fini          0x0000000008004ad0        0x8 /opt/st/stm32cubeide_1.10.1/plugins/com.st.stm32cube.ide.mcu.externaltools.gnu-tools-for-stm32.10.3-2021.10.linux64_1.0.0.202111181127/tools/bin/../lib/gcc/arm-none-eabi/10.3.1/thumb/v7e-m+fp/hard/crtn.o
                0x0000000008004ad8                . = ALIGN (0x4)
                0x0000000008004ad8                _etext = .

.vfp11_veneer   0x0000000008004ad8        0x0
 .vfp11_veneer  0x0000000008004ad8        0x0 linker stubs

.v4_bx          0x0000000008004ad8        0x0
 .v4_bx         0x0000000008004ad8        0x0 linker stubs

.iplt           0x0000000008004ad8        0x0
 .iplt          0x0000000008004ad8        0x0 /opt/st/stm32cubeide_1.10.1/plugins/com.st.stm32cube.ide.mcu.externaltools.gnu-tools-for-stm32.10.3-2021.10.linux64_1.0.0.202111181127/tools/bin/../lib/gcc/arm-none-eabi/10.3.1/thumb/v7e-m+fp/hard/crtbegin.o

.rodata         0x0000000008004ad8      0x12c
                0x0000000008004ad8                . = ALIGN (0x4)
 *(.rodata)
 .rodata        0x0000000008004ad8       0x4b ./Src/main.o
 *fill*         0x0000000008004b23        0x1 
 .rodata        0x0000000008004b24        0x5 ./ThirdParty/FreeRTOS/tasks.o
 *fill*         0x0000000008004b29        0x3 
 .rodata        0x0000000008004b2c        0xd ./ThirdParty/FreeRTOS/timers.o
 *fill*         0x0000000008004b39        0x3 
 .rodata        0x0000000008004b3c       0x39 ./ThirdParty/SEGGER/Config/SEGGER_SYSVIEW_Config_FreeRTOS.o
 *fill*         0x0000000008004b75        0x3 
 .rodata        0x0000000008004b78       0x58 ./ThirdParty/SEGGER/OS/SEGGER_SYSVIEW_FreeRTOS.o
 .rodata        0x0000000008004bd0       0x17 ./ThirdParty/SEGGER/SEGGER/SEGGER_RTT.o
 *fill*         0x0000000008004be7        0x1 
 .rodata        0x0000000008004be8        0x8 ./ThirdParty/SEGGER/SEGGER/SEGGER_SYSVIEW.o
 *(.rodata*)
 .rodata.SYSVIEW_X_OS_TraceAPI
                0x0000000008004bf0        0x8 ./ThirdParty/SEGGER/OS/SEGGER_SYSVIEW_FreeRTOS.o
                0x0000000008004bf0                SYSVIEW_X_OS_TraceAPI
 .rodata._abSync
                0x0000000008004bf8        0xa ./ThirdParty/SEGGER/SEGGER/SEGGER_SYSVIEW.o
                0x0000000008004c04                . = ALIGN (0x4)
 *fill*         0x0000000008004c02        0x2 

.rel.dyn        0x0000000008004c04        0x0
 .rel.iplt      0x0000000008004c04        0x0 /opt/st/stm32cubeide_1.10.1/plugins/com.st.stm32cube.ide.mcu.externaltools.gnu-tools-for-stm32.10.3-2021.10.linux64_1.0.0.202111181127/tools/bin/../lib/gcc/arm-none-eabi/10.3.1/thumb/v7e-m+fp/hard/crtbegin.o

.ARM.extab      0x0000000008004c04        0x0
                0x0000000008004c04                . = ALIGN (0x4)
 *(.ARM.extab* .gnu.linkonce.armextab.*)
                0x0000000008004c04                . = ALIGN (0x4)

.ARM            0x0000000008004c04        0x0
                0x0000000008004c04                . = ALIGN (0x4)
                0x0000000008004c04                __exidx_start = .
 *(.ARM.exidx*)
                0x0000000008004c04                __exidx_end = .
                0x0000000008004c04                . = ALIGN (0x4)

.preinit_array  0x0000000008004c04        0x0
                0x0000000008004c04                . = ALIGN (0x4)
                0x0000000008004c04                PROVIDE (__preinit_array_start = .)
 *(.preinit_array*)
                0x0000000008004c04                PROVIDE (__preinit_array_end = .)
                0x0000000008004c04                . = ALIGN (0x4)

.init_array     0x0000000008004c04        0x4
                0x0000000008004c04                . = ALIGN (0x4)
                0x0000000008004c04                PROVIDE (__init_array_start = .)
 *(SORT_BY_NAME(.init_array.*))
 *(.init_array*)
 .init_array    0x0000000008004c04        0x4 /opt/st/stm32cubeide_1.10.1/plugins/com.st.stm32cube.ide.mcu.externaltools.gnu-tools-for-stm32.10.3-2021.10.linux64_1.0.0.202111181127/tools/bin/../lib/gcc/arm-none-eabi/10.3.1/thumb/v7e-m+fp/hard/crtbegin.o
                0x0000000008004c08                PROVIDE (__init_array_end = .)
                0x0000000008004c08                . = ALIGN (0x4)

.fini_array     0x0000000008004c08        0x4
                0x0000000008004c08                . = ALIGN (0x4)
                [!provide]                        PROVIDE (__fini_array_start = .)
 *(SORT_BY_NAME(.fini_array.*))
 *(.fini_array*)
 .fini_array    0x0000000008004c08        0x4 /opt/st/stm32cubeide_1.10.1/plugins/com.st.stm32cube.ide.mcu.externaltools.gnu-tools-for-stm32.10.3-2021.10.linux64_1.0.0.202111181127/tools/bin/../lib/gcc/arm-none-eabi/10.3.1/thumb/v7e-m+fp/hard/crtbegin.o
                [!provide]                        PROVIDE (__fini_array_end = .)
                0x0000000008004c0c                . = ALIGN (0x4)
                0x0000000008004c0c                _sidata = LOADADDR (.data)

.data           0x0000000020000000        0xc load address 0x0000000008004c0c
                0x0000000020000000                . = ALIGN (0x4)
                0x0000000020000000                _sdata = .
 *(.data)
 *(.data*)
 .data.SystemCoreClock
                0x0000000020000000        0x4 ./Src/main.o
                0x0000000020000000                SystemCoreClock
 .data.uxTopUsedPriority
                0x0000000020000004        0x4 ./ThirdParty/FreeRTOS/tasks.o
                0x0000000020000004                uxTopUsedPriority
 .data.uxCriticalNesting
                0x0000000020000008        0x4 ./ThirdParty/FreeRTOS/portable/GCC/ARM_CM4F/port.o
 *(.RamFunc)
 *(.RamFunc*)
                0x000000002000000c                . = ALIGN (0x4)
                0x000000002000000c                _edata = .

.igot.plt       0x000000002000000c        0x0 load address 0x0000000008004c18
 .igot.plt      0x000000002000000c        0x0 /opt/st/stm32cubeide_1.10.1/plugins/com.st.stm32cube.ide.mcu.externaltools.gnu-tools-for-stm32.10.3-2021.10.linux64_1.0.0.202111181127/tools/bin/../lib/gcc/arm-none-eabi/10.3.1/thumb/v7e-m+fp/hard/crtbegin.o
                0x000000002000000c                . = ALIGN (0x4)

.bss            0x000000002000000c    0x14458 load address 0x0000000008004c18
                0x000000002000000c                _sbss = .
                0x000000002000000c                __bss_start__ = _sbss
 *(.bss)
 .bss           0x000000002000000c       0x1c /opt/st/stm32cubeide_1.10.1/plugins/com.st.stm32cube.ide.mcu.externaltools.gnu-tools-for-stm32.10.3-2021.10.linux64_1.0.0.202111181127/tools/bin/../lib/gcc/arm-none-eabi/10.3.1/thumb/v7e-m+fp/hard/crtbegin.o
 *(.bss*)
 .bss.handlerBlinkyPin
                0x0000000020000028        0xc ./Src/main.o
                0x0000000020000028                handlerBlinkyPin
 .bss.handlerButton
                0x0000000020000034        0xc ./Src/main.o
                0x0000000020000034                handlerButton
 .bss.xHandleTask1
                0x0000000020000040        0x4 ./Src/main.o
                0x0000000020000040                xHandleTask1
 .bss.xHandleTask2
                0x0000000020000044        0x4 ./Src/main.o
                0x0000000020000044                xHandleTask2
 .bss.xQueueRegistry
                0x0000000020000048       0x40 ./ThirdParty/FreeRTOS/queue.o
                0x0000000020000048                xQueueRegistry
 .bss.pxCurrentTCB
                0x0000000020000088        0x4 ./ThirdParty/FreeRTOS/tasks.o
                0x0000000020000088                pxCurrentTCB
 .bss.pxReadyTasksLists
                0x000000002000008c       0x64 ./ThirdParty/FreeRTOS/tasks.o
 .bss.xDelayedTaskList1
                0x00000000200000f0       0x14 ./ThirdParty/FreeRTOS/tasks.o
 .bss.xDelayedTaskList2
                0x0000000020000104       0x14 ./ThirdParty/FreeRTOS/tasks.o
 .bss.pxDelayedTaskList
                0x0000000020000118        0x4 ./ThirdParty/FreeRTOS/tasks.o
 .bss.pxOverflowDelayedTaskList
                0x000000002000011c        0x4 ./ThirdParty/FreeRTOS/tasks.o
 .bss.xPendingReadyList
                0x0000000020000120       0x14 ./ThirdParty/FreeRTOS/tasks.o
 .bss.xTasksWaitingTermination
                0x0000000020000134       0x14 ./ThirdParty/FreeRTOS/tasks.o
 .bss.uxDeletedTasksWaitingCleanUp
                0x0000000020000148        0x4 ./ThirdParty/FreeRTOS/tasks.o
 .bss.xSuspendedTaskList
                0x000000002000014c       0x14 ./ThirdParty/FreeRTOS/tasks.o
 .bss.uxCurrentNumberOfTasks
                0x0000000020000160        0x4 ./ThirdParty/FreeRTOS/tasks.o
 .bss.xTickCount
                0x0000000020000164        0x4 ./ThirdParty/FreeRTOS/tasks.o
 .bss.uxTopReadyPriority
                0x0000000020000168        0x4 ./ThirdParty/FreeRTOS/tasks.o
 .bss.xSchedulerRunning
                0x000000002000016c        0x4 ./ThirdParty/FreeRTOS/tasks.o
 .bss.xPendedTicks
                0x0000000020000170        0x4 ./ThirdParty/FreeRTOS/tasks.o
 .bss.xYieldPending
                0x0000000020000174        0x4 ./ThirdParty/FreeRTOS/tasks.o
 .bss.xNumOfOverflows
                0x0000000020000178        0x4 ./ThirdParty/FreeRTOS/tasks.o
 .bss.uxTaskNumber
                0x000000002000017c        0x4 ./ThirdParty/FreeRTOS/tasks.o
 .bss.xNextTaskUnblockTime
                0x0000000020000180        0x4 ./ThirdParty/FreeRTOS/tasks.o
 .bss.xIdleTaskHandle
                0x0000000020000184        0x4 ./ThirdParty/FreeRTOS/tasks.o
 .bss.uxSchedulerSuspended
                0x0000000020000188        0x4 ./ThirdParty/FreeRTOS/tasks.o
 .bss.xActiveTimerList1
                0x000000002000018c       0x14 ./ThirdParty/FreeRTOS/timers.o
 .bss.xActiveTimerList2
                0x00000000200001a0       0x14 ./ThirdParty/FreeRTOS/timers.o
 .bss.pxCurrentTimerList
                0x00000000200001b4        0x4 ./ThirdParty/FreeRTOS/timers.o
 .bss.pxOverflowTimerList
                0x00000000200001b8        0x4 ./ThirdParty/FreeRTOS/timers.o
 .bss.xTimerQueue
                0x00000000200001bc        0x4 ./ThirdParty/FreeRTOS/timers.o
 .bss.xTimerTaskHandle
                0x00000000200001c0        0x4 ./ThirdParty/FreeRTOS/timers.o
 .bss.xLastTime.0
                0x00000000200001c4        0x4 ./ThirdParty/FreeRTOS/timers.o
 .bss.ucMaxSysCallPriority
                0x00000000200001c8        0x1 ./ThirdParty/FreeRTOS/portable/GCC/ARM_CM4F/port.o
 *fill*         0x00000000200001c9        0x3 
 .bss.ulMaxPRIGROUPValue
                0x00000000200001cc        0x4 ./ThirdParty/FreeRTOS/portable/GCC/ARM_CM4F/port.o
 .bss.ucHeap    0x00000000200001d0    0x12c00 ./ThirdParty/FreeRTOS/portable/MemMang/heap_4.o
 .bss.xStart    0x0000000020012dd0        0x8 ./ThirdParty/FreeRTOS/portable/MemMang/heap_4.o
 .bss.pxEnd     0x0000000020012dd8        0x4 ./ThirdParty/FreeRTOS/portable/MemMang/heap_4.o
 .bss.xFreeBytesRemaining
                0x0000000020012ddc        0x4 ./ThirdParty/FreeRTOS/portable/MemMang/heap_4.o
 .bss.xMinimumEverFreeBytesRemaining
                0x0000000020012de0        0x4 ./ThirdParty/FreeRTOS/portable/MemMang/heap_4.o
 .bss.xNumberOfSuccessfulAllocations
                0x0000000020012de4        0x4 ./ThirdParty/FreeRTOS/portable/MemMang/heap_4.o
 .bss.xNumberOfSuccessfulFrees
                0x0000000020012de8        0x4 ./ThirdParty/FreeRTOS/portable/MemMang/heap_4.o
 .bss._aTasks   0x0000000020012dec       0xa0 ./ThirdParty/SEGGER/OS/SEGGER_SYSVIEW_FreeRTOS.o
 .bss._NumTasks
                0x0000000020012e8c        0x4 ./ThirdParty/SEGGER/OS/SEGGER_SYSVIEW_FreeRTOS.o
 .bss._SEGGER_RTT
                0x0000000020012e90       0xa8 ./ThirdParty/SEGGER/SEGGER/SEGGER_RTT.o
                0x0000000020012e90                _SEGGER_RTT
 .bss._acUpBuffer
                0x0000000020012f38      0x400 ./ThirdParty/SEGGER/SEGGER/SEGGER_RTT.o
 .bss._acDownBuffer
                0x0000000020013338       0x10 ./ThirdParty/SEGGER/SEGGER/SEGGER_RTT.o
 .bss._UpBuffer
                0x0000000020013348     0x1000 ./ThirdParty/SEGGER/SEGGER/SEGGER_SYSVIEW.o
 .bss._DownBuffer
                0x0000000020014348        0x8 ./ThirdParty/SEGGER/SEGGER/SEGGER_SYSVIEW.o
 .bss._SYSVIEW_Globals
                0x0000000020014350       0x28 ./ThirdParty/SEGGER/SEGGER/SEGGER_SYSVIEW.o
 .bss._pFirstModule
                0x0000000020014378        0x4 ./ThirdParty/SEGGER/SEGGER/SEGGER_SYSVIEW.o
 .bss._NumModules
                0x000000002001437c        0x1 ./ThirdParty/SEGGER/SEGGER/SEGGER_SYSVIEW.o
 *fill*         0x000000002001437d        0x3 
 .bss._aPacket  0x0000000020014380       0xe3 ./ThirdParty/SEGGER/SEGGER/SEGGER_SYSVIEW.o
 *(COMMON)
                0x0000000020014464                . = ALIGN (0x4)
 *fill*         0x0000000020014463        0x1 
                0x0000000020014464                _ebss = .
                0x0000000020014464                __bss_end__ = _ebss

._user_heap_stack
                0x0000000020014464      0x604 load address 0x0000000008004c18
                0x0000000020014468                . = ALIGN (0x8)
 *fill*         0x0000000020014464        0x4 
                [!provide]                        PROVIDE (end = .)
                0x0000000020014468                PROVIDE (_end = .)
                0x0000000020014668                . = (. + _Min_Heap_Size)
 *fill*         0x0000000020014468      0x200 
                0x0000000020014a68                . = (. + _Min_Stack_Size)
 *fill*         0x0000000020014668      0x400 
                0x0000000020014a68                . = ALIGN (0x8)

/DISCARD/
 libc.a(*)
 libm.a(*)
 libgcc.a(*)

.ARM.attributes
                0x0000000000000000       0x30
 *(.ARM.attributes)
 .ARM.attributes
                0x0000000000000000       0x1e /opt/st/stm32cubeide_1.10.1/plugins/com.st.stm32cube.ide.mcu.externaltools.gnu-tools-for-stm32.10.3-2021.10.linux64_1.0.0.202111181127/tools/bin/../lib/gcc/arm-none-eabi/10.3.1/thumb/v7e-m+fp/hard/crti.o
 .ARM.attributes
                0x000000000000001e       0x34 /opt/st/stm32cubeide_1.10.1/plugins/com.st.stm32cube.ide.mcu.externaltools.gnu-tools-for-stm32.10.3-2021.10.linux64_1.0.0.202111181127/tools/bin/../lib/gcc/arm-none-eabi/10.3.1/thumb/v7e-m+fp/hard/crtbegin.o
 .ARM.attributes
                0x0000000000000052       0x34 ./Src/main.o
 .ARM.attributes
                0x0000000000000086       0x21 ./Startup/startup_stm32f411retx.o
 .ARM.attributes
                0x00000000000000a7       0x34 ./ThirdParty/FreeRTOS/list.o
 .ARM.attributes
                0x00000000000000db       0x34 ./ThirdParty/FreeRTOS/queue.o
 .ARM.attributes
                0x000000000000010f       0x34 ./ThirdParty/FreeRTOS/tasks.o
 .ARM.attributes
                0x0000000000000143       0x34 ./ThirdParty/FreeRTOS/timers.o
 .ARM.attributes
                0x0000000000000177       0x34 ./ThirdParty/FreeRTOS/portable/GCC/ARM_CM4F/port.o
 .ARM.attributes
                0x00000000000001ab       0x34 ./ThirdParty/FreeRTOS/portable/MemMang/heap_4.o
 .ARM.attributes
                0x00000000000001df       0x34 ./ThirdParty/SEGGER/Config/SEGGER_SYSVIEW_Config_FreeRTOS.o
 .ARM.attributes
                0x0000000000000213       0x34 ./ThirdParty/SEGGER/OS/SEGGER_SYSVIEW_FreeRTOS.o
 .ARM.attributes
                0x0000000000000247       0x34 ./ThirdParty/SEGGER/SEGGER/SEGGER_RTT.o
 .ARM.attributes
                0x000000000000027b       0x20 ./ThirdParty/SEGGER/SEGGER/SEGGER_RTT_ASM_ARMv7M.o
 .ARM.attributes
                0x000000000000029b       0x34 ./ThirdParty/SEGGER/SEGGER/SEGGER_SYSVIEW.o
 .ARM.attributes
                0x00000000000002cf       0x34 /home/miller/Documentos/GitHub/MillerQuintero_Tareas_Proyectos_Taller_5/PeripheralDrivers/Debug/libPeripheralDrivers.a(GPIOxDriver.o)
 .ARM.attributes
                0x0000000000000303       0x34 /opt/st/stm32cubeide_1.10.1/plugins/com.st.stm32cube.ide.mcu.externaltools.gnu-tools-for-stm32.10.3-2021.10.linux64_1.0.0.202111181127/tools/bin/../lib/gcc/arm-none-eabi/10.3.1/../../../../arm-none-eabi/lib/thumb/v7e-m+fp/hard/libc_nano.a(lib_a-init.o)
 .ARM.attributes
                0x0000000000000337       0x34 /opt/st/stm32cubeide_1.10.1/plugins/com.st.stm32cube.ide.mcu.externaltools.gnu-tools-for-stm32.10.3-2021.10.linux64_1.0.0.202111181127/tools/bin/../lib/gcc/arm-none-eabi/10.3.1/../../../../arm-none-eabi/lib/thumb/v7e-m+fp/hard/libc_nano.a(lib_a-memcmp.o)
 .ARM.attributes
                0x000000000000036b       0x34 /opt/st/stm32cubeide_1.10.1/plugins/com.st.stm32cube.ide.mcu.externaltools.gnu-tools-for-stm32.10.3-2021.10.linux64_1.0.0.202111181127/tools/bin/../lib/gcc/arm-none-eabi/10.3.1/../../../../arm-none-eabi/lib/thumb/v7e-m+fp/hard/libc_nano.a(lib_a-memcpy-stub.o)
 .ARM.attributes
                0x000000000000039f       0x34 /opt/st/stm32cubeide_1.10.1/plugins/com.st.stm32cube.ide.mcu.externaltools.gnu-tools-for-stm32.10.3-2021.10.linux64_1.0.0.202111181127/tools/bin/../lib/gcc/arm-none-eabi/10.3.1/../../../../arm-none-eabi/lib/thumb/v7e-m+fp/hard/libc_nano.a(lib_a-memset.o)
 .ARM.attributes
                0x00000000000003d3       0x1e /opt/st/stm32cubeide_1.10.1/plugins/com.st.stm32cube.ide.mcu.externaltools.gnu-tools-for-stm32.10.3-2021.10.linux64_1.0.0.202111181127/tools/bin/../lib/gcc/arm-none-eabi/10.3.1/thumb/v7e-m+fp/hard/crtn.o
OUTPUT(Ejemplo LED.elf elf32-littlearm)
LOAD linker stubs
LOAD /opt/st/stm32cubeide_1.10.1/plugins/com.st.stm32cube.ide.mcu.externaltools.gnu-tools-for-stm32.10.3-2021.10.linux64_1.0.0.202111181127/tools/bin/../lib/gcc/arm-none-eabi/10.3.1/../../../../arm-none-eabi/lib/thumb/v7e-m+fp/hard/libc.a
LOAD /opt/st/stm32cubeide_1.10.1/plugins/com.st.stm32cube.ide.mcu.externaltools.gnu-tools-for-stm32.10.3-2021.10.linux64_1.0.0.202111181127/tools/bin/../lib/gcc/arm-none-eabi/10.3.1/../../../../arm-none-eabi/lib/thumb/v7e-m+fp/hard/libm.a
LOAD /opt/st/stm32cubeide_1.10.1/plugins/com.st.stm32cube.ide.mcu.externaltools.gnu-tools-for-stm32.10.3-2021.10.linux64_1.0.0.202111181127/tools/bin/../lib/gcc/arm-none-eabi/10.3.1/thumb/v7e-m+fp/hard/libgcc.a

.debug_info     0x0000000000000000     0xbece
 .debug_info    0x0000000000000000      0x897 ./Src/main.o
 .debug_info    0x0000000000000897       0x22 ./Startup/startup_stm32f411retx.o
 .debug_info    0x00000000000008b9      0x2d1 ./ThirdParty/FreeRTOS/list.o
 .debug_info    0x0000000000000b8a     0x1a03 ./ThirdParty/FreeRTOS/queue.o
 .debug_info    0x000000000000258d     0x27ad ./ThirdParty/FreeRTOS/tasks.o
 .debug_info    0x0000000000004d3a      0xeaf ./ThirdParty/FreeRTOS/timers.o
 .debug_info    0x0000000000005be9      0x5ca ./ThirdParty/FreeRTOS/portable/GCC/ARM_CM4F/port.o
 .debug_info    0x00000000000061b3      0x558 ./ThirdParty/FreeRTOS/portable/MemMang/heap_4.o
 .debug_info    0x000000000000670b      0x181 ./ThirdParty/SEGGER/Config/SEGGER_SYSVIEW_Config_FreeRTOS.o
 .debug_info    0x000000000000688c      0x43d ./ThirdParty/SEGGER/OS/SEGGER_SYSVIEW_FreeRTOS.o
 .debug_info    0x0000000000006cc9     0x14ff ./ThirdParty/SEGGER/SEGGER/SEGGER_RTT.o
 .debug_info    0x00000000000081c8       0x26 ./ThirdParty/SEGGER/SEGGER/SEGGER_RTT_ASM_ARMv7M.o
 .debug_info    0x00000000000081ee     0x380a ./ThirdParty/SEGGER/SEGGER/SEGGER_SYSVIEW.o
 .debug_info    0x000000000000b9f8      0x4d6 /home/miller/Documentos/GitHub/MillerQuintero_Tareas_Proyectos_Taller_5/PeripheralDrivers/Debug/libPeripheralDrivers.a(GPIOxDriver.o)

.debug_abbrev   0x0000000000000000     0x1b19
 .debug_abbrev  0x0000000000000000      0x280 ./Src/main.o
 .debug_abbrev  0x0000000000000280       0x12 ./Startup/startup_stm32f411retx.o
 .debug_abbrev  0x0000000000000292       0xf2 ./ThirdParty/FreeRTOS/list.o
 .debug_abbrev  0x0000000000000384      0x312 ./ThirdParty/FreeRTOS/queue.o
 .debug_abbrev  0x0000000000000696      0x3bb ./ThirdParty/FreeRTOS/tasks.o
 .debug_abbrev  0x0000000000000a51      0x2c5 ./ThirdParty/FreeRTOS/timers.o
 .debug_abbrev  0x0000000000000d16      0x259 ./ThirdParty/FreeRTOS/portable/GCC/ARM_CM4F/port.o
 .debug_abbrev  0x0000000000000f6f      0x24e ./ThirdParty/FreeRTOS/portable/MemMang/heap_4.o
 .debug_abbrev  0x00000000000011bd       0xdd ./ThirdParty/SEGGER/Config/SEGGER_SYSVIEW_Config_FreeRTOS.o
 .debug_abbrev  0x000000000000129a      0x19e ./ThirdParty/SEGGER/OS/SEGGER_SYSVIEW_FreeRTOS.o
 .debug_abbrev  0x0000000000001438      0x24e ./ThirdParty/SEGGER/SEGGER/SEGGER_RTT.o
 .debug_abbrev  0x0000000000001686       0x14 ./ThirdParty/SEGGER/SEGGER/SEGGER_RTT_ASM_ARMv7M.o
 .debug_abbrev  0x000000000000169a      0x326 ./ThirdParty/SEGGER/SEGGER/SEGGER_SYSVIEW.o
 .debug_abbrev  0x00000000000019c0      0x159 /home/miller/Documentos/GitHub/MillerQuintero_Tareas_Proyectos_Taller_5/PeripheralDrivers/Debug/libPeripheralDrivers.a(GPIOxDriver.o)

.debug_aranges  0x0000000000000000      0xa28
 .debug_aranges
                0x0000000000000000       0x38 ./Src/main.o
 .debug_aranges
                0x0000000000000038       0x28 ./Startup/startup_stm32f411retx.o
 .debug_aranges
                0x0000000000000060       0x40 ./ThirdParty/FreeRTOS/list.o
 .debug_aranges
                0x00000000000000a0      0x130 ./ThirdParty/FreeRTOS/queue.o
 .debug_aranges
                0x00000000000001d0      0x208 ./ThirdParty/FreeRTOS/tasks.o
 .debug_aranges
                0x00000000000003d8       0xe8 ./ThirdParty/FreeRTOS/timers.o
 .debug_aranges
                0x00000000000004c0       0x88 ./ThirdParty/FreeRTOS/portable/GCC/ARM_CM4F/port.o
 .debug_aranges
                0x0000000000000548       0x60 ./ThirdParty/FreeRTOS/portable/MemMang/heap_4.o
 .debug_aranges
                0x00000000000005a8       0x28 ./ThirdParty/SEGGER/Config/SEGGER_SYSVIEW_Config_FreeRTOS.o
 .debug_aranges
                0x00000000000005d0       0x48 ./ThirdParty/SEGGER/OS/SEGGER_SYSVIEW_FreeRTOS.o
 .debug_aranges
                0x0000000000000618      0x138 ./ThirdParty/SEGGER/SEGGER/SEGGER_RTT.o
 .debug_aranges
                0x0000000000000750       0x20 ./ThirdParty/SEGGER/SEGGER/SEGGER_RTT_ASM_ARMv7M.o
 .debug_aranges
                0x0000000000000770      0x280 ./ThirdParty/SEGGER/SEGGER/SEGGER_SYSVIEW.o
 .debug_aranges
                0x00000000000009f0       0x38 /home/miller/Documentos/GitHub/MillerQuintero_Tareas_Proyectos_Taller_5/PeripheralDrivers/Debug/libPeripheralDrivers.a(GPIOxDriver.o)

.debug_ranges   0x0000000000000000      0x940
 .debug_ranges  0x0000000000000000       0x28 ./Src/main.o
 .debug_ranges  0x0000000000000028       0x20 ./Startup/startup_stm32f411retx.o
 .debug_ranges  0x0000000000000048       0x30 ./ThirdParty/FreeRTOS/list.o
 .debug_ranges  0x0000000000000078      0x120 ./ThirdParty/FreeRTOS/queue.o
 .debug_ranges  0x0000000000000198      0x1f8 ./ThirdParty/FreeRTOS/tasks.o
 .debug_ranges  0x0000000000000390       0xd8 ./ThirdParty/FreeRTOS/timers.o
 .debug_ranges  0x0000000000000468       0x78 ./ThirdParty/FreeRTOS/portable/GCC/ARM_CM4F/port.o
 .debug_ranges  0x00000000000004e0       0x50 ./ThirdParty/FreeRTOS/portable/MemMang/heap_4.o
 .debug_ranges  0x0000000000000530       0x18 ./ThirdParty/SEGGER/Config/SEGGER_SYSVIEW_Config_FreeRTOS.o
 .debug_ranges  0x0000000000000548       0x38 ./ThirdParty/SEGGER/OS/SEGGER_SYSVIEW_FreeRTOS.o
 .debug_ranges  0x0000000000000580      0x128 ./ThirdParty/SEGGER/SEGGER/SEGGER_RTT.o
 .debug_ranges  0x00000000000006a8      0x270 ./ThirdParty/SEGGER/SEGGER/SEGGER_SYSVIEW.o
 .debug_ranges  0x0000000000000918       0x28 /home/miller/Documentos/GitHub/MillerQuintero_Tareas_Proyectos_Taller_5/PeripheralDrivers/Debug/libPeripheralDrivers.a(GPIOxDriver.o)

.debug_macro    0x0000000000000000    0x11b3e
 .debug_macro   0x0000000000000000      0x309 ./Src/main.o
 .debug_macro   0x0000000000000309      0xa8a ./Src/main.o
 .debug_macro   0x0000000000000d93      0x174 ./Src/main.o
 .debug_macro   0x0000000000000f07       0x22 ./Src/main.o
 .debug_macro   0x0000000000000f29       0x8e ./Src/main.o
 .debug_macro   0x0000000000000fb7       0x51 ./Src/main.o
 .debug_macro   0x0000000000001008      0x103 ./Src/main.o
 .debug_macro   0x000000000000110b       0x6a ./Src/main.o
 .debug_macro   0x0000000000001175      0x1df ./Src/main.o
 .debug_macro   0x0000000000001354      0x10c ./Src/main.o
 .debug_macro   0x0000000000001460       0x58 ./Src/main.o
 .debug_macro   0x00000000000014b8       0x46 ./Src/main.o
 .debug_macro   0x00000000000014fe       0x64 ./Src/main.o
 .debug_macro   0x0000000000001562       0x49 ./Src/main.o
 .debug_macro   0x00000000000015ab       0xc3 ./Src/main.o
 .debug_macro   0x000000000000166e      0x204 ./Src/main.o
 .debug_macro   0x0000000000001872      0x450 ./Src/main.o
 .debug_macro   0x0000000000001cc2      0x15a ./Src/main.o
 .debug_macro   0x0000000000001e1c       0xea ./Src/main.o
 .debug_macro   0x0000000000001f06       0x28 ./Src/main.o
 .debug_macro   0x0000000000001f2e       0x1f ./Src/main.o
 .debug_macro   0x0000000000001f4d       0x12 ./Src/main.o
 .debug_macro   0x0000000000001f5f      0x3f9 ./Src/main.o
 .debug_macro   0x0000000000002358       0xc3 ./Src/main.o
 .debug_macro   0x000000000000241b      0x120 ./Src/main.o
 .debug_macro   0x000000000000253b       0x28 ./Src/main.o
 .debug_macro   0x0000000000002563       0x28 ./Src/main.o
 .debug_macro   0x000000000000258b       0x1c ./Src/main.o
 .debug_macro   0x00000000000025a7       0x22 ./Src/main.o
 .debug_macro   0x00000000000025c9       0xd9 ./Src/main.o
 .debug_macro   0x00000000000026a2     0x102d ./Src/main.o
 .debug_macro   0x00000000000036cf      0x11f ./Src/main.o
 .debug_macro   0x00000000000037ee     0xb953 ./Src/main.o
 .debug_macro   0x000000000000f141       0x6d ./Src/main.o
 .debug_macro   0x000000000000f1ae       0x52 ./Src/main.o
 .debug_macro   0x000000000000f200       0x1e ./Src/main.o
 .debug_macro   0x000000000000f21e       0x3c ./Src/main.o
 .debug_macro   0x000000000000f25a       0x34 ./Src/main.o
 .debug_macro   0x000000000000f28e       0x16 ./Src/main.o
 .debug_macro   0x000000000000f2a4       0x35 ./Src/main.o
 .debug_macro   0x000000000000f2d9      0x341 ./Src/main.o
 .debug_macro   0x000000000000f61a       0x16 ./Src/main.o
 .debug_macro   0x000000000000f630       0x43 ./Src/main.o
 .debug_macro   0x000000000000f673       0x34 ./Src/main.o
 .debug_macro   0x000000000000f6a7       0x10 ./Src/main.o
 .debug_macro   0x000000000000f6b7       0x58 ./Src/main.o
 .debug_macro   0x000000000000f70f       0x71 ./Src/main.o
 .debug_macro   0x000000000000f780       0x1c ./Src/main.o
 .debug_macro   0x000000000000f79c      0x12a ./Src/main.o
 .debug_macro   0x000000000000f8c6       0x10 ./Src/main.o
 .debug_macro   0x000000000000f8d6       0x1c ./Src/main.o
 .debug_macro   0x000000000000f8f2       0x52 ./Src/main.o
 .debug_macro   0x000000000000f944       0x22 ./Src/main.o
 .debug_macro   0x000000000000f966       0x10 ./Src/main.o
 .debug_macro   0x000000000000f976       0x52 ./Src/main.o
 .debug_macro   0x000000000000f9c8       0xd5 ./Src/main.o
 .debug_macro   0x000000000000fa9d       0x1c ./Src/main.o
 .debug_macro   0x000000000000fab9       0x3d ./Src/main.o
 .debug_macro   0x000000000000faf6       0x16 ./Src/main.o
 .debug_macro   0x000000000000fb0c      0x145 ./Src/main.o
 .debug_macro   0x000000000000fc51      0x11e ./Src/main.o
 .debug_macro   0x000000000000fd6f       0x52 ./Src/main.o
 .debug_macro   0x000000000000fdc1      0x1f9 ./ThirdParty/FreeRTOS/list.o
 .debug_macro   0x000000000000ffba      0x290 ./ThirdParty/FreeRTOS/queue.o
 .debug_macro   0x000000000001024a       0x16 ./ThirdParty/FreeRTOS/queue.o
 .debug_macro   0x0000000000010260       0x20 ./ThirdParty/FreeRTOS/queue.o
 .debug_macro   0x0000000000010280       0x80 ./ThirdParty/FreeRTOS/queue.o
 .debug_macro   0x0000000000010300      0x2df ./ThirdParty/FreeRTOS/tasks.o
 .debug_macro   0x00000000000105df       0x17 ./ThirdParty/FreeRTOS/tasks.o
 .debug_macro   0x00000000000105f6      0x248 ./ThirdParty/FreeRTOS/timers.o
 .debug_macro   0x000000000001083e       0x97 ./ThirdParty/FreeRTOS/timers.o
 .debug_macro   0x00000000000108d5      0x208 ./ThirdParty/FreeRTOS/portable/GCC/ARM_CM4F/port.o
 .debug_macro   0x0000000000010add      0x27a ./ThirdParty/FreeRTOS/portable/MemMang/heap_4.o
 .debug_macro   0x0000000000010d57      0x13c ./ThirdParty/SEGGER/Config/SEGGER_SYSVIEW_Config_FreeRTOS.o
 .debug_macro   0x0000000000010e93      0x208 ./ThirdParty/SEGGER/OS/SEGGER_SYSVIEW_FreeRTOS.o
 .debug_macro   0x000000000001109b      0x1bd ./ThirdParty/SEGGER/SEGGER/SEGGER_RTT.o
 .debug_macro   0x0000000000011258       0x34 ./ThirdParty/SEGGER/SEGGER/SEGGER_RTT.o
 .debug_macro   0x000000000001128c      0x138 ./ThirdParty/SEGGER/SEGGER/SEGGER_RTT.o
 .debug_macro   0x00000000000113c4      0x213 ./ThirdParty/SEGGER/SEGGER/SEGGER_SYSVIEW.o
 .debug_macro   0x00000000000115d7      0x204 ./ThirdParty/SEGGER/SEGGER/SEGGER_SYSVIEW.o
 .debug_macro   0x00000000000117db      0x16e ./ThirdParty/SEGGER/SEGGER/SEGGER_SYSVIEW.o
 .debug_macro   0x0000000000011949       0xdd /home/miller/Documentos/GitHub/MillerQuintero_Tareas_Proyectos_Taller_5/PeripheralDrivers/Debug/libPeripheralDrivers.a(GPIOxDriver.o)
 .debug_macro   0x0000000000011a26      0x118 /home/miller/Documentos/GitHub/MillerQuintero_Tareas_Proyectos_Taller_5/PeripheralDrivers/Debug/libPeripheralDrivers.a(GPIOxDriver.o)

.debug_line     0x0000000000000000     0xb6f2
 .debug_line    0x0000000000000000      0xb3f ./Src/main.o
 .debug_line    0x0000000000000b3f       0x84 ./Startup/startup_stm32f411retx.o
 .debug_line    0x0000000000000bc3      0x8f1 ./ThirdParty/FreeRTOS/list.o
 .debug_line    0x00000000000014b4     0x182f ./ThirdParty/FreeRTOS/queue.o
 .debug_line    0x0000000000002ce3     0x1feb ./ThirdParty/FreeRTOS/tasks.o
 .debug_line    0x0000000000004cce      0xe13 ./ThirdParty/FreeRTOS/timers.o
 .debug_line    0x0000000000005ae1      0xa79 ./ThirdParty/FreeRTOS/portable/GCC/ARM_CM4F/port.o
 .debug_line    0x000000000000655a      0xb75 ./ThirdParty/FreeRTOS/portable/MemMang/heap_4.o
 .debug_line    0x00000000000070cf      0x6d5 ./ThirdParty/SEGGER/Config/SEGGER_SYSVIEW_Config_FreeRTOS.o
 .debug_line    0x00000000000077a4      0x9d9 ./ThirdParty/SEGGER/OS/SEGGER_SYSVIEW_FreeRTOS.o
 .debug_line    0x000000000000817d      0xe7b ./ThirdParty/SEGGER/SEGGER/SEGGER_RTT.o
 .debug_line    0x0000000000008ff8       0xa0 ./ThirdParty/SEGGER/SEGGER/SEGGER_RTT_ASM_ARMv7M.o
 .debug_line    0x0000000000009098     0x1f53 ./ThirdParty/SEGGER/SEGGER/SEGGER_SYSVIEW.o
 .debug_line    0x000000000000afeb      0x707 /home/miller/Documentos/GitHub/MillerQuintero_Tareas_Proyectos_Taller_5/PeripheralDrivers/Debug/libPeripheralDrivers.a(GPIOxDriver.o)

.debug_str      0x0000000000000000    0x636d6
 .debug_str     0x0000000000000000    0x5ced3 ./Src/main.o
                                      0x5d158 (size before relaxing)
 .debug_str     0x000000000005ced3       0x31 ./Startup/startup_stm32f411retx.o
                                         0x82 (size before relaxing)
 .debug_str     0x000000000005cf04      0x253 ./ThirdParty/FreeRTOS/list.o
                                       0xec29 (size before relaxing)
 .debug_str     0x000000000005d157     0x14bc ./ThirdParty/FreeRTOS/queue.o
                                      0x113aa (size before relaxing)
 .debug_str     0x000000000005e613     0x1b6e ./ThirdParty/FreeRTOS/tasks.o
                                      0x11edf (size before relaxing)
 .debug_str     0x0000000000060181      0x544 ./ThirdParty/FreeRTOS/timers.o
                                      0x114a8 (size before relaxing)
 .debug_str     0x00000000000606c5      0x839 ./ThirdParty/FreeRTOS/portable/GCC/ARM_CM4F/port.o
                                       0xd80f (size before relaxing)
 .debug_str     0x0000000000060efe      0x5d7 ./ThirdParty/FreeRTOS/portable/MemMang/heap_4.o
                                      0x10453 (size before relaxing)
 .debug_str     0x00000000000614d5      0x1b1 ./ThirdParty/SEGGER/Config/SEGGER_SYSVIEW_Config_FreeRTOS.o
                                       0xb2b8 (size before relaxing)
 .debug_str     0x0000000000061686       0xfb ./ThirdParty/SEGGER/OS/SEGGER_SYSVIEW_FreeRTOS.o
                                       0xfe7e (size before relaxing)
 .debug_str     0x0000000000061781     0x1054 ./ThirdParty/SEGGER/SEGGER/SEGGER_RTT.o
                                       0x77be (size before relaxing)
 .debug_str     0x00000000000627d5       0x34 ./ThirdParty/SEGGER/SEGGER/SEGGER_RTT_ASM_ARMv7M.o
                                         0x93 (size before relaxing)
 .debug_str     0x0000000000062809      0xd2c ./ThirdParty/SEGGER/SEGGER/SEGGER_SYSVIEW.o
                                       0x97ce (size before relaxing)
 .debug_str     0x0000000000063535      0x1a1 /home/miller/Documentos/GitHub/MillerQuintero_Tareas_Proyectos_Taller_5/PeripheralDrivers/Debug/libPeripheralDrivers.a(GPIOxDriver.o)
                                      0x4fece (size before relaxing)

.comment        0x0000000000000000       0x50
 .comment       0x0000000000000000       0x50 ./Src/main.o
                                         0x51 (size before relaxing)
 .comment       0x0000000000000050       0x51 ./ThirdParty/FreeRTOS/list.o
 .comment       0x0000000000000050       0x51 ./ThirdParty/FreeRTOS/queue.o
 .comment       0x0000000000000050       0x51 ./ThirdParty/FreeRTOS/tasks.o
 .comment       0x0000000000000050       0x51 ./ThirdParty/FreeRTOS/timers.o
 .comment       0x0000000000000050       0x51 ./ThirdParty/FreeRTOS/portable/GCC/ARM_CM4F/port.o
 .comment       0x0000000000000050       0x51 ./ThirdParty/FreeRTOS/portable/MemMang/heap_4.o
 .comment       0x0000000000000050       0x51 ./ThirdParty/SEGGER/Config/SEGGER_SYSVIEW_Config_FreeRTOS.o
 .comment       0x0000000000000050       0x51 ./ThirdParty/SEGGER/OS/SEGGER_SYSVIEW_FreeRTOS.o
 .comment       0x0000000000000050       0x51 ./ThirdParty/SEGGER/SEGGER/SEGGER_RTT.o
 .comment       0x0000000000000050       0x51 ./ThirdParty/SEGGER/SEGGER/SEGGER_SYSVIEW.o
 .comment       0x0000000000000050       0x51 /home/miller/Documentos/GitHub/MillerQuintero_Tareas_Proyectos_Taller_5/PeripheralDrivers/Debug/libPeripheralDrivers.a(GPIOxDriver.o)

.debug_frame    0x0000000000000000     0x2a20
 .debug_frame   0x0000000000000000       0x8c ./Src/main.o
 .debug_frame   0x000000000000008c       0xd8 ./ThirdParty/FreeRTOS/list.o
 .debug_frame   0x0000000000000164      0x544 ./ThirdParty/FreeRTOS/queue.o
 .debug_frame   0x00000000000006a8      0x904 ./ThirdParty/FreeRTOS/tasks.o
 .debug_frame   0x0000000000000fac      0x3c8 ./ThirdParty/FreeRTOS/timers.o
 .debug_frame   0x0000000000001374      0x1d0 ./ThirdParty/FreeRTOS/portable/GCC/ARM_CM4F/port.o
 .debug_frame   0x0000000000001544      0x150 ./ThirdParty/FreeRTOS/portable/MemMang/heap_4.o
 .debug_frame   0x0000000000001694       0x48 ./ThirdParty/SEGGER/Config/SEGGER_SYSVIEW_Config_FreeRTOS.o
 .debug_frame   0x00000000000016dc      0x104 ./ThirdParty/SEGGER/OS/SEGGER_SYSVIEW_FreeRTOS.o
 .debug_frame   0x00000000000017e0      0x530 ./ThirdParty/SEGGER/SEGGER/SEGGER_RTT.o
 .debug_frame   0x0000000000001d10      0xbc4 ./ThirdParty/SEGGER/SEGGER/SEGGER_SYSVIEW.o
 .debug_frame   0x00000000000028d4       0xb0 /home/miller/Documentos/GitHub/MillerQuintero_Tareas_Proyectos_Taller_5/PeripheralDrivers/Debug/libPeripheralDrivers.a(GPIOxDriver.o)
 .debug_frame   0x0000000000002984       0x2c /opt/st/stm32cubeide_1.10.1/plugins/com.st.stm32cube.ide.mcu.externaltools.gnu-tools-for-stm32.10.3-2021.10.linux64_1.0.0.202111181127/tools/bin/../lib/gcc/arm-none-eabi/10.3.1/../../../../arm-none-eabi/lib/thumb/v7e-m+fp/hard/libc_nano.a(lib_a-init.o)
 .debug_frame   0x00000000000029b0       0x28 /opt/st/stm32cubeide_1.10.1/plugins/com.st.stm32cube.ide.mcu.externaltools.gnu-tools-for-stm32.10.3-2021.10.linux64_1.0.0.202111181127/tools/bin/../lib/gcc/arm-none-eabi/10.3.1/../../../../arm-none-eabi/lib/thumb/v7e-m+fp/hard/libc_nano.a(lib_a-memcmp.o)
 .debug_frame   0x00000000000029d8       0x28 /opt/st/stm32cubeide_1.10.1/plugins/com.st.stm32cube.ide.mcu.externaltools.gnu-tools-for-stm32.10.3-2021.10.linux64_1.0.0.202111181127/tools/bin/../lib/gcc/arm-none-eabi/10.3.1/../../../../arm-none-eabi/lib/thumb/v7e-m+fp/hard/libc_nano.a(lib_a-memcpy-stub.o)
 .debug_frame   0x0000000000002a00       0x20 /opt/st/stm32cubeide_1.10.1/plugins/com.st.stm32cube.ide.mcu.externaltools.gnu-tools-for-stm32.10.3-2021.10.linux64_1.0.0.202111181127/tools/bin/../lib/gcc/arm-none-eabi/10.3.1/../../../../arm-none-eabi/lib/thumb/v7e-m+fp/hard/libc_nano.a(lib_a-memset.o)
