Archive member included to satisfy reference by file (symbol)

/home/miller/Documentos/GitHub/MillerQuintero_Tareas_Proyectos_Taller_5/PeripheralDrivers/Debug/libPeripheralDrivers.a(PLLDriver.o)
                              ./Src/main.o (configPLL)
/opt/st/stm32cubeide_1.10.1/plugins/com.st.stm32cube.ide.mcu.externaltools.gnu-tools-for-stm32.10.3-2021.10.linux64_1.0.0.202111181127/tools/bin/../lib/gcc/arm-none-eabi/10.3.1/../../../../arm-none-eabi/lib/thumb/v7e-m+fp/hard/libc_nano.a(lib_a-errno.o)
                              ./Src/syscalls.o (__errno)
/opt/st/stm32cubeide_1.10.1/plugins/com.st.stm32cube.ide.mcu.externaltools.gnu-tools-for-stm32.10.3-2021.10.linux64_1.0.0.202111181127/tools/bin/../lib/gcc/arm-none-eabi/10.3.1/../../../../arm-none-eabi/lib/thumb/v7e-m+fp/hard/libc_nano.a(lib_a-exit.o)
                              /opt/st/stm32cubeide_1.10.1/plugins/com.st.stm32cube.ide.mcu.externaltools.gnu-tools-for-stm32.10.3-2021.10.linux64_1.0.0.202111181127/tools/bin/../lib/gcc/arm-none-eabi/10.3.1/../../../../arm-none-eabi/lib/thumb/v7e-m+fp/hard/crt0.o (exit)
/opt/st/stm32cubeide_1.10.1/plugins/com.st.stm32cube.ide.mcu.externaltools.gnu-tools-for-stm32.10.3-2021.10.linux64_1.0.0.202111181127/tools/bin/../lib/gcc/arm-none-eabi/10.3.1/../../../../arm-none-eabi/lib/thumb/v7e-m+fp/hard/libc_nano.a(lib_a-impure.o)
                              /opt/st/stm32cubeide_1.10.1/plugins/com.st.stm32cube.ide.mcu.externaltools.gnu-tools-for-stm32.10.3-2021.10.linux64_1.0.0.202111181127/tools/bin/../lib/gcc/arm-none-eabi/10.3.1/../../../../arm-none-eabi/lib/thumb/v7e-m+fp/hard/libc_nano.a(lib_a-exit.o) (_global_impure_ptr)
/opt/st/stm32cubeide_1.10.1/plugins/com.st.stm32cube.ide.mcu.externaltools.gnu-tools-for-stm32.10.3-2021.10.linux64_1.0.0.202111181127/tools/bin/../lib/gcc/arm-none-eabi/10.3.1/../../../../arm-none-eabi/lib/thumb/v7e-m+fp/hard/libc_nano.a(lib_a-init.o)
                              /opt/st/stm32cubeide_1.10.1/plugins/com.st.stm32cube.ide.mcu.externaltools.gnu-tools-for-stm32.10.3-2021.10.linux64_1.0.0.202111181127/tools/bin/../lib/gcc/arm-none-eabi/10.3.1/../../../../arm-none-eabi/lib/thumb/v7e-m+fp/hard/crt0.o (__libc_init_array)
/opt/st/stm32cubeide_1.10.1/plugins/com.st.stm32cube.ide.mcu.externaltools.gnu-tools-for-stm32.10.3-2021.10.linux64_1.0.0.202111181127/tools/bin/../lib/gcc/arm-none-eabi/10.3.1/../../../../arm-none-eabi/lib/thumb/v7e-m+fp/hard/libc_nano.a(lib_a-memcmp.o)
                              ./ThirdParty/SEGGER/OS/SEGGER_SYSVIEW_FreeRTOS.o (memcmp)
/opt/st/stm32cubeide_1.10.1/plugins/com.st.stm32cube.ide.mcu.externaltools.gnu-tools-for-stm32.10.3-2021.10.linux64_1.0.0.202111181127/tools/bin/../lib/gcc/arm-none-eabi/10.3.1/../../../../arm-none-eabi/lib/thumb/v7e-m+fp/hard/libc_nano.a(lib_a-memcpy-stub.o)
                              ./ThirdParty/FreeRTOS/queue.o (memcpy)
/opt/st/stm32cubeide_1.10.1/plugins/com.st.stm32cube.ide.mcu.externaltools.gnu-tools-for-stm32.10.3-2021.10.linux64_1.0.0.202111181127/tools/bin/../lib/gcc/arm-none-eabi/10.3.1/../../../../arm-none-eabi/lib/thumb/v7e-m+fp/hard/libc_nano.a(lib_a-memset.o)
                              /opt/st/stm32cubeide_1.10.1/plugins/com.st.stm32cube.ide.mcu.externaltools.gnu-tools-for-stm32.10.3-2021.10.linux64_1.0.0.202111181127/tools/bin/../lib/gcc/arm-none-eabi/10.3.1/../../../../arm-none-eabi/lib/thumb/v7e-m+fp/hard/crt0.o (memset)
/opt/st/stm32cubeide_1.10.1/plugins/com.st.stm32cube.ide.mcu.externaltools.gnu-tools-for-stm32.10.3-2021.10.linux64_1.0.0.202111181127/tools/bin/../lib/gcc/arm-none-eabi/10.3.1/../../../../arm-none-eabi/lib/thumb/v7e-m+fp/hard/libc_nano.a(lib_a-puts.o)
                              ./Src/main.o (puts)
/opt/st/stm32cubeide_1.10.1/plugins/com.st.stm32cube.ide.mcu.externaltools.gnu-tools-for-stm32.10.3-2021.10.linux64_1.0.0.202111181127/tools/bin/../lib/gcc/arm-none-eabi/10.3.1/../../../../arm-none-eabi/lib/thumb/v7e-m+fp/hard/libc_nano.a(lib_a-strlen.o)
                              ./ThirdParty/SEGGER/SEGGER/SEGGER_RTT.o (strlen)
/opt/st/stm32cubeide_1.10.1/plugins/com.st.stm32cube.ide.mcu.externaltools.gnu-tools-for-stm32.10.3-2021.10.linux64_1.0.0.202111181127/tools/bin/../lib/gcc/arm-none-eabi/10.3.1/../../../../arm-none-eabi/lib/thumb/v7e-m+fp/hard/libc_nano.a(lib_a-wbuf.o)
                              /opt/st/stm32cubeide_1.10.1/plugins/com.st.stm32cube.ide.mcu.externaltools.gnu-tools-for-stm32.10.3-2021.10.linux64_1.0.0.202111181127/tools/bin/../lib/gcc/arm-none-eabi/10.3.1/../../../../arm-none-eabi/lib/thumb/v7e-m+fp/hard/libc_nano.a(lib_a-puts.o) (__swbuf_r)
/opt/st/stm32cubeide_1.10.1/plugins/com.st.stm32cube.ide.mcu.externaltools.gnu-tools-for-stm32.10.3-2021.10.linux64_1.0.0.202111181127/tools/bin/../lib/gcc/arm-none-eabi/10.3.1/../../../../arm-none-eabi/lib/thumb/v7e-m+fp/hard/libc_nano.a(lib_a-wsetup.o)
[...]
Memory Configuration

Name             Origin             Length             Attributes
RAM              0x0000000020000000 0x0000000000020000 xrw
FLASH            0x0000000008000000 0x0000000000080000 xr
*default*        0x0000000000000000 0xffffffffffffffff

Linker script and memory map

LOAD /opt/st/stm32cubeide_1.10.1/plugins/com.st.stm32cube.ide.mcu.externaltools.gnu-tools-for-stm32.10.3-2021.10.linux64_1.0.0.202111181127/tools/bin/../lib/gcc/arm-none-eabi/10.3.1/thumb/v7e-m+fp/hard/crti.o
LOAD /opt/st/stm32cubeide_1.10.1/plugins/com.st.stm32cube.ide.mcu.externaltools.gnu-tools-for-stm32.10.3-2021.10.linux64_1.0.0.202111181127/tools/bin/../lib/gcc/arm-none-eabi/10.3.1/thumb/v7e-m+fp/hard/crtbegin.o
LOAD /opt/st/stm32cubeide_1.10.1/plugins/com.st.stm32cube.ide.mcu.externaltools.gnu-tools-for-stm32.10.3-2021.10.linux64_1.0.0.202111181127/tools/bin/../lib/gcc/arm-none-eabi/10.3.1/../../../../arm-none-eabi/lib/thumb/v7e-m+fp/hard/crt0.o
LOAD ./Src/main.o
LOAD ./Src/syscalls.o
LOAD ./Src/sysmem.o
LOAD ./Startup/startup_stm32f411retx.o
LOAD ./ThirdParty/FreeRTOS/croutine.o
LOAD ./ThirdParty/FreeRTOS/event_groups.o
LOAD ./ThirdParty/FreeRTOS/list.o
LOAD ./ThirdParty/FreeRTOS/queue.o
LOAD ./ThirdParty/FreeRTOS/stream_buffer.o
LOAD ./ThirdParty/FreeRTOS/tasks.o
LOAD ./ThirdParty/FreeRTOS/timers.o
LOAD ./ThirdParty/FreeRTOS/portable/GCC/ARM_CM4F/port.o
LOAD ./ThirdParty/FreeRTOS/portable/MemMang/heap_4.o
LOAD ./ThirdParty/SEGGER/Config/SEGGER_SYSVIEW_Config_FreeRTOS.o
LOAD ./ThirdParty/SEGGER/OS/SEGGER_SYSVIEW_FreeRTOS.o
LOAD ./ThirdParty/SEGGER/Rec/segger_uart.o
LOAD ./ThirdParty/SEGGER/SEGGER/SEGGER_RTT.o
LOAD ./ThirdParty/SEGGER/SEGGER/SEGGER_RTT_ASM_ARMv7M.o
LOAD ./ThirdParty/SEGGER/SEGGER/SEGGER_RTT_printf.o
LOAD ./ThirdParty/SEGGER/SEGGER/SEGGER_SYSVIEW.o
LOAD ./ThirdParty/SEGGER/SEGGER/Syscalls/SEGGER_RTT_Syscalls_GCC.o
LOAD /home/miller/Documentos/GitHub/MillerQuintero_Tareas_Proyectos_Taller_5/PeripheralDrivers/Debug/libPeripheralDrivers.a
START GROUP
LOAD /opt/st/stm32cubeide_1.10.1/plugins/com.st.stm32cube.ide.mcu.externaltools.gnu-tools-for-stm32.10.3-2021.10.linux64_1.0.0.202111181127/tools/bin/../lib/gcc/arm-none-eabi/10.3.1/../../../../arm-none-eabi/lib/thumb/v7e-m+fp/hard/libc_nano.a
LOAD /opt/st/stm32cubeide_1.10.1/plugins/com.st.stm32cube.ide.mcu.externaltools.gnu-tools-for-stm32.10.3-2021.10.linux64_1.0.0.202111181127/tools/bin/../lib/gcc/arm-none-eabi/10.3.1/../../../../arm-none-eabi/lib/thumb/v7e-m+fp/hard/libm.a
END GROUP
START GROUP
LOAD /opt/st/stm32cubeide_1.10.1/plugins/com.st.stm32cube.ide.mcu.externaltools.gnu-tools-for-stm32.10.3-2021.10.linux64_1.0.0.202111181127/tools/bin/../lib/gcc/arm-none-eabi/10.3.1/thumb/v7e-m+fp/hard/libgcc.a
LOAD /opt/st/stm32cubeide_1.10.1/plugins/com.st.stm32cube.ide.mcu.externaltools.gnu-tools-for-stm32.10.3-2021.10.linux64_1.0.0.202111181127/tools/bin/../lib/gcc/arm-none-eabi/10.3.1/../../../../arm-none-eabi/lib/thumb/v7e-m+fp/hard/libc_nano.a
END GROUP
START GROUP
LOAD /opt/st/stm32cubeide_1.10.1/plugins/com.st.stm32cube.ide.mcu.externaltools.gnu-tools-for-stm32.10.3-2021.10.linux64_1.0.0.202111181127/tools/bin/../lib/gcc/arm-none-eabi/10.3.1/thumb/v7e-m+fp/hard/libgcc.a
LOAD /opt/st/stm32cubeide_1.10.1/plugins/com.st.stm32cube.ide.mcu.externaltools.gnu-tools-for-stm32.10.3-2021.10.linux64_1.0.0.202111181127/tools/bin/../lib/gcc/arm-none-eabi/10.3.1/../../../../arm-none-eabi/lib/thumb/v7e-m+fp/hard/libc_nano.a
LOAD /opt/st/stm32cubeide_1.10.1/plugins/com.st.stm32cube.ide.mcu.externaltools.gnu-tools-for-stm32.10.3-2021.10.linux64_1.0.0.202111181127/tools/bin/../lib/gcc/arm-none-eabi/10.3.1/../../../../arm-none-eabi/lib/thumb/v7e-m+fp/hard/libnosys.a
END GROUP
START GROUP
LOAD /opt/st/stm32cubeide_1.10.1/plugins/com.st.stm32cube.ide.mcu.externaltools.gnu-tools-for-stm32.10.3-2021.10.linux64_1.0.0.202111181127/tools/bin/../lib/gcc/arm-none-eabi/10.3.1/thumb/v7e-m+fp/hard/libgcc.a
LOAD /opt/st/stm32cubeide_1.10.1/plugins/com.st.stm32cube.ide.mcu.externaltools.gnu-tools-for-stm32.10.3-2021.10.linux64_1.0.0.202111181127/tools/bin/../lib/gcc/arm-none-eabi/10.3.1/../../../../arm-none-eabi/lib/thumb/v7e-m+fp/hard/libc_nano.a
LOAD /opt/st/stm32cubeide_1.10.1/plugins/com.st.stm32cube.ide.mcu.externaltools.gnu-tools-for-stm32.10.3-2021.10.linux64_1.0.0.202111181127/tools/bin/../lib/gcc/arm-none-eabi/10.3.1/../../../../arm-none-eabi/lib/thumb/v7e-m+fp/hard/libnosys.a
END GROUP
LOAD /opt/st/stm32cubeide_1.10.1/plugins/com.st.stm32cube.ide.mcu.externaltools.gnu-tools-for-stm32.10.3-2021.10.linux64_1.0.0.202111181127/tools/bin/../lib/gcc/arm-none-eabi/10.3.1/thumb/v7e-m+fp/hard/crtend.o
LOAD /opt/st/stm32cubeide_1.10.1/plugins/com.st.stm32cube.ide.mcu.externaltools.gnu-tools-for-stm32.10.3-2021.10.linux64_1.0.0.202111181127/tools/bin/../lib/gcc/arm-none-eabi/10.3.1/thumb/v7e-m+fp/hard/crtn.o
                0x0000000020020000                _estack = (ORIGIN (RAM) + LENGTH (RAM))
                0x0000000000000200                _Min_Heap_Size = 0x200
                0x0000000000000400                _Min_Stack_Size = 0x400

.isr_vector     0x0000000008000000      0x198
                0x0000000008000000                . = ALIGN (0x4)
 *(.isr_vector)
 .isr_vector    0x0000000008000000      0x198 ./Startup/startup_stm32f411retx.o
                0x0000000008000000                g_pfnVectors
                0x0000000008000198                . = ALIGN (0x4)

.text           0x00000000080001a0     0x53f4
                0x00000000080001a0                . = ALIGN (0x4)
 *(.text)
 .text          0x00000000080001a0       0x40 /opt/st/stm32cubeide_1.10.1/plugins/com.st.stm32cube.ide.mcu.externaltools.gnu-tools-for-stm32.10.3-2021.10.linux64_1.0.0.202111181127/tools/bin/../lib/gcc/arm-none-eabi/10.3.1/thumb/v7e-m+fp/hard/crtbegin.o
 .text          0x00000000080001e0       0x94 ./ThirdParty/SEGGER/SEGGER/SEGGER_RTT_ASM_ARMv7M.o
                0x00000000080001e0                SEGGER_RTT_ASM_WriteSkipNoLock
 *(.text*)
 .text.main     0x0000000008000274       0xd0 ./Src/main.o
                0x0000000008000274                main
 .text.vTaskOne
                0x0000000008000344       0x24 ./Src/main.o
                0x0000000008000344                vTaskOne
 .text.vTaskTwo
                0x0000000008000368       0x24 ./Src/main.o
                0x0000000008000368                vTaskTwo
 .text._read    0x000000000800038c       0x3a ./Src/syscalls.o
                0x000000000800038c                _read
 .text._close   0x00000000080003c6       0x18 ./Src/syscalls.o
                0x00000000080003c6                _close
 .text._fstat   0x00000000080003de       0x20 ./Src/syscalls.o
                0x00000000080003de                _fstat
 .text._isatty  0x00000000080003fe       0x16 ./Src/syscalls.o
                0x00000000080003fe                _isatty
 .text._lseek   0x0000000008000414       0x1a ./Src/syscalls.o
                0x0000000008000414                _lseek
 *fill*         0x000000000800042e        0x2 
 .text._sbrk    0x0000000008000430       0x6c ./Src/sysmem.o
                0x0000000008000430                _sbrk
 .text.Reset_Handler
                0x000000000800049c       0x50 ./Startup/startup_stm32f411retx.o
                0x000000000800049c                Reset_Handler
 .text.Default_Handler
                0x00000000080004ec        0x2 ./Startup/startup_stm32f411retx.o
                0x00000000080004ec                RTC_Alarm_IRQHandler
                0x00000000080004ec                EXTI2_IRQHandler
                0x00000000080004ec                DebugMon_Handler
                0x00000000080004ec                SPI4_IRQHandler
                0x00000000080004ec                TIM1_CC_IRQHandler
                0x00000000080004ec                DMA2_Stream5_IRQHandler
                0x00000000080004ec                HardFault_Handler
                0x00000000080004ec                DMA1_Stream5_IRQHandler
                0x00000000080004ec                PVD_IRQHandler
                0x00000000080004ec                SDIO_IRQHandler
                0x00000000080004ec                TAMP_STAMP_IRQHandler
                0x00000000080004ec                NMI_Handler
                0x00000000080004ec                EXTI3_IRQHandler
                0x00000000080004ec                TIM1_UP_TIM10_IRQHandler
                0x00000000080004ec                I2C3_ER_IRQHandler
                0x00000000080004ec                EXTI0_IRQHandler
                0x00000000080004ec                I2C2_EV_IRQHandler
                0x00000000080004ec                DMA1_Stream2_IRQHandler
                0x00000000080004ec                FPU_IRQHandler
                0x00000000080004ec                UsageFault_Handler
                0x00000000080004ec                DMA2_Stream2_IRQHandler
                0x00000000080004ec                SPI1_IRQHandler
                0x00000000080004ec                TIM1_BRK_TIM9_IRQHandler
                0x00000000080004ec                DMA2_Stream3_IRQHandler
                0x00000000080004ec                USART6_IRQHandler
                0x00000000080004ec                DMA2_Stream0_IRQHandler
                0x00000000080004ec                TIM4_IRQHandler
                0x00000000080004ec                I2C1_EV_IRQHandler
                0x00000000080004ec                DMA1_Stream6_IRQHandler
                0x00000000080004ec                DMA1_Stream1_IRQHandler
                0x00000000080004ec                TIM3_IRQHandler
                0x00000000080004ec                RCC_IRQHandler
                0x00000000080004ec                Default_Handler
                0x00000000080004ec                EXTI15_10_IRQHandler
                0x00000000080004ec                ADC_IRQHandler
                0x00000000080004ec                DMA1_Stream7_IRQHandler
                0x00000000080004ec                SPI5_IRQHandler
                0x00000000080004ec                TIM5_IRQHandler
                0x00000000080004ec                DMA2_Stream7_IRQHandler
                0x00000000080004ec                I2C3_EV_IRQHandler
                0x00000000080004ec                EXTI9_5_IRQHandler
                0x00000000080004ec                RTC_WKUP_IRQHandler
                0x00000000080004ec                SPI2_IRQHandler
                0x00000000080004ec                MemManage_Handler
                0x00000000080004ec                DMA1_Stream0_IRQHandler
                0x00000000080004ec                EXTI4_IRQHandler
                0x00000000080004ec                WWDG_IRQHandler
                0x00000000080004ec                TIM2_IRQHandler
                0x00000000080004ec                OTG_FS_WKUP_IRQHandler
                0x00000000080004ec                TIM1_TRG_COM_TIM11_IRQHandler
                0x00000000080004ec                EXTI1_IRQHandler
                0x00000000080004ec                I2C2_ER_IRQHandler
                0x00000000080004ec                DMA2_Stream1_IRQHandler
                0x00000000080004ec                FLASH_IRQHandler
                0x00000000080004ec                DMA2_Stream4_IRQHandler
                0x00000000080004ec                BusFault_Handler
                0x00000000080004ec                USART1_IRQHandler
                0x00000000080004ec                OTG_FS_IRQHandler
                0x00000000080004ec                SPI3_IRQHandler
                0x00000000080004ec                DMA1_Stream4_IRQHandler
                0x00000000080004ec                I2C1_ER_IRQHandler
                0x00000000080004ec                DMA2_Stream6_IRQHandler
                0x00000000080004ec                DMA1_Stream3_IRQHandler
 .text.vListInitialise
                0x00000000080004ee       0x40 ./ThirdParty/FreeRTOS/list.o
                0x00000000080004ee                vListInitialise
 .text.vListInitialiseItem
                0x000000000800052e       0x1a ./ThirdParty/FreeRTOS/list.o
                0x000000000800052e                vListInitialiseItem
 .text.vListInsertEnd
                0x0000000008000548       0x48 ./ThirdParty/FreeRTOS/list.o
                0x0000000008000548                vListInsertEnd
 .text.vListInsert
                0x0000000008000590       0x72 ./ThirdParty/FreeRTOS/list.o
                0x0000000008000590                vListInsert
 .text.uxListRemove
                0x0000000008000602       0x54 ./ThirdParty/FreeRTOS/list.o
                0x0000000008000602                uxListRemove
 .text.xQueueGenericReset
                0x0000000008000656      0x104 ./ThirdParty/FreeRTOS/queue.o
                0x0000000008000656                xQueueGenericReset
 .text.xQueueGenericCreate
                0x000000000800075a       0x9c ./ThirdParty/FreeRTOS/queue.o
                0x000000000800075a                xQueueGenericCreate
 .text.prvInitialiseNewQueue
                0x00000000080007f6       0x52 ./ThirdParty/FreeRTOS/queue.o
 .text.xQueueReceive
                0x0000000008000848      0x20c ./ThirdParty/FreeRTOS/queue.o
                0x0000000008000848                xQueueReceive
 .text.prvCopyDataFromQueue
                0x0000000008000a54       0x4c ./ThirdParty/FreeRTOS/queue.o
 .text.prvUnlockQueue
                0x0000000008000aa0       0xa4 ./ThirdParty/FreeRTOS/queue.o
 .text.prvIsQueueEmpty
                0x0000000008000b44       0x2c ./ThirdParty/FreeRTOS/queue.o
 .text.vQueueAddToRegistry
                0x0000000008000b70       0xac ./ThirdParty/FreeRTOS/queue.o
                0x0000000008000b70                vQueueAddToRegistry
 .text.vQueueWaitForMessageRestricted
                0x0000000008000c1c       0x68 ./ThirdParty/FreeRTOS/queue.o
                0x0000000008000c1c                vQueueWaitForMessageRestricted
 .text.xTaskCreate
                0x0000000008000c84       0x82 ./ThirdParty/FreeRTOS/tasks.o
                0x0000000008000c84                xTaskCreate
 .text.prvInitialiseNewTask
                0x0000000008000d06      0x12c ./ThirdParty/FreeRTOS/tasks.o
 *fill*         0x0000000008000e32        0x2 
 .text.prvAddNewTaskToReadyList
                0x0000000008000e34       0xfc ./ThirdParty/FreeRTOS/tasks.o
 .text.vTaskStartScheduler
                0x0000000008000f30       0xc4 ./ThirdParty/FreeRTOS/tasks.o
                0x0000000008000f30                vTaskStartScheduler
 .text.vTaskSuspendAll
                0x0000000008000ff4       0x1c ./ThirdParty/FreeRTOS/tasks.o
                0x0000000008000ff4                vTaskSuspendAll
 .text.xTaskResumeAll
                0x0000000008001010      0x124 ./ThirdParty/FreeRTOS/tasks.o
                0x0000000008001010                xTaskResumeAll
 .text.xTaskGetTickCount
                0x0000000008001134       0x20 ./ThirdParty/FreeRTOS/tasks.o
                0x0000000008001134                xTaskGetTickCount
 .text.xTaskGetTickCountFromISR
                0x0000000008001154       0x24 ./ThirdParty/FreeRTOS/tasks.o
                0x0000000008001154                xTaskGetTickCountFromISR
 .text.xTaskIncrementTick
                0x0000000008001178      0x134 ./ThirdParty/FreeRTOS/tasks.o
                0x0000000008001178                xTaskIncrementTick
 .text.vTaskSwitchContext
                0x00000000080012ac       0xd4 ./ThirdParty/FreeRTOS/tasks.o
                0x00000000080012ac                vTaskSwitchContext
 .text.vTaskPlaceOnEventList
                0x0000000008001380       0x48 ./ThirdParty/FreeRTOS/tasks.o
                0x0000000008001380                vTaskPlaceOnEventList
 .text.vTaskPlaceOnEventListRestricted
                0x00000000080013c8       0x5c ./ThirdParty/FreeRTOS/tasks.o
                0x00000000080013c8                vTaskPlaceOnEventListRestricted
 .text.xTaskRemoveFromEventList
                0x0000000008001424       0xcc ./ThirdParty/FreeRTOS/tasks.o
                0x0000000008001424                xTaskRemoveFromEventList
 .text.vTaskInternalSetTimeOutState
                0x00000000080014f0       0x2c ./ThirdParty/FreeRTOS/tasks.o
                0x00000000080014f0                vTaskInternalSetTimeOutState
 .text.xTaskCheckForTimeOut
                0x000000000800151c       0xcc ./ThirdParty/FreeRTOS/tasks.o
                0x000000000800151c                xTaskCheckForTimeOut
 .text.vTaskMissedYield
                0x00000000080015e8       0x18 ./ThirdParty/FreeRTOS/tasks.o
                0x00000000080015e8                vTaskMissedYield
 .text.prvIdleTask
                0x0000000008001600       0x24 ./ThirdParty/FreeRTOS/tasks.o
 .text.prvInitialiseTaskLists
                0x0000000008001624       0x80 ./ThirdParty/FreeRTOS/tasks.o
 .text.prvCheckTasksWaitingTermination
                0x00000000080016a4       0x5c ./ThirdParty/FreeRTOS/tasks.o
 .text.prvDeleteTCB
                0x0000000008001700       0x20 ./ThirdParty/FreeRTOS/tasks.o
 .text.prvResetNextTaskUnblockTime
                0x0000000008001720       0x38 ./ThirdParty/FreeRTOS/tasks.o
 .text.xTaskGetSchedulerState
                0x0000000008001758       0x3c ./ThirdParty/FreeRTOS/tasks.o
                0x0000000008001758                xTaskGetSchedulerState
 .text.prvAddCurrentTaskToDelayedList
                0x0000000008001794       0xf0 ./ThirdParty/FreeRTOS/tasks.o
 .text.xTimerCreateTimerTask
                0x0000000008001884       0x64 ./ThirdParty/FreeRTOS/timers.o
                0x0000000008001884                xTimerCreateTimerTask
 .text.prvReloadTimer
                0x00000000080018e8       0x42 ./ThirdParty/FreeRTOS/timers.o
 *fill*         0x000000000800192a        0x2 
 .text.prvProcessExpiredTimer
                0x000000000800192c       0x60 ./ThirdParty/FreeRTOS/timers.o
 .text.prvTimerTask
                0x000000000800198c       0x24 ./ThirdParty/FreeRTOS/timers.o
 .text.prvProcessTimerOrBlockTask
                0x00000000080019b0       0x9c ./ThirdParty/FreeRTOS/timers.o
 .text.prvGetNextExpireTime
                0x0000000008001a4c       0x48 ./ThirdParty/FreeRTOS/timers.o
 .text.prvSampleTimeNow
                0x0000000008001a94       0x40 ./ThirdParty/FreeRTOS/timers.o
 .text.prvInsertTimerInActiveList
                0x0000000008001ad4       0x84 ./ThirdParty/FreeRTOS/timers.o
 .text.prvProcessReceivedCommands
                0x0000000008001b58      0x17c ./ThirdParty/FreeRTOS/timers.o
 .text.prvSwitchTimerLists
                0x0000000008001cd4       0x4c ./ThirdParty/FreeRTOS/timers.o
 .text.prvCheckForValidListAndQueue
                0x0000000008001d20       0x6c ./ThirdParty/FreeRTOS/timers.o
 .text.pxPortInitialiseStack
                0x0000000008001d8c       0x68 ./ThirdParty/FreeRTOS/portable/GCC/ARM_CM4F/port.o
                0x0000000008001d8c                pxPortInitialiseStack
 .text.prvTaskExitError
                0x0000000008001df4       0x58 ./ThirdParty/FreeRTOS/portable/GCC/ARM_CM4F/port.o
 *fill*         0x0000000008001e4c        0x4 
 .text.SVC_Handler
                0x0000000008001e50       0x28 ./ThirdParty/FreeRTOS/portable/GCC/ARM_CM4F/port.o
                0x0000000008001e50                SVC_Handler
 .text.prvPortStartFirstTask
                0x0000000008001e78       0x2c ./ThirdParty/FreeRTOS/portable/GCC/ARM_CM4F/port.o
 .text.xPortStartScheduler
                0x0000000008001ea4      0x144 ./ThirdParty/FreeRTOS/portable/GCC/ARM_CM4F/port.o
                0x0000000008001ea4                xPortStartScheduler
 .text.vInitPrioGroupValue
                0x0000000008001fe8       0xfc ./ThirdParty/FreeRTOS/portable/GCC/ARM_CM4F/port.o
                0x0000000008001fe8                vInitPrioGroupValue
 .text.vPortEnterCritical
                0x00000000080020e4       0x60 ./ThirdParty/FreeRTOS/portable/GCC/ARM_CM4F/port.o
                0x00000000080020e4                vPortEnterCritical
 .text.vPortExitCritical
                0x0000000008002144       0x54 ./ThirdParty/FreeRTOS/portable/GCC/ARM_CM4F/port.o
                0x0000000008002144                vPortExitCritical
 *fill*         0x0000000008002198        0x8 
 .text.PendSV_Handler
                0x00000000080021a0       0x68 ./ThirdParty/FreeRTOS/portable/GCC/ARM_CM4F/port.o
                0x00000000080021a0                PendSV_Handler
 .text.SysTick_Handler
                0x0000000008002208       0x54 ./ThirdParty/FreeRTOS/portable/GCC/ARM_CM4F/port.o
                0x0000000008002208                SysTick_Handler
 .text.vPortSetupTimerInterrupt
                0x000000000800225c       0x48 ./ThirdParty/FreeRTOS/portable/GCC/ARM_CM4F/port.o
                0x000000000800225c                vPortSetupTimerInterrupt
 .text.vPortEnableVFP
                0x00000000080022a4       0x18 ./ThirdParty/FreeRTOS/portable/GCC/ARM_CM4F/port.o
 .text.vPortValidateInterruptPriority
                0x00000000080022bc       0x80 ./ThirdParty/FreeRTOS/portable/GCC/ARM_CM4F/port.o
                0x00000000080022bc                vPortValidateInterruptPriority
 .text.pvPortMalloc
                0x000000000800233c      0x174 ./ThirdParty/FreeRTOS/portable/MemMang/heap_4.o
                0x000000000800233c                pvPortMalloc
 .text.vPortFree
                0x00000000080024b0       0xb8 ./ThirdParty/FreeRTOS/portable/MemMang/heap_4.o
                0x00000000080024b0                vPortFree
 .text.prvHeapInit
                0x0000000008002568       0xb8 ./ThirdParty/FreeRTOS/portable/MemMang/heap_4.o
 .text.prvInsertBlockIntoFreeList
                0x0000000008002620       0xb4 ./ThirdParty/FreeRTOS/portable/MemMang/heap_4.o
 .text._cbSendSystemDesc
                0x00000000080026d4       0x1c ./ThirdParty/SEGGER/Config/SEGGER_SYSVIEW_Config_FreeRTOS.o
 .text.SEGGER_SYSVIEW_Conf
                0x00000000080026f0       0x2c ./ThirdParty/SEGGER/Config/SEGGER_SYSVIEW_Config_FreeRTOS.o
                0x00000000080026f0                SEGGER_SYSVIEW_Conf
 .text._cbSendTaskList
                0x000000000800271c       0x90 ./ThirdParty/SEGGER/OS/SEGGER_SYSVIEW_FreeRTOS.o
 .text._cbGetTime
                0x00000000080027ac       0x86 ./ThirdParty/SEGGER/OS/SEGGER_SYSVIEW_FreeRTOS.o
 *fill*         0x0000000008002832        0x2 
 .text.SYSVIEW_AddTask
                0x0000000008002834       0xd0 ./ThirdParty/SEGGER/OS/SEGGER_SYSVIEW_FreeRTOS.o
                0x0000000008002834                SYSVIEW_AddTask
 .text.SYSVIEW_SendTaskInfo
                0x0000000008002904       0x42 ./ThirdParty/SEGGER/OS/SEGGER_SYSVIEW_FreeRTOS.o
                0x0000000008002904                SYSVIEW_SendTaskInfo
 *fill*         0x0000000008002946        0x2 
 .text.__NVIC_EnableIRQ
                0x0000000008002948       0x3c ./ThirdParty/SEGGER/Rec/segger_uart.o
 .text.__NVIC_SetPriority
                0x0000000008002984       0x54 ./ThirdParty/SEGGER/Rec/segger_uart.o
 .text._StartSysView
                0x00000000080029d8       0x1e ./ThirdParty/SEGGER/Rec/segger_uart.o
 *fill*         0x00000000080029f6        0x2 
 .text._cbOnUARTRx
                0x00000000080029f8       0x40 ./ThirdParty/SEGGER/Rec/segger_uart.o
 .text._cbOnUARTTx
                0x0000000008002a38       0x64 ./ThirdParty/SEGGER/Rec/segger_uart.o
 .text.SEGGER_UART_init
                0x0000000008002a9c       0x24 ./ThirdParty/SEGGER/Rec/segger_uart.o
                0x0000000008002a9c                SEGGER_UART_init
 .text.USART2_IRQHandler
                0x0000000008002ac0       0x94 ./ThirdParty/SEGGER/Rec/segger_uart.o
                0x0000000008002ac0                USART2_IRQHandler
 .text.HIF_UART_EnableTXEInterrupt
                0x0000000008002b54       0x20 ./ThirdParty/SEGGER/Rec/segger_uart.o
                0x0000000008002b54                HIF_UART_EnableTXEInterrupt
 .text.HIF_UART_Init
                0x0000000008002b74       0xf4 ./ThirdParty/SEGGER/Rec/segger_uart.o
                0x0000000008002b74                HIF_UART_Init
 .text._DoInit  0x0000000008002c68       0xb0 ./ThirdParty/SEGGER/SEGGER/SEGGER_RTT.o
 .text._WriteBlocking
                0x0000000008002d18       0xba ./ThirdParty/SEGGER/SEGGER/SEGGER_RTT.o
 .text._WriteNoCheck
                0x0000000008002dd2       0x90 ./ThirdParty/SEGGER/SEGGER/SEGGER_RTT.o
 .text._GetAvailWriteSpace
                0x0000000008002e62       0x46 ./ThirdParty/SEGGER/SEGGER/SEGGER_RTT.o
 .text.SEGGER_RTT_ReadUpBufferNoLock
                0x0000000008002ea8      0x10c ./ThirdParty/SEGGER/SEGGER/SEGGER_RTT.o
                0x0000000008002ea8                SEGGER_RTT_ReadUpBufferNoLock
 .text.SEGGER_RTT_ReadNoLock
                0x0000000008002fb4      0x10c ./ThirdParty/SEGGER/SEGGER/SEGGER_RTT.o
                0x0000000008002fb4                SEGGER_RTT_ReadNoLock
 .text.SEGGER_RTT_WriteDownBufferNoLock
                0x00000000080030c0       0xa0 ./ThirdParty/SEGGER/SEGGER/SEGGER_RTT.o
                0x00000000080030c0                SEGGER_RTT_WriteDownBufferNoLock
 .text.SEGGER_RTT_WriteNoLock
                0x0000000008003160       0xa0 ./ThirdParty/SEGGER/SEGGER/SEGGER_RTT.o
                0x0000000008003160                SEGGER_RTT_WriteNoLock
 .text.SEGGER_RTT_WriteDownBuffer
                0x0000000008003200       0x4c ./ThirdParty/SEGGER/SEGGER/SEGGER_RTT.o
                0x0000000008003200                SEGGER_RTT_WriteDownBuffer
 .text.SEGGER_RTT_Write
                0x000000000800324c       0x4c ./ThirdParty/SEGGER/SEGGER/SEGGER_RTT.o
                0x000000000800324c                SEGGER_RTT_Write
 .text.SEGGER_RTT_AllocUpBuffer
                0x0000000008003298      0x108 ./ThirdParty/SEGGER/SEGGER/SEGGER_RTT.o
                0x0000000008003298                SEGGER_RTT_AllocUpBuffer
 .text.SEGGER_RTT_ConfigDownBuffer
                0x00000000080033a0       0xe0 ./ThirdParty/SEGGER/SEGGER/SEGGER_RTT.o
                0x00000000080033a0                SEGGER_RTT_ConfigDownBuffer
 .text._EncodeStr
                0x0000000008003480       0x9a ./ThirdParty/SEGGER/SEGGER/SEGGER_SYSVIEW.o
 .text._PreparePacket
                0x000000000800351a       0x18 ./ThirdParty/SEGGER/SEGGER/SEGGER_SYSVIEW.o
 *fill*         0x0000000008003532        0x2 
 .text._HandleIncomingPacket
                0x0000000008003534       0xe4 ./ThirdParty/SEGGER/SEGGER/SEGGER_SYSVIEW.o
 .text._TrySendOverflowPacket
                0x0000000008003618       0xe8 ./ThirdParty/SEGGER/SEGGER/SEGGER_SYSVIEW.o
 .text._SendPacket
                0x0000000008003700      0x1d0 ./ThirdParty/SEGGER/SEGGER/SEGGER_SYSVIEW.o
 .text.SEGGER_SYSVIEW_Init
                0x00000000080038d0       0x88 ./ThirdParty/SEGGER/SEGGER/SEGGER_SYSVIEW.o
                0x00000000080038d0                SEGGER_SYSVIEW_Init
 .text.SEGGER_SYSVIEW_SetRAMBase
                0x0000000008003958       0x20 ./ThirdParty/SEGGER/SEGGER/SEGGER_SYSVIEW.o
                0x0000000008003958                SEGGER_SYSVIEW_SetRAMBase
 .text.SEGGER_SYSVIEW_RecordVoid
                0x0000000008003978       0x3c ./ThirdParty/SEGGER/SEGGER/SEGGER_SYSVIEW.o
                0x0000000008003978                SEGGER_SYSVIEW_RecordVoid
 .text.SEGGER_SYSVIEW_RecordU32
                0x00000000080039b4       0x78 ./ThirdParty/SEGGER/SEGGER/SEGGER_SYSVIEW.o
                0x00000000080039b4                SEGGER_SYSVIEW_RecordU32
 .text.SEGGER_SYSVIEW_RecordU32x2
                0x0000000008003a2c       0xb4 ./ThirdParty/SEGGER/SEGGER/SEGGER_SYSVIEW.o
                0x0000000008003a2c                SEGGER_SYSVIEW_RecordU32x2
 .text.SEGGER_SYSVIEW_RecordU32x3
                0x0000000008003ae0       0xec ./ThirdParty/SEGGER/SEGGER/SEGGER_SYSVIEW.o
                0x0000000008003ae0                SEGGER_SYSVIEW_RecordU32x3
 .text.SEGGER_SYSVIEW_RecordU32x4
                0x0000000008003bcc      0x124 ./ThirdParty/SEGGER/SEGGER/SEGGER_SYSVIEW.o
                0x0000000008003bcc                SEGGER_SYSVIEW_RecordU32x4
 .text.SEGGER_SYSVIEW_Start
                0x0000000008003cf0      0x178 ./ThirdParty/SEGGER/SEGGER/SEGGER_SYSVIEW.o
                0x0000000008003cf0                SEGGER_SYSVIEW_Start
 .text.SEGGER_SYSVIEW_Stop
                0x0000000008003e68       0x4c ./ThirdParty/SEGGER/SEGGER/SEGGER_SYSVIEW.o
                0x0000000008003e68                SEGGER_SYSVIEW_Stop
 .text.SEGGER_SYSVIEW_GetSysDesc
                0x0000000008003eb4      0x134 ./ThirdParty/SEGGER/SEGGER/SEGGER_SYSVIEW.o
                0x0000000008003eb4                SEGGER_SYSVIEW_GetSysDesc
 .text.SEGGER_SYSVIEW_SendTaskInfo
                0x0000000008003fe8      0x1c8 ./ThirdParty/SEGGER/SEGGER/SEGGER_SYSVIEW.o
                0x0000000008003fe8                SEGGER_SYSVIEW_SendTaskInfo
 .text.SEGGER_SYSVIEW_SendTaskList
                0x00000000080041b0       0x28 ./ThirdParty/SEGGER/SEGGER/SEGGER_SYSVIEW.o
                0x00000000080041b0                SEGGER_SYSVIEW_SendTaskList
 .text.SEGGER_SYSVIEW_SendSysDesc
                0x00000000080041d8       0x48 ./ThirdParty/SEGGER/SEGGER/SEGGER_SYSVIEW.o
                0x00000000080041d8                SEGGER_SYSVIEW_SendSysDesc
 .text.SEGGER_SYSVIEW_RecordSystime
                0x0000000008004220       0x64 ./ThirdParty/SEGGER/SEGGER/SEGGER_SYSVIEW.o
                0x0000000008004220                SEGGER_SYSVIEW_RecordSystime
 .text.SEGGER_SYSVIEW_RecordEnterISR
                0x0000000008004284       0x84 ./ThirdParty/SEGGER/SEGGER/SEGGER_SYSVIEW.o
                0x0000000008004284                SEGGER_SYSVIEW_RecordEnterISR
 .text.SEGGER_SYSVIEW_RecordExitISR
                0x0000000008004308       0x38 ./ThirdParty/SEGGER/SEGGER/SEGGER_SYSVIEW.o
                0x0000000008004308                SEGGER_SYSVIEW_RecordExitISR
 .text.SEGGER_SYSVIEW_RecordExitISRToScheduler
                0x0000000008004340       0x38 ./ThirdParty/SEGGER/SEGGER/SEGGER_SYSVIEW.o
                0x0000000008004340                SEGGER_SYSVIEW_RecordExitISRToScheduler
 .text.SEGGER_SYSVIEW_OnIdle
                0x0000000008004378       0x38 ./ThirdParty/SEGGER/SEGGER/SEGGER_SYSVIEW.o
                0x0000000008004378                SEGGER_SYSVIEW_OnIdle
 .text.SEGGER_SYSVIEW_OnTaskCreate
                0x00000000080043b0       0x84 ./ThirdParty/SEGGER/SEGGER/SEGGER_SYSVIEW.o
                0x00000000080043b0                SEGGER_SYSVIEW_OnTaskCreate
 .text.SEGGER_SYSVIEW_OnTaskStartExec
                0x0000000008004434       0x84 ./ThirdParty/SEGGER/SEGGER/SEGGER_SYSVIEW.o
                0x0000000008004434                SEGGER_SYSVIEW_OnTaskStartExec
 .text.SEGGER_SYSVIEW_OnTaskStartReady
                0x00000000080044b8       0x84 ./ThirdParty/SEGGER/SEGGER/SEGGER_SYSVIEW.o
                0x00000000080044b8                SEGGER_SYSVIEW_OnTaskStartReady
 .text.SEGGER_SYSVIEW_OnTaskStopReady
                0x000000000800453c       0xc0 ./ThirdParty/SEGGER/SEGGER/SEGGER_SYSVIEW.o
                0x000000000800453c                SEGGER_SYSVIEW_OnTaskStopReady
 .text.SEGGER_SYSVIEW_ShrinkId
                0x00000000080045fc       0x20 ./ThirdParty/SEGGER/SEGGER/SEGGER_SYSVIEW.o
                0x00000000080045fc                SEGGER_SYSVIEW_ShrinkId
 .text.SEGGER_SYSVIEW_SendModule
                0x000000000800461c      0x100 ./ThirdParty/SEGGER/SEGGER/SEGGER_SYSVIEW.o
                0x000000000800461c                SEGGER_SYSVIEW_SendModule
 .text.SEGGER_SYSVIEW_SendModuleDescription
                0x000000000800471c       0x3c ./ThirdParty/SEGGER/SEGGER/SEGGER_SYSVIEW.o
                0x000000000800471c                SEGGER_SYSVIEW_SendModuleDescription
 .text.SEGGER_SYSVIEW_SendNumModules
                0x0000000008004758       0x7c ./ThirdParty/SEGGER/SEGGER/SEGGER_SYSVIEW.o
                0x0000000008004758                SEGGER_SYSVIEW_SendNumModules
 .text.SEGGER_SYSVIEW_Warn
                0x00000000080047d4       0xb8 ./ThirdParty/SEGGER/SEGGER/SEGGER_SYSVIEW.o
                0x00000000080047d4                SEGGER_SYSVIEW_Warn
 .text.SEGGER_SYSVIEW_IsStarted
                0x000000000800488c       0x5c ./ThirdParty/SEGGER/SEGGER/SEGGER_SYSVIEW.o
                0x000000000800488c                SEGGER_SYSVIEW_IsStarted
 .text._write_r
                0x00000000080048e8       0x22 ./ThirdParty/SEGGER/SEGGER/Syscalls/SEGGER_RTT_Syscalls_GCC.o
                0x00000000080048e8                _write_r
 *fill*         0x000000000800490a        0x2 
 .text.configPLL
                0x000000000800490c      0x1f8 /home/miller/Documentos/GitHub/MillerQuintero_Tareas_Proyectos_Taller_5/PeripheralDrivers/Debug/libPeripheralDrivers.a(PLLDriver.o)
                0x000000000800490c                configPLL
 .text.__errno  0x0000000008004b04        0xc /opt/st/stm32cubeide_1.10.1/plugins/com.st.stm32cube.ide.mcu.externaltools.gnu-tools-for-stm32.10.3-2021.10.linux64_1.0.0.202111181127/tools/bin/../lib/gcc/arm-none-eabi/10.3.1/../../../../arm-none-eabi/lib/thumb/v7e-m+fp/hard/libc_nano.a(lib_a-errno.o)
                0x0000000008004b04                __errno
 .text.__libc_init_array
                0x0000000008004b10       0x48 /opt/st/stm32cubeide_1.10.1/plugins/com.st.stm32cube.ide.mcu.externaltools.gnu-tools-for-stm32.10.3-2021.10.linux64_1.0.0.202111181127/tools/bin/../lib/gcc/arm-none-eabi/10.3.1/../../../../arm-none-eabi/lib/thumb/v7e-m+fp/hard/libc_nano.a(lib_a-init.o)
                0x0000000008004b10                __libc_init_array
 .text.memcmp   0x0000000008004b58       0x20 /opt/st/stm32cubeide_1.10.1/plugins/com.st.stm32cube.ide.mcu.externaltools.gnu-tools-for-stm32.10.3-2021.10.linux64_1.0.0.202111181127/tools/bin/../lib/gcc/arm-none-eabi/10.3.1/../../../../arm-none-eabi/lib/thumb/v7e-m+fp/hard/libc_nano.a(lib_a-memcmp.o)
                0x0000000008004b58                memcmp
 .text.memcpy   0x0000000008004b78       0x1c /opt/st/stm32cubeide_1.10.1/plugins/com.st.stm32cube.ide.mcu.externaltools.gnu-tools-for-stm32.10.3-2021.10.linux64_1.0.0.202111181127/tools/bin/../lib/gcc/arm-none-eabi/10.3.1/../../../../arm-none-eabi/lib/thumb/v7e-m+fp/hard/libc_nano.a(lib_a-memcpy-stub.o)
                0x0000000008004b78                memcpy
 .text.memset   0x0000000008004b94       0x10 /opt/st/stm32cubeide_1.10.1/plugins/com.st.stm32cube.ide.mcu.externaltools.gnu-tools-for-stm32.10.3-2021.10.linux64_1.0.0.202111181127/tools/bin/../lib/gcc/arm-none-eabi/10.3.1/../../../../arm-none-eabi/lib/thumb/v7e-m+fp/hard/libc_nano.a(lib_a-memset.o)
                0x0000000008004b94                memset
 .text._puts_r  0x0000000008004ba4       0xdc /opt/st/stm32cubeide_1.10.1/plugins/com.st.stm32cube.ide.mcu.externaltools.gnu-tools-for-stm32.10.3-2021.10.linux64_1.0.0.202111181127/tools/bin/../lib/gcc/arm-none-eabi/10.3.1/../../../../arm-none-eabi/lib/thumb/v7e-m+fp/hard/libc_nano.a(lib_a-puts.o)
                0x0000000008004ba4                _puts_r
 .text.puts     0x0000000008004c80       0x10 /opt/st/stm32cubeide_1.10.1/plugins/com.st.stm32cube.ide.mcu.externaltools.gnu-tools-for-stm32.10.3-2021.10.linux64_1.0.0.202111181127/tools/bin/../lib/gcc/arm-none-eabi/10.3.1/../../../../arm-none-eabi/lib/thumb/v7e-m+fp/hard/libc_nano.a(lib_a-puts.o)
                0x0000000008004c80                puts
 .text.__swbuf_r
                0x0000000008004c90       0xa4 /opt/st/stm32cubeide_1.10.1/plugins/com.st.stm32cube.ide.mcu.externaltools.gnu-tools-for-stm32.10.3-2021.10.linux64_1.0.0.202111181127/tools/bin/../lib/gcc/arm-none-eabi/10.3.1/../../../../arm-none-eabi/lib/thumb/v7e-m+fp/hard/libc_nano.a(lib_a-wbuf.o)
                0x0000000008004c90                __swbuf_r
 .text.__swsetup_r
                0x0000000008004d34       0xdc /opt/st/stm32cubeide_1.10.1/plugins/com.st.stm32cube.ide.mcu.externaltools.gnu-tools-for-stm32.10.3-2021.10.linux64_1.0.0.202111181127/tools/bin/../lib/gcc/arm-none-eabi/10.3.1/../../../../arm-none-eabi/lib/thumb/v7e-m+fp/hard/libc_nano.a(lib_a-wsetup.o)
                0x0000000008004d34                __swsetup_r
 .text.__sflush_r
                0x0000000008004e10      0x10c /opt/st/stm32cubeide_1.10.1/plugins/com.st.stm32cube.ide.mcu.externaltools.gnu-tools-for-stm32.10.3-2021.10.linux64_1.0.0.202111181127/tools/bin/../lib/gcc/arm-none-eabi/10.3.1/../../../../arm-none-eabi/lib/thumb/v7e-m+fp/hard/libc_nano.a(lib_a-fflush.o)
                0x0000000008004e10                __sflush_r
 .text._fflush_r
                0x0000000008004f1c       0x78 /opt/st/stm32cubeide_1.10.1/plugins/com.st.stm32cube.ide.mcu.externaltools.gnu-tools-for-stm32.10.3-2021.10.linux64_1.0.0.202111181127/tools/bin/../lib/gcc/arm-none-eabi/10.3.1/../../../../arm-none-eabi/lib/thumb/v7e-m+fp/hard/libc_nano.a(lib_a-fflush.o)
                0x0000000008004f1c                _fflush_r
 .text.std      0x0000000008004f94       0x48 /opt/st/stm32cubeide_1.10.1/plugins/com.st.stm32cube.ide.mcu.externaltools.gnu-tools-for-stm32.10.3-2021.10.linux64_1.0.0.202111181127/tools/bin/../lib/gcc/arm-none-eabi/10.3.1/../../../../arm-none-eabi/lib/thumb/v7e-m+fp/hard/libc_nano.a(lib_a-findfp.o)
 .text._cleanup_r
                0x0000000008004fdc        0xc /opt/st/stm32cubeide_1.10.1/plugins/com.st.stm32cube.ide.mcu.externaltools.gnu-tools-for-stm32.10.3-2021.10.linux64_1.0.0.202111181127/tools/bin/../lib/gcc/arm-none-eabi/10.3.1/../../../../arm-none-eabi/lib/thumb/v7e-m+fp/hard/libc_nano.a(lib_a-findfp.o)
                0x0000000008004fdc                _cleanup_r
 .text.__sfmoreglue
                0x0000000008004fe8       0x2c /opt/st/stm32cubeide_1.10.1/plugins/com.st.stm32cube.ide.mcu.externaltools.gnu-tools-for-stm32.10.3-2021.10.linux64_1.0.0.202111181127/tools/bin/../lib/gcc/arm-none-eabi/10.3.1/../../../../arm-none-eabi/lib/thumb/v7e-m+fp/hard/libc_nano.a(lib_a-findfp.o)
                0x0000000008004fe8                __sfmoreglue
 .text.__sfp_lock_acquire
                0x0000000008005014        0xc /opt/st/stm32cubeide_1.10.1/plugins/com.st.stm32cube.ide.mcu.externaltools.gnu-tools-for-stm32.10.3-2021.10.linux64_1.0.0.202111181127/tools/bin/../lib/gcc/arm-none-eabi/10.3.1/../../../../arm-none-eabi/lib/thumb/v7e-m+fp/hard/libc_nano.a(lib_a-findfp.o)
                0x0000000008005014                __sfp_lock_acquire
 .text.__sfp_lock_release
                0x0000000008005020        0xc /opt/st/stm32cubeide_1.10.1/plugins/com.st.stm32cube.ide.mcu.externaltools.gnu-tools-for-stm32.10.3-2021.10.linux64_1.0.0.202111181127/tools/bin/../lib/gcc/arm-none-eabi/10.3.1/../../../../arm-none-eabi/lib/thumb/v7e-m+fp/hard/libc_nano.a(lib_a-findfp.o)
                0x0000000008005020                __sfp_lock_release
 .text.__sinit_lock_acquire
                0x000000000800502c        0xc /opt/st/stm32cubeide_1.10.1/plugins/com.st.stm32cube.ide.mcu.externaltools.gnu-tools-for-stm32.10.3-2021.10.linux64_1.0.0.202111181127/tools/bin/../lib/gcc/arm-none-eabi/10.3.1/../../../../arm-none-eabi/lib/thumb/v7e-m+fp/hard/libc_nano.a(lib_a-findfp.o)
                0x000000000800502c                __sinit_lock_acquire
 .text.__sinit_lock_release
                0x0000000008005038        0xc /opt/st/stm32cubeide_1.10.1/plugins/com.st.stm32cube.ide.mcu.externaltools.gnu-tools-for-stm32.10.3-2021.10.linux64_1.0.0.202111181127/tools/bin/../lib/gcc/arm-none-eabi/10.3.1/../../../../arm-none-eabi/lib/thumb/v7e-m+fp/hard/libc_nano.a(lib_a-findfp.o)
                0x0000000008005038                __sinit_lock_release
 .text.__sinit  0x0000000008005044       0x70 /opt/st/stm32cubeide_1.10.1/plugins/com.st.stm32cube.ide.mcu.externaltools.gnu-tools-for-stm32.10.3-2021.10.linux64_1.0.0.202111181127/tools/bin/../lib/gcc/arm-none-eabi/10.3.1/../../../../arm-none-eabi/lib/thumb/v7e-m+fp/hard/libc_nano.a(lib_a-findfp.o)
                0x0000000008005044                __sinit
 .text.__sfp    0x00000000080050b4       0x8c /opt/st/stm32cubeide_1.10.1/plugins/com.st.stm32cube.ide.mcu.externaltools.gnu-tools-for-stm32.10.3-2021.10.linux64_1.0.0.202111181127/tools/bin/../lib/gcc/arm-none-eabi/10.3.1/../../../../arm-none-eabi/lib/thumb/v7e-m+fp/hard/libc_nano.a(lib_a-findfp.o)
                0x00000000080050b4                __sfp
 .text._fwalk_reent
                0x0000000008005140       0x3e /opt/st/stm32cubeide_1.10.1/plugins/com.st.stm32cube.ide.mcu.externaltools.gnu-tools-for-stm32.10.3-2021.10.linux64_1.0.0.202111181127/tools/bin/../lib/gcc/arm-none-eabi/10.3.1/../../../../arm-none-eabi/lib/thumb/v7e-m+fp/hard/libc_nano.a(lib_a-fwalk.o)
                0x0000000008005140                _fwalk_reent
 .text.__retarget_lock_init_recursive
                0x000000000800517e        0x2 /opt/st/stm32cubeide_1.10.1/plugins/com.st.stm32cube.ide.mcu.externaltools.gnu-tools-for-stm32.10.3-2021.10.linux64_1.0.0.202111181127/tools/bin/../lib/gcc/arm-none-eabi/10.3.1/../../../../arm-none-eabi/lib/thumb/v7e-m+fp/hard/libc_nano.a(lib_a-lock.o)
                0x000000000800517e                __retarget_lock_init_recursive
 .text.__retarget_lock_acquire_recursive
                0x0000000008005180        0x2 /opt/st/stm32cubeide_1.10.1/plugins/com.st.stm32cube.ide.mcu.externaltools.gnu-tools-for-stm32.10.3-2021.10.linux64_1.0.0.202111181127/tools/bin/../lib/gcc/arm-none-eabi/10.3.1/../../../../arm-none-eabi/lib/thumb/v7e-m+fp/hard/libc_nano.a(lib_a-lock.o)
                0x0000000008005180                __retarget_lock_acquire_recursive
 .text.__retarget_lock_release_recursive
                0x0000000008005182        0x2 /opt/st/stm32cubeide_1.10.1/plugins/com.st.stm32cube.ide.mcu.externaltools.gnu-tools-for-stm32.10.3-2021.10.linux64_1.0.0.202111181127/tools/bin/../lib/gcc/arm-none-eabi/10.3.1/../../../../arm-none-eabi/lib/thumb/v7e-m+fp/hard/libc_nano.a(lib_a-lock.o)
                0x0000000008005182                __retarget_lock_release_recursive
 .text.__swhatbuf_r
                0x0000000008005184       0x4a /opt/st/stm32cubeide_1.10.1/plugins/com.st.stm32cube.ide.mcu.externaltools.gnu-tools-for-stm32.10.3-2021.10.linux64_1.0.0.202111181127/tools/bin/../lib/gcc/arm-none-eabi/10.3.1/../../../../arm-none-eabi/lib/thumb/v7e-m+fp/hard/libc_nano.a(lib_a-makebuf.o)
                0x0000000008005184                __swhatbuf_r
 *fill*         0x00000000080051ce        0x2 
 .text.__smakebuf_r
                0x00000000080051d0       0x80 /opt/st/stm32cubeide_1.10.1/plugins/com.st.stm32cube.ide.mcu.externaltools.gnu-tools-for-stm32.10.3-2021.10.linux64_1.0.0.202111181127/tools/bin/../lib/gcc/arm-none-eabi/10.3.1/../../../../arm-none-eabi/lib/thumb/v7e-m+fp/hard/libc_nano.a(lib_a-makebuf.o)
                0x00000000080051d0                __smakebuf_r
 .text._free_r  0x0000000008005250       0x98 /opt/st/stm32cubeide_1.10.1/plugins/com.st.stm32cube.ide.mcu.externaltools.gnu-tools-for-stm32.10.3-2021.10.linux64_1.0.0.202111181127/tools/bin/../lib/gcc/arm-none-eabi/10.3.1/../../../../arm-none-eabi/lib/thumb/v7e-m+fp/hard/libc_nano.a(lib_a-nano-freer.o)
                0x0000000008005250                _free_r
 .text.sbrk_aligned
                0x00000000080052e8       0x40 /opt/st/stm32cubeide_1.10.1/plugins/com.st.stm32cube.ide.mcu.externaltools.gnu-tools-for-stm32.10.3-2021.10.linux64_1.0.0.202111181127/tools/bin/../lib/gcc/arm-none-eabi/10.3.1/../../../../arm-none-eabi/lib/thumb/v7e-m+fp/hard/libc_nano.a(lib_a-nano-mallocr.o)
 .text._malloc_r
                0x0000000008005328       0xe8 /opt/st/stm32cubeide_1.10.1/plugins/com.st.stm32cube.ide.mcu.externaltools.gnu-tools-for-stm32.10.3-2021.10.linux64_1.0.0.202111181127/tools/bin/../lib/gcc/arm-none-eabi/10.3.1/../../../../arm-none-eabi/lib/thumb/v7e-m+fp/hard/libc_nano.a(lib_a-nano-mallocr.o)
                0x0000000008005328                _malloc_r
 .text._sbrk_r  0x0000000008005410       0x20 /opt/st/stm32cubeide_1.10.1/plugins/com.st.stm32cube.ide.mcu.externaltools.gnu-tools-for-stm32.10.3-2021.10.linux64_1.0.0.202111181127/tools/bin/../lib/gcc/arm-none-eabi/10.3.1/../../../../arm-none-eabi/lib/thumb/v7e-m+fp/hard/libc_nano.a(lib_a-sbrkr.o)
                0x0000000008005410                _sbrk_r
 .text.__sread  0x0000000008005430       0x22 /opt/st/stm32cubeide_1.10.1/plugins/com.st.stm32cube.ide.mcu.externaltools.gnu-tools-for-stm32.10.3-2021.10.linux64_1.0.0.202111181127/tools/bin/../lib/gcc/arm-none-eabi/10.3.1/../../../../arm-none-eabi/lib/thumb/v7e-m+fp/hard/libc_nano.a(lib_a-stdio.o)
                0x0000000008005430                __sread
 .text.__swrite
                0x0000000008005452       0x38 /opt/st/stm32cubeide_1.10.1/plugins/com.st.stm32cube.ide.mcu.externaltools.gnu-tools-for-stm32.10.3-2021.10.linux64_1.0.0.202111181127/tools/bin/../lib/gcc/arm-none-eabi/10.3.1/../../../../arm-none-eabi/lib/thumb/v7e-m+fp/hard/libc_nano.a(lib_a-stdio.o)
                0x0000000008005452                __swrite
 .text.__sseek  0x000000000800548a       0x24 /opt/st/stm32cubeide_1.10.1/plugins/com.st.stm32cube.ide.mcu.externaltools.gnu-tools-for-stm32.10.3-2021.10.linux64_1.0.0.202111181127/tools/bin/../lib/gcc/arm-none-eabi/10.3.1/../../../../arm-none-eabi/lib/thumb/v7e-m+fp/hard/libc_nano.a(lib_a-stdio.o)
                0x000000000800548a                __sseek
 .text.__sclose
                0x00000000080054ae        0x8 /opt/st/stm32cubeide_1.10.1/plugins/com.st.stm32cube.ide.mcu.externaltools.gnu-tools-for-stm32.10.3-2021.10.linux64_1.0.0.202111181127/tools/bin/../lib/gcc/arm-none-eabi/10.3.1/../../../../arm-none-eabi/lib/thumb/v7e-m+fp/hard/libc_nano.a(lib_a-stdio.o)
                0x00000000080054ae                __sclose
 *fill*         0x00000000080054b6        0x2 
 .text._close_r
                0x00000000080054b8       0x20 /opt/st/stm32cubeide_1.10.1/plugins/com.st.stm32cube.ide.mcu.externaltools.gnu-tools-for-stm32.10.3-2021.10.linux64_1.0.0.202111181127/tools/bin/../lib/gcc/arm-none-eabi/10.3.1/../../../../arm-none-eabi/lib/thumb/v7e-m+fp/hard/libc_nano.a(lib_a-closer.o)
                0x00000000080054b8                _close_r
 .text._fstat_r
                0x00000000080054d8       0x24 /opt/st/stm32cubeide_1.10.1/plugins/com.st.stm32cube.ide.mcu.externaltools.gnu-tools-for-stm32.10.3-2021.10.linux64_1.0.0.202111181127/tools/bin/../lib/gcc/arm-none-eabi/10.3.1/../../../../arm-none-eabi/lib/thumb/v7e-m+fp/hard/libc_nano.a(lib_a-fstatr.o)
                0x00000000080054d8                _fstat_r
 .text._isatty_r
                0x00000000080054fc       0x20 /opt/st/stm32cubeide_1.10.1/plugins/com.st.stm32cube.ide.mcu.externaltools.gnu-tools-for-stm32.10.3-2021.10.linux64_1.0.0.202111181127/tools/bin/../lib/gcc/arm-none-eabi/10.3.1/../../../../arm-none-eabi/lib/thumb/v7e-m+fp/hard/libc_nano.a(lib_a-isattyr.o)
                0x00000000080054fc                _isatty_r
 .text._lseek_r
                0x000000000800551c       0x24 /opt/st/stm32cubeide_1.10.1/plugins/com.st.stm32cube.ide.mcu.externaltools.gnu-tools-for-stm32.10.3-2021.10.linux64_1.0.0.202111181127/tools/bin/../lib/gcc/arm-none-eabi/10.3.1/../../../../arm-none-eabi/lib/thumb/v7e-m+fp/hard/libc_nano.a(lib_a-lseekr.o)
                0x000000000800551c                _lseek_r
 .text.__malloc_lock
                0x0000000008005540        0xc /opt/st/stm32cubeide_1.10.1/plugins/com.st.stm32cube.ide.mcu.externaltools.gnu-tools-for-stm32.10.3-2021.10.linux64_1.0.0.202111181127/tools/bin/../lib/gcc/arm-none-eabi/10.3.1/../../../../arm-none-eabi/lib/thumb/v7e-m+fp/hard/libc_nano.a(lib_a-mlock.o)
                0x0000000008005540                __malloc_lock
 .text.__malloc_unlock
                0x000000000800554c        0xc /opt/st/stm32cubeide_1.10.1/plugins/com.st.stm32cube.ide.mcu.externaltools.gnu-tools-for-stm32.10.3-2021.10.linux64_1.0.0.202111181127/tools/bin/../lib/gcc/arm-none-eabi/10.3.1/../../../../arm-none-eabi/lib/thumb/v7e-m+fp/hard/libc_nano.a(lib_a-mlock.o)
                0x000000000800554c                __malloc_unlock
 .text._read_r  0x0000000008005558       0x24 /opt/st/stm32cubeide_1.10.1/plugins/com.st.stm32cube.ide.mcu.externaltools.gnu-tools-for-stm32.10.3-2021.10.linux64_1.0.0.202111181127/tools/bin/../lib/gcc/arm-none-eabi/10.3.1/../../../../arm-none-eabi/lib/thumb/v7e-m+fp/hard/libc_nano.a(lib_a-readr.o)
                0x0000000008005558                _read_r
 *(.glue_7)
 .glue_7        0x000000000800557c        0x0 linker stubs
 *(.glue_7t)
 .glue_7t       0x000000000800557c        0x0 linker stubs
 *(.eh_frame)
 .eh_frame      0x000000000800557c        0x0 /opt/st/stm32cubeide_1.10.1/plugins/com.st.stm32cube.ide.mcu.externaltools.gnu-tools-for-stm32.10.3-2021.10.linux64_1.0.0.202111181127/tools/bin/../lib/gcc/arm-none-eabi/10.3.1/thumb/v7e-m+fp/hard/crtbegin.o
 *(.init)
 .init          0x000000000800557c        0x4 /opt/st/stm32cubeide_1.10.1/plugins/com.st.stm32cube.ide.mcu.externaltools.gnu-tools-for-stm32.10.3-2021.10.linux64_1.0.0.202111181127/tools/bin/../lib/gcc/arm-none-eabi/10.3.1/thumb/v7e-m+fp/hard/crti.o
                0x000000000800557c                _init
 .init          0x0000000008005580        0x8 /opt/st/stm32cubeide_1.10.1/plugins/com.st.stm32cube.ide.mcu.externaltools.gnu-tools-for-stm32.10.3-2021.10.linux64_1.0.0.202111181127/tools/bin/../lib/gcc/arm-none-eabi/10.3.1/thumb/v7e-m+fp/hard/crtn.o
 *(.fini)
 .fini          0x0000000008005588        0x4 /opt/st/stm32cubeide_1.10.1/plugins/com.st.stm32cube.ide.mcu.externaltools.gnu-tools-for-stm32.10.3-2021.10.linux64_1.0.0.202111181127/tools/bin/../lib/gcc/arm-none-eabi/10.3.1/thumb/v7e-m+fp/hard/crti.o
                0x0000000008005588                _fini
 .fini          0x000000000800558c        0x8 /opt/st/stm32cubeide_1.10.1/plugins/com.st.stm32cube.ide.mcu.externaltools.gnu-tools-for-stm32.10.3-2021.10.linux64_1.0.0.202111181127/tools/bin/../lib/gcc/arm-none-eabi/10.3.1/thumb/v7e-m+fp/hard/crtn.o
                0x0000000008005594                . = ALIGN (0x4)
                0x0000000008005594                _etext = .

.vfp11_veneer   0x0000000008005594        0x0
 .vfp11_veneer  0x0000000008005594        0x0 linker stubs

.v4_bx          0x0000000008005594        0x0
 .v4_bx         0x0000000008005594        0x0 linker stubs

.iplt           0x0000000008005594        0x0
 .iplt          0x0000000008005594        0x0 /opt/st/stm32cubeide_1.10.1/plugins/com.st.stm32cube.ide.mcu.externaltools.gnu-tools-for-stm32.10.3-2021.10.linux64_1.0.0.202111181127/tools/bin/../lib/gcc/arm-none-eabi/10.3.1/thumb/v7e-m+fp/hard/crtbegin.o

.rodata         0x0000000008005594      0x190
                0x0000000008005594                . = ALIGN (0x4)
 *(.rodata)
 .rodata        0x0000000008005594       0x47 ./Src/main.o
 *fill*         0x00000000080055db        0x1 
 .rodata        0x00000000080055dc        0x5 ./ThirdParty/FreeRTOS/tasks.o
 *fill*         0x00000000080055e1        0x3 
 .rodata        0x00000000080055e4        0xd ./ThirdParty/FreeRTOS/timers.o
 *fill*         0x00000000080055f1        0x3 
 .rodata        0x00000000080055f4       0x39 ./ThirdParty/SEGGER/Config/SEGGER_SYSVIEW_Config_FreeRTOS.o
 *fill*         0x000000000800562d        0x3 
 .rodata        0x0000000008005630       0x58 ./ThirdParty/SEGGER/OS/SEGGER_SYSVIEW_FreeRTOS.o
 .rodata        0x0000000008005688       0x17 ./ThirdParty/SEGGER/SEGGER/SEGGER_RTT.o
 *fill*         0x000000000800569f        0x1 
 .rodata        0x00000000080056a0        0x8 ./ThirdParty/SEGGER/SEGGER/SEGGER_SYSVIEW.o
 *(.rodata*)
 .rodata.SYSVIEW_X_OS_TraceAPI
                0x00000000080056a8        0x8 ./ThirdParty/SEGGER/OS/SEGGER_SYSVIEW_FreeRTOS.o
                0x00000000080056a8                SYSVIEW_X_OS_TraceAPI
 .rodata._abHelloMsg
                0x00000000080056b0        0x4 ./ThirdParty/SEGGER/Rec/segger_uart.o
 .rodata._abSync
                0x00000000080056b4        0xa ./ThirdParty/SEGGER/SEGGER/SEGGER_SYSVIEW.o
 *fill*         0x00000000080056be        0x2 
 .rodata._global_impure_ptr
                0x00000000080056c0        0x4 /opt/st/stm32cubeide_1.10.1/plugins/com.st.stm32cube.ide.mcu.externaltools.gnu-tools-for-stm32.10.3-2021.10.linux64_1.0.0.202111181127/tools/bin/../lib/gcc/arm-none-eabi/10.3.1/../../../../arm-none-eabi/lib/thumb/v7e-m+fp/hard/libc_nano.a(lib_a-impure.o)
                0x00000000080056c0                _global_impure_ptr
 .rodata.__sf_fake_stderr
                0x00000000080056c4       0x20 /opt/st/stm32cubeide_1.10.1/plugins/com.st.stm32cube.ide.mcu.externaltools.gnu-tools-for-stm32.10.3-2021.10.linux64_1.0.0.202111181127/tools/bin/../lib/gcc/arm-none-eabi/10.3.1/../../../../arm-none-eabi/lib/thumb/v7e-m+fp/hard/libc_nano.a(lib_a-findfp.o)
                0x00000000080056c4                __sf_fake_stderr
 .rodata.__sf_fake_stdin
                0x00000000080056e4       0x20 /opt/st/stm32cubeide_1.10.1/plugins/com.st.stm32cube.ide.mcu.externaltools.gnu-tools-for-stm32.10.3-2021.10.linux64_1.0.0.202111181127/tools/bin/../lib/gcc/arm-none-eabi/10.3.1/../../../../arm-none-eabi/lib/thumb/v7e-m+fp/hard/libc_nano.a(lib_a-findfp.o)
                0x00000000080056e4                __sf_fake_stdin
 .rodata.__sf_fake_stdout
                0x0000000008005704       0x20 /opt/st/stm32cubeide_1.10.1/plugins/com.st.stm32cube.ide.mcu.externaltools.gnu-tools-for-stm32.10.3-2021.10.linux64_1.0.0.202111181127/tools/bin/../lib/gcc/arm-none-eabi/10.3.1/../../../../arm-none-eabi/lib/thumb/v7e-m+fp/hard/libc_nano.a(lib_a-findfp.o)
                0x0000000008005704                __sf_fake_stdout
                0x0000000008005724                . = ALIGN (0x4)

.rel.dyn        0x0000000008005724        0x0
 .rel.iplt      0x0000000008005724        0x0 /opt/st/stm32cubeide_1.10.1/plugins/com.st.stm32cube.ide.mcu.externaltools.gnu-tools-for-stm32.10.3-2021.10.linux64_1.0.0.202111181127/tools/bin/../lib/gcc/arm-none-eabi/10.3.1/thumb/v7e-m+fp/hard/crtbegin.o

.ARM.extab      0x0000000008005724        0x0
                0x0000000008005724                . = ALIGN (0x4)
 *(.ARM.extab* .gnu.linkonce.armextab.*)
                0x0000000008005724                . = ALIGN (0x4)

.ARM            0x0000000008005724        0x0
                0x0000000008005724                . = ALIGN (0x4)
                0x0000000008005724                __exidx_start = .
 *(.ARM.exidx*)
                0x0000000008005724                __exidx_end = .
                0x0000000008005724                . = ALIGN (0x4)

.preinit_array  0x0000000008005724        0x0
                0x0000000008005724                . = ALIGN (0x4)
                0x0000000008005724                PROVIDE (__preinit_array_start = .)
 *(.preinit_array*)
                0x0000000008005724                PROVIDE (__preinit_array_end = .)
                0x0000000008005724                . = ALIGN (0x4)

.init_array     0x0000000008005724        0x4
                0x0000000008005724                . = ALIGN (0x4)
                0x0000000008005724                PROVIDE (__init_array_start = .)
 *(SORT_BY_NAME(.init_array.*))
 *(.init_array*)
 .init_array    0x0000000008005724        0x4 /opt/st/stm32cubeide_1.10.1/plugins/com.st.stm32cube.ide.mcu.externaltools.gnu-tools-for-stm32.10.3-2021.10.linux64_1.0.0.202111181127/tools/bin/../lib/gcc/arm-none-eabi/10.3.1/thumb/v7e-m+fp/hard/crtbegin.o
                0x0000000008005728                PROVIDE (__init_array_end = .)
                0x0000000008005728                . = ALIGN (0x4)

.fini_array     0x0000000008005728        0x4
                0x0000000008005728                . = ALIGN (0x4)
                [!provide]                        PROVIDE (__fini_array_start = .)
 *(SORT_BY_NAME(.fini_array.*))
 *(.fini_array*)
 .fini_array    0x0000000008005728        0x4 /opt/st/stm32cubeide_1.10.1/plugins/com.st.stm32cube.ide.mcu.externaltools.gnu-tools-for-stm32.10.3-2021.10.linux64_1.0.0.202111181127/tools/bin/../lib/gcc/arm-none-eabi/10.3.1/thumb/v7e-m+fp/hard/crtbegin.o
                [!provide]                        PROVIDE (__fini_array_end = .)
                0x000000000800572c                . = ALIGN (0x4)
                0x000000000800572c                _sidata = LOADADDR (.data)

.data           0x0000000020000000       0x78 load address 0x000000000800572c
                0x0000000020000000                . = ALIGN (0x4)
                0x0000000020000000                _sdata = .
 *(.data)
 *(.data*)
 .data.SystemCoreClock
                0x0000000020000000        0x4 ./Src/main.o
                0x0000000020000000                SystemCoreClock
 .data.uxTopUsedPriority
                0x0000000020000004        0x4 ./ThirdParty/FreeRTOS/tasks.o
                0x0000000020000004                uxTopUsedPriority
 .data.uxCriticalNesting
                0x0000000020000008        0x4 ./ThirdParty/FreeRTOS/portable/GCC/ARM_CM4F/port.o
 .data._SVInfo  0x000000002000000c        0x8 ./ThirdParty/SEGGER/Rec/segger_uart.o
 .data._impure_ptr
                0x0000000020000014        0x4 /opt/st/stm32cubeide_1.10.1/plugins/com.st.stm32cube.ide.mcu.externaltools.gnu-tools-for-stm32.10.3-2021.10.linux64_1.0.0.202111181127/tools/bin/../lib/gcc/arm-none-eabi/10.3.1/../../../../arm-none-eabi/lib/thumb/v7e-m+fp/hard/libc_nano.a(lib_a-impure.o)
                0x0000000020000014                _impure_ptr
 .data.impure_data
                0x0000000020000018       0x60 /opt/st/stm32cubeide_1.10.1/plugins/com.st.stm32cube.ide.mcu.externaltools.gnu-tools-for-stm32.10.3-2021.10.linux64_1.0.0.202111181127/tools/bin/../lib/gcc/arm-none-eabi/10.3.1/../../../../arm-none-eabi/lib/thumb/v7e-m+fp/hard/libc_nano.a(lib_a-impure.o)
 *(.RamFunc)
 *(.RamFunc*)
                0x0000000020000078                . = ALIGN (0x4)
                0x0000000020000078                _edata = .

.igot.plt       0x0000000020000078        0x0 load address 0x00000000080057a4
 .igot.plt      0x0000000020000078        0x0 /opt/st/stm32cubeide_1.10.1/plugins/com.st.stm32cube.ide.mcu.externaltools.gnu-tools-for-stm32.10.3-2021.10.linux64_1.0.0.202111181127/tools/bin/../lib/gcc/arm-none-eabi/10.3.1/thumb/v7e-m+fp/hard/crtbegin.o
                0x0000000020000078                . = ALIGN (0x4)

.bss            0x0000000020000078    0x14454 load address 0x00000000080057a4
                0x0000000020000078                _sbss = .
                0x0000000020000078                __bss_start__ = _sbss
 *(.bss)
 .bss           0x0000000020000078       0x1c /opt/st/stm32cubeide_1.10.1/plugins/com.st.stm32cube.ide.mcu.externaltools.gnu-tools-for-stm32.10.3-2021.10.linux64_1.0.0.202111181127/tools/bin/../lib/gcc/arm-none-eabi/10.3.1/thumb/v7e-m+fp/hard/crtbegin.o
 *(.bss*)
 .bss.__sbrk_heap_end
                0x0000000020000094        0x4 ./Src/sysmem.o
 .bss.xQueueRegistry
                0x0000000020000098       0x40 ./ThirdParty/FreeRTOS/queue.o
                0x0000000020000098                xQueueRegistry
 .bss.pxCurrentTCB
                0x00000000200000d8        0x4 ./ThirdParty/FreeRTOS/tasks.o
                0x00000000200000d8                pxCurrentTCB
 .bss.pxReadyTasksLists
                0x00000000200000dc       0x64 ./ThirdParty/FreeRTOS/tasks.o
 .bss.xDelayedTaskList1
                0x0000000020000140       0x14 ./ThirdParty/FreeRTOS/tasks.o
 .bss.xDelayedTaskList2
                0x0000000020000154       0x14 ./ThirdParty/FreeRTOS/tasks.o
 .bss.pxDelayedTaskList
                0x0000000020000168        0x4 ./ThirdParty/FreeRTOS/tasks.o
 .bss.pxOverflowDelayedTaskList
                0x000000002000016c        0x4 ./ThirdParty/FreeRTOS/tasks.o
 .bss.xPendingReadyList
                0x0000000020000170       0x14 ./ThirdParty/FreeRTOS/tasks.o
 .bss.xTasksWaitingTermination
                0x0000000020000184       0x14 ./ThirdParty/FreeRTOS/tasks.o
 .bss.uxDeletedTasksWaitingCleanUp
                0x0000000020000198        0x4 ./ThirdParty/FreeRTOS/tasks.o
 .bss.xSuspendedTaskList
                0x000000002000019c       0x14 ./ThirdParty/FreeRTOS/tasks.o
 .bss.uxCurrentNumberOfTasks
                0x00000000200001b0        0x4 ./ThirdParty/FreeRTOS/tasks.o
 .bss.xTickCount
                0x00000000200001b4        0x4 ./ThirdParty/FreeRTOS/tasks.o
 .bss.uxTopReadyPriority
                0x00000000200001b8        0x4 ./ThirdParty/FreeRTOS/tasks.o
 .bss.xSchedulerRunning
                0x00000000200001bc        0x4 ./ThirdParty/FreeRTOS/tasks.o
 .bss.xPendedTicks
                0x00000000200001c0        0x4 ./ThirdParty/FreeRTOS/tasks.o
 .bss.xYieldPending
                0x00000000200001c4        0x4 ./ThirdParty/FreeRTOS/tasks.o
 .bss.xNumOfOverflows
                0x00000000200001c8        0x4 ./ThirdParty/FreeRTOS/tasks.o
 .bss.uxTaskNumber
                0x00000000200001cc        0x4 ./ThirdParty/FreeRTOS/tasks.o
 .bss.xNextTaskUnblockTime
                0x00000000200001d0        0x4 ./ThirdParty/FreeRTOS/tasks.o
 .bss.xIdleTaskHandle
                0x00000000200001d4        0x4 ./ThirdParty/FreeRTOS/tasks.o
 .bss.uxSchedulerSuspended
                0x00000000200001d8        0x4 ./ThirdParty/FreeRTOS/tasks.o
 .bss.xActiveTimerList1
                0x00000000200001dc       0x14 ./ThirdParty/FreeRTOS/timers.o
 .bss.xActiveTimerList2
                0x00000000200001f0       0x14 ./ThirdParty/FreeRTOS/timers.o
 .bss.pxCurrentTimerList
                0x0000000020000204        0x4 ./ThirdParty/FreeRTOS/timers.o
 .bss.pxOverflowTimerList
                0x0000000020000208        0x4 ./ThirdParty/FreeRTOS/timers.o
 .bss.xTimerQueue
                0x000000002000020c        0x4 ./ThirdParty/FreeRTOS/timers.o
 .bss.xTimerTaskHandle
                0x0000000020000210        0x4 ./ThirdParty/FreeRTOS/timers.o
 .bss.xLastTime.0
                0x0000000020000214        0x4 ./ThirdParty/FreeRTOS/timers.o
 .bss.ucMaxSysCallPriority
                0x0000000020000218        0x1 ./ThirdParty/FreeRTOS/portable/GCC/ARM_CM4F/port.o
 *fill*         0x0000000020000219        0x3 
 .bss.ulMaxPRIGROUPValue
                0x000000002000021c        0x4 ./ThirdParty/FreeRTOS/portable/GCC/ARM_CM4F/port.o
 .bss.ucHeap    0x0000000020000220    0x12c00 ./ThirdParty/FreeRTOS/portable/MemMang/heap_4.o
 .bss.xStart    0x0000000020012e20        0x8 ./ThirdParty/FreeRTOS/portable/MemMang/heap_4.o
 .bss.pxEnd     0x0000000020012e28        0x4 ./ThirdParty/FreeRTOS/portable/MemMang/heap_4.o
 .bss.xFreeBytesRemaining
                0x0000000020012e2c        0x4 ./ThirdParty/FreeRTOS/portable/MemMang/heap_4.o
 .bss.xMinimumEverFreeBytesRemaining
                0x0000000020012e30        0x4 ./ThirdParty/FreeRTOS/portable/MemMang/heap_4.o
 .bss.xNumberOfSuccessfulAllocations
                0x0000000020012e34        0x4 ./ThirdParty/FreeRTOS/portable/MemMang/heap_4.o
 .bss.xNumberOfSuccessfulFrees
                0x0000000020012e38        0x4 ./ThirdParty/FreeRTOS/portable/MemMang/heap_4.o
 .bss._aTasks   0x0000000020012e3c       0xa0 ./ThirdParty/SEGGER/OS/SEGGER_SYSVIEW_FreeRTOS.o
 .bss._NumTasks
                0x0000000020012edc        0x4 ./ThirdParty/SEGGER/OS/SEGGER_SYSVIEW_FreeRTOS.o
 .bss._cbOnRx   0x0000000020012ee0        0x4 ./ThirdParty/SEGGER/Rec/segger_uart.o
 .bss._cbOnTx   0x0000000020012ee4        0x4 ./ThirdParty/SEGGER/Rec/segger_uart.o
 .bss._SEGGER_RTT
                0x0000000020012ee8       0xa8 ./ThirdParty/SEGGER/SEGGER/SEGGER_RTT.o
                0x0000000020012ee8                _SEGGER_RTT
 .bss._acUpBuffer
                0x0000000020012f90      0x400 ./ThirdParty/SEGGER/SEGGER/SEGGER_RTT.o
 .bss._acDownBuffer
                0x0000000020013390       0x10 ./ThirdParty/SEGGER/SEGGER/SEGGER_RTT.o
 .bss._UpBuffer
                0x00000000200133a0     0x1000 ./ThirdParty/SEGGER/SEGGER/SEGGER_SYSVIEW.o
 .bss._DownBuffer
                0x00000000200143a0        0x8 ./ThirdParty/SEGGER/SEGGER/SEGGER_SYSVIEW.o
 .bss._SYSVIEW_Globals
                0x00000000200143a8       0x28 ./ThirdParty/SEGGER/SEGGER/SEGGER_SYSVIEW.o
 .bss._pFirstModule
                0x00000000200143d0        0x4 ./ThirdParty/SEGGER/SEGGER/SEGGER_SYSVIEW.o
 .bss._NumModules
                0x00000000200143d4        0x1 ./ThirdParty/SEGGER/SEGGER/SEGGER_SYSVIEW.o
 *fill*         0x00000000200143d5        0x3 
 .bss._aPacket  0x00000000200143d8       0xe3 ./ThirdParty/SEGGER/SEGGER/SEGGER_SYSVIEW.o
 .bss.__lock___malloc_recursive_mutex
                0x00000000200144bb        0x1 /opt/st/stm32cubeide_1.10.1/plugins/com.st.stm32cube.ide.mcu.externaltools.gnu-tools-for-stm32.10.3-2021.10.linux64_1.0.0.202111181127/tools/bin/../lib/gcc/arm-none-eabi/10.3.1/../../../../arm-none-eabi/lib/thumb/v7e-m+fp/hard/libc_nano.a(lib_a-lock.o)
                0x00000000200144bb                __lock___malloc_recursive_mutex
 .bss.__lock___sfp_recursive_mutex
                0x00000000200144bc        0x1 /opt/st/stm32cubeide_1.10.1/plugins/com.st.stm32cube.ide.mcu.externaltools.gnu-tools-for-stm32.10.3-2021.10.linux64_1.0.0.202111181127/tools/bin/../lib/gcc/arm-none-eabi/10.3.1/../../../../arm-none-eabi/lib/thumb/v7e-m+fp/hard/libc_nano.a(lib_a-lock.o)
                0x00000000200144bc                __lock___sfp_recursive_mutex
 .bss.__lock___sinit_recursive_mutex
                0x00000000200144bd        0x1 /opt/st/stm32cubeide_1.10.1/plugins/com.st.stm32cube.ide.mcu.externaltools.gnu-tools-for-stm32.10.3-2021.10.linux64_1.0.0.202111181127/tools/bin/../lib/gcc/arm-none-eabi/10.3.1/../../../../arm-none-eabi/lib/thumb/v7e-m+fp/hard/libc_nano.a(lib_a-lock.o)
                0x00000000200144bd                __lock___sinit_recursive_mutex
 *fill*         0x00000000200144be        0x2 
 .bss.__malloc_free_list
                0x00000000200144c0        0x4 /opt/st/stm32cubeide_1.10.1/plugins/com.st.stm32cube.ide.mcu.externaltools.gnu-tools-for-stm32.10.3-2021.10.linux64_1.0.0.202111181127/tools/bin/../lib/gcc/arm-none-eabi/10.3.1/../../../../arm-none-eabi/lib/thumb/v7e-m+fp/hard/libc_nano.a(lib_a-nano-mallocr.o)
                0x00000000200144c0                __malloc_free_list
 .bss.__malloc_sbrk_start
                0x00000000200144c4        0x4 /opt/st/stm32cubeide_1.10.1/plugins/com.st.stm32cube.ide.mcu.externaltools.gnu-tools-for-stm32.10.3-2021.10.linux64_1.0.0.202111181127/tools/bin/../lib/gcc/arm-none-eabi/10.3.1/../../../../arm-none-eabi/lib/thumb/v7e-m+fp/hard/libc_nano.a(lib_a-nano-mallocr.o)
                0x00000000200144c4                __malloc_sbrk_start
 .bss.errno     0x00000000200144c8        0x4 /opt/st/stm32cubeide_1.10.1/plugins/com.st.stm32cube.ide.mcu.externaltools.gnu-tools-for-stm32.10.3-2021.10.linux64_1.0.0.202111181127/tools/bin/../lib/gcc/arm-none-eabi/10.3.1/../../../../arm-none-eabi/lib/thumb/v7e-m+fp/hard/libc_nano.a(lib_a-reent.o)
                0x00000000200144c8                errno
 *(COMMON)
                0x00000000200144cc                . = ALIGN (0x4)
                0x00000000200144cc                _ebss = .
                0x00000000200144cc                __bss_end__ = _ebss

._user_heap_stack
                0x00000000200144cc      0x604 load address 0x00000000080057a4
                0x00000000200144d0                . = ALIGN (0x8)
 *fill*         0x00000000200144cc        0x4 
                [!provide]                        PROVIDE (end = .)
                0x00000000200144d0                PROVIDE (_end = .)
                0x00000000200146d0                . = (. + _Min_Heap_Size)
 *fill*         0x00000000200144d0      0x200 
                0x0000000020014ad0                . = (. + _Min_Stack_Size)
 *fill*         0x00000000200146d0      0x400 
                0x0000000020014ad0                . = ALIGN (0x8)

/DISCARD/
 libc.a(*)
 libm.a(*)
 libgcc.a(*)

.ARM.attributes
                0x0000000000000000       0x30
 *(.ARM.attributes)
 .ARM.attributes
                0x0000000000000000       0x1e /opt/st/stm32cubeide_1.10.1/plugins/com.st.stm32cube.ide.mcu.externaltools.gnu-tools-for-stm32.10.3-2021.10.linux64_1.0.0.202111181127/tools/bin/../lib/gcc/arm-none-eabi/10.3.1/thumb/v7e-m+fp/hard/crti.o
 .ARM.attributes
                0x000000000000001e       0x34 /opt/st/stm32cubeide_1.10.1/plugins/com.st.stm32cube.ide.mcu.externaltools.gnu-tools-for-stm32.10.3-2021.10.linux64_1.0.0.202111181127/tools/bin/../lib/gcc/arm-none-eabi/10.3.1/thumb/v7e-m+fp/hard/crtbegin.o
 .ARM.attributes
                0x0000000000000052       0x34 ./Src/main.o
 .ARM.attributes
                0x0000000000000086       0x34 ./Src/syscalls.o
 .ARM.attributes
                0x00000000000000ba       0x34 ./Src/sysmem.o
 .ARM.attributes
                0x00000000000000ee       0x21 ./Startup/startup_stm32f411retx.o
 .ARM.attributes
                0x000000000000010f       0x34 ./ThirdParty/FreeRTOS/list.o
 .ARM.attributes
                0x0000000000000143       0x34 ./ThirdParty/FreeRTOS/queue.o
 .ARM.attributes
                0x0000000000000177       0x34 ./ThirdParty/FreeRTOS/tasks.o
 .ARM.attributes
                0x00000000000001ab       0x34 ./ThirdParty/FreeRTOS/timers.o
 .ARM.attributes
                0x00000000000001df       0x34 ./ThirdParty/FreeRTOS/portable/GCC/ARM_CM4F/port.o
 .ARM.attributes
                0x0000000000000213       0x34 ./ThirdParty/FreeRTOS/portable/MemMang/heap_4.o
 .ARM.attributes
                0x0000000000000247       0x34 ./ThirdParty/SEGGER/Config/SEGGER_SYSVIEW_Config_FreeRTOS.o
 .ARM.attributes
                0x000000000000027b       0x34 ./ThirdParty/SEGGER/OS/SEGGER_SYSVIEW_FreeRTOS.o
 .ARM.attributes
                0x00000000000002af       0x34 ./ThirdParty/SEGGER/Rec/segger_uart.o
 .ARM.attributes
                0x00000000000002e3       0x34 ./ThirdParty/SEGGER/SEGGER/SEGGER_RTT.o
 .ARM.attributes
                0x0000000000000317       0x20 ./ThirdParty/SEGGER/SEGGER/SEGGER_RTT_ASM_ARMv7M.o
 .ARM.attributes
                0x0000000000000337       0x34 ./ThirdParty/SEGGER/SEGGER/SEGGER_SYSVIEW.o
 .ARM.attributes
                0x000000000000036b       0x34 ./ThirdParty/SEGGER/SEGGER/Syscalls/SEGGER_RTT_Syscalls_GCC.o
 .ARM.attributes
                0x000000000000039f       0x34 /home/miller/Documentos/GitHub/MillerQuintero_Tareas_Proyectos_Taller_5/PeripheralDrivers/Debug/libPeripheralDrivers.a(PLLDriver.o)
 .ARM.attributes
                0x00000000000003d3       0x34 /opt/st/stm32cubeide_1.10.1/plugins/com.st.stm32cube.ide.mcu.externaltools.gnu-tools-for-stm32.10.3-2021.10.linux64_1.0.0.202111181127/tools/bin/../lib/gcc/arm-none-eabi/10.3.1/../../../../arm-none-eabi/lib/thumb/v7e-m+fp/hard/libc_nano.a(lib_a-errno.o)
 .ARM.attributes
                0x0000000000000407       0x34 /opt/st/stm32cubeide_1.10.1/plugins/com.st.stm32cube.ide.mcu.externaltools.gnu-tools-for-stm32.10.3-2021.10.linux64_1.0.0.202111181127/tools/bin/../lib/gcc/arm-none-eabi/10.3.1/../../../../arm-none-eabi/lib/thumb/v7e-m+fp/hard/libc_nano.a(lib_a-impure.o)
 .ARM.attributes
                0x000000000000043b       0x34 /opt/st/stm32cubeide_1.10.1/plugins/com.st.stm32cube.ide.mcu.externaltools.gnu-tools-for-stm32.10.3-2021.10.linux64_1.0.0.202111181127/tools/bin/../lib/gcc/arm-none-eabi/10.3.1/../../../../arm-none-eabi/lib/thumb/v7e-m+fp/hard/libc_nano.a(lib_a-init.o)
 .ARM.attributes
                0x000000000000046f       0x34 /opt/st/stm32cubeide_1.10.1/plugins/com.st.stm32cube.ide.mcu.externaltools.gnu-tools-for-stm32.10.3-2021.10.linux64_1.0.0.202111181127/tools/bin/../lib/gcc/arm-none-eabi/10.3.1/../../../../arm-none-eabi/lib/thumb/v7e-m+fp/hard/libc_nano.a(lib_a-memcmp.o)
 .ARM.attributes
                0x00000000000004a3       0x34 /opt/st/stm32cubeide_1.10.1/plugins/com.st.stm32cube.ide.mcu.externaltools.gnu-tools-for-stm32.10.3-2021.10.linux64_1.0.0.202111181127/tools/bin/../lib/gcc/arm-none-eabi/10.3.1/../../../../arm-none-eabi/lib/thumb/v7e-m+fp/hard/libc_nano.a(lib_a-memcpy-stub.o)
 .ARM.attributes
                0x00000000000004d7       0x34 /opt/st/stm32cubeide_1.10.1/plugins/com.st.stm32cube.ide.mcu.externaltools.gnu-tools-for-stm32.10.3-2021.10.linux64_1.0.0.202111181127/tools/bin/../lib/gcc/arm-none-eabi/10.3.1/../../../../arm-none-eabi/lib/thumb/v7e-m+fp/hard/libc_nano.a(lib_a-memset.o)
 .ARM.attributes
                0x000000000000050b       0x34 /opt/st/stm32cubeide_1.10.1/plugins/com.st.stm32cube.ide.mcu.externaltools.gnu-tools-for-stm32.10.3-2021.10.linux64_1.0.0.202111181127/tools/bin/../lib/gcc/arm-none-eabi/10.3.1/../../../../arm-none-eabi/lib/thumb/v7e-m+fp/hard/libc_nano.a(lib_a-puts.o)
 .ARM.attributes
                0x000000000000053f       0x34 /opt/st/stm32cubeide_1.10.1/plugins/com.st.stm32cube.ide.mcu.externaltools.gnu-tools-for-stm32.10.3-2021.10.linux64_1.0.0.202111181127/tools/bin/../lib/gcc/arm-none-eabi/10.3.1/../../../../arm-none-eabi/lib/thumb/v7e-m+fp/hard/libc_nano.a(lib_a-wbuf.o)
 .ARM.attributes
                0x0000000000000573       0x34 /opt/st/stm32cubeide_1.10.1/plugins/com.st.stm32cube.ide.mcu.externaltools.gnu-tools-for-stm32.10.3-2021.10.linux64_1.0.0.202111181127/tools/bin/../lib/gcc/arm-none-eabi/10.3.1/../../../../arm-none-eabi/lib/thumb/v7e-m+fp/hard/libc_nano.a(lib_a-wsetup.o)
 .ARM.attributes
                0x00000000000005a7       0x34 /opt/st/stm32cubeide_1.10.1/plugins/com.st.stm32cube.ide.mcu.externaltools.gnu-tools-for-stm32.10.3-2021.10.linux64_1.0.0.202111181127/tools/bin/../lib/gcc/arm-none-eabi/10.3.1/../../../../arm-none-eabi/lib/thumb/v7e-m+fp/hard/libc_nano.a(lib_a-fflush.o)
 .ARM.attributes
                0x00000000000005db       0x34 /opt/st/stm32cubeide_1.10.1/plugins/com.st.stm32cube.ide.mcu.externaltools.gnu-tools-for-stm32.10.3-2021.10.linux64_1.0.0.202111181127/tools/bin/../lib/gcc/arm-none-eabi/10.3.1/../../../../arm-none-eabi/lib/thumb/v7e-m+fp/hard/libc_nano.a(lib_a-findfp.o)
 .ARM.attributes
                0x000000000000060f       0x34 /opt/st/stm32cubeide_1.10.1/plugins/com.st.stm32cube.ide.mcu.externaltools.gnu-tools-for-stm32.10.3-2021.10.linux64_1.0.0.202111181127/tools/bin/../lib/gcc/arm-none-eabi/10.3.1/../../../../arm-none-eabi/lib/thumb/v7e-m+fp/hard/libc_nano.a(lib_a-fwalk.o)
 .ARM.attributes
                0x0000000000000643       0x34 /opt/st/stm32cubeide_1.10.1/plugins/com.st.stm32cube.ide.mcu.externaltools.gnu-tools-for-stm32.10.3-2021.10.linux64_1.0.0.202111181127/tools/bin/../lib/gcc/arm-none-eabi/10.3.1/../../../../arm-none-eabi/lib/thumb/v7e-m+fp/hard/libc_nano.a(lib_a-lock.o)
 .ARM.attributes
                0x0000000000000677       0x34 /opt/st/stm32cubeide_1.10.1/plugins/com.st.stm32cube.ide.mcu.externaltools.gnu-tools-for-stm32.10.3-2021.10.linux64_1.0.0.202111181127/tools/bin/../lib/gcc/arm-none-eabi/10.3.1/../../../../arm-none-eabi/lib/thumb/v7e-m+fp/hard/libc_nano.a(lib_a-makebuf.o)
 .ARM.attributes
                0x00000000000006ab       0x34 /opt/st/stm32cubeide_1.10.1/plugins/com.st.stm32cube.ide.mcu.externaltools.gnu-tools-for-stm32.10.3-2021.10.linux64_1.0.0.202111181127/tools/bin/../lib/gcc/arm-none-eabi/10.3.1/../../../../arm-none-eabi/lib/thumb/v7e-m+fp/hard/libc_nano.a(lib_a-nano-freer.o)
 .ARM.attributes
                0x00000000000006df       0x34 /opt/st/stm32cubeide_1.10.1/plugins/com.st.stm32cube.ide.mcu.externaltools.gnu-tools-for-stm32.10.3-2021.10.linux64_1.0.0.202111181127/tools/bin/../lib/gcc/arm-none-eabi/10.3.1/../../../../arm-none-eabi/lib/thumb/v7e-m+fp/hard/libc_nano.a(lib_a-nano-mallocr.o)
 .ARM.attributes
                0x0000000000000713       0x34 /opt/st/stm32cubeide_1.10.1/plugins/com.st.stm32cube.ide.mcu.externaltools.gnu-tools-for-stm32.10.3-2021.10.linux64_1.0.0.202111181127/tools/bin/../lib/gcc/arm-none-eabi/10.3.1/../../../../arm-none-eabi/lib/thumb/v7e-m+fp/hard/libc_nano.a(lib_a-sbrkr.o)
 .ARM.attributes
                0x0000000000000747       0x34 /opt/st/stm32cubeide_1.10.1/plugins/com.st.stm32cube.ide.mcu.externaltools.gnu-tools-for-stm32.10.3-2021.10.linux64_1.0.0.202111181127/tools/bin/../lib/gcc/arm-none-eabi/10.3.1/../../../../arm-none-eabi/lib/thumb/v7e-m+fp/hard/libc_nano.a(lib_a-stdio.o)
 .ARM.attributes
                0x000000000000077b       0x34 /opt/st/stm32cubeide_1.10.1/plugins/com.st.stm32cube.ide.mcu.externaltools.gnu-tools-for-stm32.10.3-2021.10.linux64_1.0.0.202111181127/tools/bin/../lib/gcc/arm-none-eabi/10.3.1/../../../../arm-none-eabi/lib/thumb/v7e-m+fp/hard/libc_nano.a(lib_a-closer.o)
 .ARM.attributes
                0x00000000000007af       0x34 /opt/st/stm32cubeide_1.10.1/plugins/com.st.stm32cube.ide.mcu.externaltools.gnu-tools-for-stm32.10.3-2021.10.linux64_1.0.0.202111181127/tools/bin/../lib/gcc/arm-none-eabi/10.3.1/../../../../arm-none-eabi/lib/thumb/v7e-m+fp/hard/libc_nano.a(lib_a-fstatr.o)
 .ARM.attributes
                0x00000000000007e3       0x34 /opt/st/stm32cubeide_1.10.1/plugins/com.st.stm32cube.ide.mcu.externaltools.gnu-tools-for-stm32.10.3-2021.10.linux64_1.0.0.202111181127/tools/bin/../lib/gcc/arm-none-eabi/10.3.1/../../../../arm-none-eabi/lib/thumb/v7e-m+fp/hard/libc_nano.a(lib_a-isattyr.o)
 .ARM.attributes
                0x0000000000000817       0x34 /opt/st/stm32cubeide_1.10.1/plugins/com.st.stm32cube.ide.mcu.externaltools.gnu-tools-for-stm32.10.3-2021.10.linux64_1.0.0.202111181127/tools/bin/../lib/gcc/arm-none-eabi/10.3.1/../../../../arm-none-eabi/lib/thumb/v7e-m+fp/hard/libc_nano.a(lib_a-lseekr.o)
 .ARM.attributes
                0x000000000000084b       0x34 /opt/st/stm32cubeide_1.10.1/plugins/com.st.stm32cube.ide.mcu.externaltools.gnu-tools-for-stm32.10.3-2021.10.linux64_1.0.0.202111181127/tools/bin/../lib/gcc/arm-none-eabi/10.3.1/../../../../arm-none-eabi/lib/thumb/v7e-m+fp/hard/libc_nano.a(lib_a-mlock.o)
 .ARM.attributes
                0x000000000000087f       0x34 /opt/st/stm32cubeide_1.10.1/plugins/com.st.stm32cube.ide.mcu.externaltools.gnu-tools-for-stm32.10.3-2021.10.linux64_1.0.0.202111181127/tools/bin/../lib/gcc/arm-none-eabi/10.3.1/../../../../arm-none-eabi/lib/thumb/v7e-m+fp/hard/libc_nano.a(lib_a-readr.o)
 .ARM.attributes
                0x00000000000008b3       0x34 /opt/st/stm32cubeide_1.10.1/plugins/com.st.stm32cube.ide.mcu.externaltools.gnu-tools-for-stm32.10.3-2021.10.linux64_1.0.0.202111181127/tools/bin/../lib/gcc/arm-none-eabi/10.3.1/../../../../arm-none-eabi/lib/thumb/v7e-m+fp/hard/libc_nano.a(lib_a-reent.o)
 .ARM.attributes
                0x00000000000008e7       0x1e /opt/st/stm32cubeide_1.10.1/plugins/com.st.stm32cube.ide.mcu.externaltools.gnu-tools-for-stm32.10.3-2021.10.linux64_1.0.0.202111181127/tools/bin/../lib/gcc/arm-none-eabi/10.3.1/thumb/v7e-m+fp/hard/crtn.o
OUTPUT(Base_FreeRTOS.elf elf32-littlearm)
LOAD linker stubs
LOAD /opt/st/stm32cubeide_1.10.1/plugins/com.st.stm32cube.ide.mcu.externaltools.gnu-tools-for-stm32.10.3-2021.10.linux64_1.0.0.202111181127/tools/bin/../lib/gcc/arm-none-eabi/10.3.1/../../../../arm-none-eabi/lib/thumb/v7e-m+fp/hard/libc.a
LOAD /opt/st/stm32cubeide_1.10.1/plugins/com.st.stm32cube.ide.mcu.externaltools.gnu-tools-for-stm32.10.3-2021.10.linux64_1.0.0.202111181127/tools/bin/../lib/gcc/arm-none-eabi/10.3.1/../../../../arm-none-eabi/lib/thumb/v7e-m+fp/hard/libm.a
LOAD /opt/st/stm32cubeide_1.10.1/plugins/com.st.stm32cube.ide.mcu.externaltools.gnu-tools-for-stm32.10.3-2021.10.linux64_1.0.0.202111181127/tools/bin/../lib/gcc/arm-none-eabi/10.3.1/thumb/v7e-m+fp/hard/libgcc.a

.debug_info     0x0000000000000000     0xd102
 .debug_info    0x0000000000000000      0x5cb ./Src/main.o
 .debug_info    0x00000000000005cb      0x70f ./Src/syscalls.o
 .debug_info    0x0000000000000cda      0x171 ./Src/sysmem.o
 .debug_info    0x0000000000000e4b       0x22 ./Startup/startup_stm32f411retx.o
 .debug_info    0x0000000000000e6d      0x2d1 ./ThirdParty/FreeRTOS/list.o
 .debug_info    0x000000000000113e     0x1a03 ./ThirdParty/FreeRTOS/queue.o
 .debug_info    0x0000000000002b41     0x23e7 ./ThirdParty/FreeRTOS/tasks.o
 .debug_info    0x0000000000004f28      0xeaf ./ThirdParty/FreeRTOS/timers.o
 .debug_info    0x0000000000005dd7      0x5ca ./ThirdParty/FreeRTOS/portable/GCC/ARM_CM4F/port.o
 .debug_info    0x00000000000063a1      0x558 ./ThirdParty/FreeRTOS/portable/MemMang/heap_4.o
 .debug_info    0x00000000000068f9      0x181 ./ThirdParty/SEGGER/Config/SEGGER_SYSVIEW_Config_FreeRTOS.o
 .debug_info    0x0000000000006a7a      0x43d ./ThirdParty/SEGGER/OS/SEGGER_SYSVIEW_FreeRTOS.o
 .debug_info    0x0000000000006eb7      0x88c ./ThirdParty/SEGGER/Rec/segger_uart.o
 .debug_info    0x0000000000007743     0x14ff ./ThirdParty/SEGGER/SEGGER/SEGGER_RTT.o
 .debug_info    0x0000000000008c42       0x26 ./ThirdParty/SEGGER/SEGGER/SEGGER_RTT_ASM_ARMv7M.o
 .debug_info    0x0000000000008c68     0x3812 ./ThirdParty/SEGGER/SEGGER/SEGGER_SYSVIEW.o
 .debug_info    0x000000000000c47a      0x86d ./ThirdParty/SEGGER/SEGGER/Syscalls/SEGGER_RTT_Syscalls_GCC.o
 .debug_info    0x000000000000cce7      0x41b /home/miller/Documentos/GitHub/MillerQuintero_Tareas_Proyectos_Taller_5/PeripheralDrivers/Debug/libPeripheralDrivers.a(PLLDriver.o)

.debug_abbrev   0x0000000000000000     0x20e6
 .debug_abbrev  0x0000000000000000      0x1e2 ./Src/main.o
 .debug_abbrev  0x00000000000001e2      0x1af ./Src/syscalls.o
 .debug_abbrev  0x0000000000000391       0xbb ./Src/sysmem.o
 .debug_abbrev  0x000000000000044c       0x12 ./Startup/startup_stm32f411retx.o
 .debug_abbrev  0x000000000000045e       0xf2 ./ThirdParty/FreeRTOS/list.o
 .debug_abbrev  0x0000000000000550      0x312 ./ThirdParty/FreeRTOS/queue.o
 .debug_abbrev  0x0000000000000862      0x39f ./ThirdParty/FreeRTOS/tasks.o
 .debug_abbrev  0x0000000000000c01      0x2c5 ./ThirdParty/FreeRTOS/timers.o
 .debug_abbrev  0x0000000000000ec6      0x259 ./ThirdParty/FreeRTOS/portable/GCC/ARM_CM4F/port.o
 .debug_abbrev  0x000000000000111f      0x24e ./ThirdParty/FreeRTOS/portable/MemMang/heap_4.o
 .debug_abbrev  0x000000000000136d       0xdd ./ThirdParty/SEGGER/Config/SEGGER_SYSVIEW_Config_FreeRTOS.o
 .debug_abbrev  0x000000000000144a      0x19e ./ThirdParty/SEGGER/OS/SEGGER_SYSVIEW_FreeRTOS.o
 .debug_abbrev  0x00000000000015e8      0x27b ./ThirdParty/SEGGER/Rec/segger_uart.o
 .debug_abbrev  0x0000000000001863      0x24e ./ThirdParty/SEGGER/SEGGER/SEGGER_RTT.o
 .debug_abbrev  0x0000000000001ab1       0x14 ./ThirdParty/SEGGER/SEGGER/SEGGER_RTT_ASM_ARMv7M.o
 .debug_abbrev  0x0000000000001ac5      0x339 ./ThirdParty/SEGGER/SEGGER/SEGGER_SYSVIEW.o
 .debug_abbrev  0x0000000000001dfe      0x1a3 ./ThirdParty/SEGGER/SEGGER/Syscalls/SEGGER_RTT_Syscalls_GCC.o
 .debug_abbrev  0x0000000000001fa1      0x145 /home/miller/Documentos/GitHub/MillerQuintero_Tareas_Proyectos_Taller_5/PeripheralDrivers/Debug/libPeripheralDrivers.a(PLLDriver.o)

.debug_aranges  0x0000000000000000      0xb78
 .debug_aranges
                0x0000000000000000       0x30 ./Src/main.o
 .debug_aranges
                0x0000000000000030       0xb0 ./Src/syscalls.o
 .debug_aranges
                0x00000000000000e0       0x20 ./Src/sysmem.o
 .debug_aranges
                0x0000000000000100       0x28 ./Startup/startup_stm32f411retx.o
 .debug_aranges
                0x0000000000000128       0x40 ./ThirdParty/FreeRTOS/list.o
 .debug_aranges
                0x0000000000000168      0x130 ./ThirdParty/FreeRTOS/queue.o
 .debug_aranges
                0x0000000000000298      0x208 ./ThirdParty/FreeRTOS/tasks.o
 .debug_aranges
                0x00000000000004a0       0xe8 ./ThirdParty/FreeRTOS/timers.o
 .debug_aranges
                0x0000000000000588       0x88 ./ThirdParty/FreeRTOS/portable/GCC/ARM_CM4F/port.o
 .debug_aranges
                0x0000000000000610       0x60 ./ThirdParty/FreeRTOS/portable/MemMang/heap_4.o
 .debug_aranges
                0x0000000000000670       0x28 ./ThirdParty/SEGGER/Config/SEGGER_SYSVIEW_Config_FreeRTOS.o
 .debug_aranges
                0x0000000000000698       0x48 ./ThirdParty/SEGGER/OS/SEGGER_SYSVIEW_FreeRTOS.o
 .debug_aranges
                0x00000000000006e0       0x68 ./ThirdParty/SEGGER/Rec/segger_uart.o
 .debug_aranges
                0x0000000000000748      0x138 ./ThirdParty/SEGGER/SEGGER/SEGGER_RTT.o
 .debug_aranges
                0x0000000000000880       0x20 ./ThirdParty/SEGGER/SEGGER/SEGGER_RTT_ASM_ARMv7M.o
 .debug_aranges
                0x00000000000008a0      0x280 ./ThirdParty/SEGGER/SEGGER/SEGGER_SYSVIEW.o
 .debug_aranges
                0x0000000000000b20       0x28 ./ThirdParty/SEGGER/SEGGER/Syscalls/SEGGER_RTT_Syscalls_GCC.o
 .debug_aranges
                0x0000000000000b48       0x30 /home/miller/Documentos/GitHub/MillerQuintero_Tareas_Proyectos_Taller_5/PeripheralDrivers/Debug/libPeripheralDrivers.a(PLLDriver.o)

.debug_ranges   0x0000000000000000      0xa50
 .debug_ranges  0x0000000000000000       0x20 ./Src/main.o
 .debug_ranges  0x0000000000000020       0xa0 ./Src/syscalls.o
 .debug_ranges  0x00000000000000c0       0x10 ./Src/sysmem.o
 .debug_ranges  0x00000000000000d0       0x20 ./Startup/startup_stm32f411retx.o
 .debug_ranges  0x00000000000000f0       0x30 ./ThirdParty/FreeRTOS/list.o
 .debug_ranges  0x0000000000000120      0x120 ./ThirdParty/FreeRTOS/queue.o
 .debug_ranges  0x0000000000000240      0x1f8 ./ThirdParty/FreeRTOS/tasks.o
 .debug_ranges  0x0000000000000438       0xd8 ./ThirdParty/FreeRTOS/timers.o
 .debug_ranges  0x0000000000000510       0x78 ./ThirdParty/FreeRTOS/portable/GCC/ARM_CM4F/port.o
 .debug_ranges  0x0000000000000588       0x50 ./ThirdParty/FreeRTOS/portable/MemMang/heap_4.o
 .debug_ranges  0x00000000000005d8       0x18 ./ThirdParty/SEGGER/Config/SEGGER_SYSVIEW_Config_FreeRTOS.o
 .debug_ranges  0x00000000000005f0       0x38 ./ThirdParty/SEGGER/OS/SEGGER_SYSVIEW_FreeRTOS.o
 .debug_ranges  0x0000000000000628       0x58 ./ThirdParty/SEGGER/Rec/segger_uart.o
 .debug_ranges  0x0000000000000680      0x128 ./ThirdParty/SEGGER/SEGGER/SEGGER_RTT.o
 .debug_ranges  0x00000000000007a8      0x270 ./ThirdParty/SEGGER/SEGGER/SEGGER_SYSVIEW.o
 .debug_ranges  0x0000000000000a18       0x18 ./ThirdParty/SEGGER/SEGGER/Syscalls/SEGGER_RTT_Syscalls_GCC.o
 .debug_ranges  0x0000000000000a30       0x20 /home/miller/Documentos/GitHub/MillerQuintero_Tareas_Proyectos_Taller_5/PeripheralDrivers/Debug/libPeripheralDrivers.a(PLLDriver.o)

.debug_macro    0x0000000000000000    0x12c88
 .debug_macro   0x0000000000000000      0x308 ./Src/main.o
 .debug_macro   0x0000000000000308      0xa8a ./Src/main.o
 .debug_macro   0x0000000000000d92      0x174 ./Src/main.o
 .debug_macro   0x0000000000000f06       0x22 ./Src/main.o
 .debug_macro   0x0000000000000f28       0x8e ./Src/main.o
 .debug_macro   0x0000000000000fb6       0x51 ./Src/main.o
 .debug_macro   0x0000000000001007      0x103 ./Src/main.o
 .debug_macro   0x000000000000110a       0x6a ./Src/main.o
 .debug_macro   0x0000000000001174      0x1df ./Src/main.o
 .debug_macro   0x0000000000001353      0x106 ./Src/main.o
 .debug_macro   0x0000000000001459       0x58 ./Src/main.o
 .debug_macro   0x00000000000014b1       0x46 ./Src/main.o
 .debug_macro   0x00000000000014f7       0x64 ./Src/main.o
 .debug_macro   0x000000000000155b       0x16 ./Src/main.o
 .debug_macro   0x0000000000001571       0x49 ./Src/main.o
 .debug_macro   0x00000000000015ba       0xbc ./Src/main.o
 .debug_macro   0x0000000000001676      0x204 ./Src/main.o
 .debug_macro   0x000000000000187a      0x450 ./Src/main.o
 .debug_macro   0x0000000000001cca      0x15a ./Src/main.o
 .debug_macro   0x0000000000001e24       0xea ./Src/main.o
 .debug_macro   0x0000000000001f0e       0x28 ./Src/main.o
 .debug_macro   0x0000000000001f36       0x1f ./Src/main.o
 .debug_macro   0x0000000000001f55       0x12 ./Src/main.o
 .debug_macro   0x0000000000001f67      0x400 ./Src/main.o
 .debug_macro   0x0000000000002367       0xc3 ./Src/main.o
 .debug_macro   0x000000000000242a      0x120 ./Src/main.o
 .debug_macro   0x000000000000254a       0x28 ./Src/main.o
 .debug_macro   0x0000000000002572       0x28 ./Src/main.o
 .debug_macro   0x000000000000259a       0x1c ./Src/main.o
 .debug_macro   0x00000000000025b6       0x22 ./Src/main.o
 .debug_macro   0x00000000000025d8       0xd9 ./Src/main.o
 .debug_macro   0x00000000000026b1     0x102d ./Src/main.o
 .debug_macro   0x00000000000036de      0x11f ./Src/main.o
 .debug_macro   0x00000000000037fd     0xb953 ./Src/main.o
 .debug_macro   0x000000000000f150       0x6d ./Src/main.o
 .debug_macro   0x000000000000f1bd       0x52 ./Src/main.o
 .debug_macro   0x000000000000f20f       0x1e ./Src/main.o
 .debug_macro   0x000000000000f22d       0x3c ./Src/main.o
 .debug_macro   0x000000000000f269       0x34 ./Src/main.o
 .debug_macro   0x000000000000f29d       0x16 ./Src/main.o
 .debug_macro   0x000000000000f2b3       0x35 ./Src/main.o
 .debug_macro   0x000000000000f2e8      0x341 ./Src/main.o
 .debug_macro   0x000000000000f629       0x16 ./Src/main.o
 .debug_macro   0x000000000000f63f       0x43 ./Src/main.o
 .debug_macro   0x000000000000f682       0x34 ./Src/main.o
 .debug_macro   0x000000000000f6b6       0x10 ./Src/main.o
 .debug_macro   0x000000000000f6c6       0x58 ./Src/main.o
 .debug_macro   0x000000000000f71e       0x71 ./Src/main.o
 .debug_macro   0x000000000000f78f       0x1c ./Src/main.o
 .debug_macro   0x000000000000f7ab      0x12a ./Src/main.o
 .debug_macro   0x000000000000f8d5       0x10 ./Src/main.o
 .debug_macro   0x000000000000f8e5       0x1c ./Src/main.o
 .debug_macro   0x000000000000f901       0x52 ./Src/main.o
 .debug_macro   0x000000000000f953       0x22 ./Src/main.o
 .debug_macro   0x000000000000f975       0x10 ./Src/main.o
 .debug_macro   0x000000000000f985       0x52 ./Src/main.o
 .debug_macro   0x000000000000f9d7       0xd5 ./Src/main.o
 .debug_macro   0x000000000000faac       0x1c ./Src/main.o
 .debug_macro   0x000000000000fac8       0x3d ./Src/main.o
 .debug_macro   0x000000000000fb05       0x16 ./Src/main.o
 .debug_macro   0x000000000000fb1b      0x145 ./Src/main.o
 .debug_macro   0x000000000000fc60      0x11e ./Src/main.o
 .debug_macro   0x000000000000fd7e       0x46 ./Src/main.o
 .debug_macro   0x000000000000fdc4      0x25e ./Src/syscalls.o
 .debug_macro   0x0000000000010022       0x4c ./Src/syscalls.o
 .debug_macro   0x000000000001006e       0x94 ./Src/syscalls.o
 .debug_macro   0x0000000000010102       0x57 ./Src/syscalls.o
 .debug_macro   0x0000000000010159       0x10 ./Src/syscalls.o
 .debug_macro   0x0000000000010169       0x10 ./Src/syscalls.o
 .debug_macro   0x0000000000010179       0x10 ./Src/syscalls.o
 .debug_macro   0x0000000000010189       0x35 ./Src/syscalls.o
 .debug_macro   0x00000000000101be      0x12c ./Src/syscalls.o
 .debug_macro   0x00000000000102ea       0x16 ./Src/syscalls.o
 .debug_macro   0x0000000000010300       0x16 ./Src/syscalls.o
 .debug_macro   0x0000000000010316       0x29 ./Src/syscalls.o
 .debug_macro   0x000000000001033f       0x10 ./Src/syscalls.o
 .debug_macro   0x000000000001034f      0x241 ./Src/syscalls.o
 .debug_macro   0x0000000000010590       0x1c ./Src/syscalls.o
 .debug_macro   0x00000000000105ac       0x10 ./Src/syscalls.o
 .debug_macro   0x00000000000105bc       0x10 ./Src/syscalls.o
 .debug_macro   0x00000000000105cc      0x189 ./Src/syscalls.o
 .debug_macro   0x0000000000010755       0x16 ./Src/syscalls.o
 .debug_macro   0x000000000001076b       0xce ./Src/syscalls.o
 .debug_macro   0x0000000000010839       0xff ./Src/sysmem.o
 .debug_macro   0x0000000000010938      0x23b ./Src/sysmem.o
 .debug_macro   0x0000000000010b73      0x1f8 ./ThirdParty/FreeRTOS/list.o
 .debug_macro   0x0000000000010d6b      0x28f ./ThirdParty/FreeRTOS/queue.o
 .debug_macro   0x0000000000010ffa       0x16 ./ThirdParty/FreeRTOS/queue.o
 .debug_macro   0x0000000000011010       0x20 ./ThirdParty/FreeRTOS/queue.o
 .debug_macro   0x0000000000011030       0x80 ./ThirdParty/FreeRTOS/queue.o
 .debug_macro   0x00000000000110b0      0x2e5 ./ThirdParty/FreeRTOS/tasks.o
 .debug_macro   0x0000000000011395       0x17 ./ThirdParty/FreeRTOS/tasks.o
 .debug_macro   0x00000000000113ac      0x247 ./ThirdParty/FreeRTOS/timers.o
 .debug_macro   0x00000000000115f3       0x97 ./ThirdParty/FreeRTOS/timers.o
 .debug_macro   0x000000000001168a      0x207 ./ThirdParty/FreeRTOS/portable/GCC/ARM_CM4F/port.o
 .debug_macro   0x0000000000011891      0x279 ./ThirdParty/FreeRTOS/portable/MemMang/heap_4.o
 .debug_macro   0x0000000000011b0a      0x13b ./ThirdParty/SEGGER/Config/SEGGER_SYSVIEW_Config_FreeRTOS.o
 .debug_macro   0x0000000000011c45      0x207 ./ThirdParty/SEGGER/OS/SEGGER_SYSVIEW_FreeRTOS.o
 .debug_macro   0x0000000000011e4c      0x32b ./ThirdParty/SEGGER/Rec/segger_uart.o
 .debug_macro   0x0000000000012177       0x3a ./ThirdParty/SEGGER/Rec/segger_uart.o
 .debug_macro   0x00000000000121b1      0x138 ./ThirdParty/SEGGER/Rec/segger_uart.o
 .debug_macro   0x00000000000122e9      0x1bd ./ThirdParty/SEGGER/SEGGER/SEGGER_RTT.o
 .debug_macro   0x00000000000124a6       0x34 ./ThirdParty/SEGGER/SEGGER/SEGGER_RTT.o
 .debug_macro   0x00000000000124da      0x212 ./ThirdParty/SEGGER/SEGGER/SEGGER_SYSVIEW.o
 .debug_macro   0x00000000000126ec      0x204 ./ThirdParty/SEGGER/SEGGER/SEGGER_SYSVIEW.o
 .debug_macro   0x00000000000128f0      0x16e ./ThirdParty/SEGGER/SEGGER/SEGGER_SYSVIEW.o
 .debug_macro   0x0000000000012a5e      0x143 ./ThirdParty/SEGGER/SEGGER/Syscalls/SEGGER_RTT_Syscalls_GCC.o
 .debug_macro   0x0000000000012ba1       0x10 ./ThirdParty/SEGGER/SEGGER/Syscalls/SEGGER_RTT_Syscalls_GCC.o
 .debug_macro   0x0000000000012bb1       0xd7 /home/miller/Documentos/GitHub/MillerQuintero_Tareas_Proyectos_Taller_5/PeripheralDrivers/Debug/libPeripheralDrivers.a(PLLDriver.o)

.debug_line     0x0000000000000000     0xd119
 .debug_line    0x0000000000000000      0xafa ./Src/main.o
 .debug_line    0x0000000000000afa      0x7f7 ./Src/syscalls.o
 .debug_line    0x00000000000012f1      0x4b8 ./Src/sysmem.o
 .debug_line    0x00000000000017a9       0x84 ./Startup/startup_stm32f411retx.o
 .debug_line    0x000000000000182d      0x8fb ./ThirdParty/FreeRTOS/list.o
 .debug_line    0x0000000000002128     0x1815 ./ThirdParty/FreeRTOS/queue.o
 .debug_line    0x000000000000393d     0x1ed3 ./ThirdParty/FreeRTOS/tasks.o
 .debug_line    0x0000000000005810      0xe1d ./ThirdParty/FreeRTOS/timers.o
 .debug_line    0x000000000000662d      0xa83 ./ThirdParty/FreeRTOS/portable/GCC/ARM_CM4F/port.o
 .debug_line    0x00000000000070b0      0xb7f ./ThirdParty/FreeRTOS/portable/MemMang/heap_4.o
 .debug_line    0x0000000000007c2f      0x6df ./ThirdParty/SEGGER/Config/SEGGER_SYSVIEW_Config_FreeRTOS.o
 .debug_line    0x000000000000830e      0x9e3 ./ThirdParty/SEGGER/OS/SEGGER_SYSVIEW_FreeRTOS.o
 .debug_line    0x0000000000008cf1      0x9d2 ./ThirdParty/SEGGER/Rec/segger_uart.o
 .debug_line    0x00000000000096c3      0xe7d ./ThirdParty/SEGGER/SEGGER/SEGGER_RTT.o
 .debug_line    0x000000000000a540       0xa0 ./ThirdParty/SEGGER/SEGGER/SEGGER_RTT_ASM_ARMv7M.o
 .debug_line    0x000000000000a5e0     0x1f64 ./ThirdParty/SEGGER/SEGGER/SEGGER_SYSVIEW.o
 .debug_line    0x000000000000c544      0x5cd ./ThirdParty/SEGGER/SEGGER/Syscalls/SEGGER_RTT_Syscalls_GCC.o
 .debug_line    0x000000000000cb11      0x608 /home/miller/Documentos/GitHub/MillerQuintero_Tareas_Proyectos_Taller_5/PeripheralDrivers/Debug/libPeripheralDrivers.a(PLLDriver.o)

.debug_str      0x0000000000000000    0x65a47
 .debug_str     0x0000000000000000    0x5cca7 ./Src/main.o
                                      0x5cf09 (size before relaxing)
 .debug_str     0x000000000005cca7     0x166d ./Src/syscalls.o